11-06 18:00:32.837 16065 25634 W aoha    : 	at grgu.f(:com.google.android.gms@254232035@25.42.32 (260400-820822052):1)
11-06 18:00:32.837 16065 25634 W aoha    : 	at grgu.m(:com.google.android.gms@254232035@25.42.32 (260400-820822052):99)
11-06 18:00:32.837 16065 25634 W aoha    : 	at grgu.r(:com.google.android.gms@254232035@25.42.32 (260400-820822052):17)
11-06 18:00:32.837 16065 25634 W aoha    : 	at grhh.run(:com.google.android.gms@254232035@25.42.32 (260400-820822052):77)
11-06 18:00:32.837 16065 25634 W aoha    : 	at grit.execute(:com.google.android.gms@254232035@25.42.32 (260400-820822052):1)
11-06 18:00:32.837 16065 25634 W aoha    : 	at grgu.f(:com.google.android.gms@254232035@25.42.32 (260400-820822052):1)
11-06 18:00:32.837 16065 25634 W aoha    : 	at grgu.m(:com.google.android.gms@254232035@25.42.32 (260400-820822052):99)
11-06 18:00:32.837 16065 25634 W aoha    : 	at grgu.t(:com.google.android.gms@254232035@25.42.32 (260400-820822052):26)
11-06 18:00:32.837 16065 25634 W aoha    : 	at grjq.run(:com.google.android.gms@254232035@25.42.32 (260400-820822052):5)
11-06 18:00:32.837 16065 25634 W aoha    : 	at grit.execute(:com.google.android.gms@254232035@25.42.32 (260400-820822052):1)
11-06 18:00:32.837 16065 25634 W aoha    : 	at grgu.f(:com.google.android.gms@254232035@25.42.32 (260400-820822052):1)
11-06 18:00:32.837 16065 25634 W aoha    : 	at grgu.m(:com.google.android.gms@254232035@25.42.32 (260400-820822052):99)
11-06 18:00:32.837 16065 25634 W aoha    : 	at grgu.t(:com.google.android.gms@254232035@25.42.32 (260400-820822052):26)
11-06 18:00:32.837 16065 25634 W aoha    : 	at grhf.e(:com.google.android.gms@254232035@25.42.32 (260400-820822052):3)
11-06 18:00:32.837 16065 25634 W aoha    : 	at grhh.run(:com.google.android.gms@254232035@25.42.32 (260400-820822052):44)
11-06 18:00:32.837 16065 25634 W aoha    : 	at grkw.run(:com.google.android.gms@254232035@25.42.32 (260400-820822052):64)
11-06 18:00:32.837 16065 25634 W aoha    : 	... 6 more
11-06 18:00:32.837 16065 25634 W aoha    : Caused by: focn: Requested group not found.
11-06 18:00:32.837 16065 25634 W aoha    : 	at focl.a(:com.google.android.gms@254232035@25.42.32 (260400-820822052):30)
11-06 18:00:32.837 16065 25634 W aoha    : 	at fohp.a(:com.google.android.gms@254232035@25.42.32 (260400-820822052):19)
11-06 18:00:32.837 16065 25634 W aoha    : 	at giyi.a(:com.google.android.gms@254232035@25.42.32 (260400-820822052):13)
11-06 18:00:32.837 16065 25634 W aoha    : 	at grhf.d(:com.google.android.gms@254232035@25.42.32 (260400-820822052):3)
11-06 18:00:32.837 16065 25634 W aoha    : 	at grhh.run(:com.google.android.gms@254232035@25.42.32 (260400-820822052):38)
11-06 18:00:32.837 16065 25634 W aoha    : 	... 7 more
11-06 18:00:32.850 27909 26732 I SyncManager: (REDACTED) Executing sync(type=%s%s)
11-06 18:00:32.855 16065 26724 W LogErrorOperation: onLogError callback failed.
11-06 18:00:32.858 27909 26732 I SyncManager: (REDACTED) Executing sync(type=%s) finished in %s
11-06 18:00:32.860 16065 27451 I PasswordSaveInfoFactory: Form has a username and is not a password only form. [CONTEXT service_id=177 ]
11-06 18:00:32.860 16065 27451 I PasswordSaveInfoFactory: Form is not a password only form. [CONTEXT service_id=177 ]
11-06 18:00:32.861 16065 27451 I UsernameSaveInfoFactory: Form has a password and is not a username only form. [CONTEXT service_id=177 ]
11-06 18:00:32.862 27909 26732 I SyncManager: (REDACTED) Executing sync(type=%s%s)
11-06 18:00:32.865 27909 26732 I SyncManager: (REDACTED) Executing sync(type=%s) finished in %s
11-06 18:00:32.866 27909 26732 I SyncManager: (REDACTED) Executing sync(type=%s%s)
11-06 18:00:32.869 27909 26732 I SyncManager: (REDACTED) Executing sync(type=%s) finished in %s
11-06 18:00:32.870 27909 26732 I SyncManager: (REDACTED) Executing sync(type=%s%s)
11-06 18:00:32.872 27909 26732 I SyncManager: (REDACTED) Executing sync(type=%s) finished in %s
11-06 18:00:32.883 27909 26732 I SyncManager: (REDACTED) Executing sync(type=%s%s)
11-06 18:00:32.885 27909 26732 I SyncManager: (REDACTED) Executing sync(type=%s) finished in %s
11-06 18:00:32.892 27454 27454 D nativeloader: Load libframework-connectivity-tiramisu-jni.so using APEX ns com_android_tethering for caller /apex/com.android.tethering/javalib/framework-connectivity-t.jar: ok
11-06 18:00:32.903 16065 26693 W LogErrorOperation: onLogError callback failed.
11-06 18:00:32.905 16065 26693 W LogErrorOperation: onLogError callback failed.
11-06 18:00:32.907 27454 27454 E .android.gms.ui: BBinder_init Processname  <pre-initialized>  
11-06 18:00:32.907 27454 27454 E .android.gms.ui: BBinder_init hasGetProcessName  <pre-initialized>
11-06 18:00:32.916 16065 26693 W LogErrorOperation: onLogError callback failed.
11-06 18:00:32.923 27454 27454 D ApplicationLoaders: Returning zygote-cached class loader: /system/framework/org.apache.http.legacy.jar
11-06 18:00:32.927 27454 27454 D nativeloader: Configuring clns-7 for other apk /system/framework/com.android.media.remotedisplay.jar. target_sdk_version=36, uses_libraries=ALL, library_path=/data/app/~~XOMKV9KsCmARXPQ-AwM1VQ==/com.google.android.gms-YwHSVqQSNa3ByZujF-Mqag==/lib/arm64:/data/app/~~XOMKV9KsCmARXPQ-AwM1VQ==/com.google.android.gms-YwHSVqQSNa3ByZujF-Mqag==/base.apk!/lib/arm64-v8a, permitted_path=/data:/mnt/expand:/data/user/0/com.google.android.gms
11-06 18:00:32.927 27454 27454 D nativeloader: Extending system_exposed_libraries: libapuwareapusys.mtk.so:libapuwareapusys_v2.mtk.so:libapuwarexrp.mtk.so:libapuwarexrp_v2.mtk.so:libapuwareutils.mtk.so:libapuwareutils_v2.mtk.so:libapuwarehmp.mtk.so:libneuron_graph_delegate.mtk.so:libneuronusdk_adapter.mtk.so:libtflite_mtk.mtk.so:libarmnn_ndk.mtk.so:libcmdl_ndk.mtk.so:libnir_neon_driver_ndk.mtk.so:libmvpu_runtime.mtk.so:libmvpu_runtime_pub.mtk.so:libmvpu_engine_pub.mtk.so:libmvpu_pattern_pub.mtk.so:libmvpuop_mtk_cv.mtk.so:libmvpuop_mtk_nn.mtk.so:libmvpu_runtime_25.mtk.so:libmvpu_runtime_25_pub.mtk.so:libmvpu_engine_25_pub.mtk.so:libmvpu_pattern_25_pub.mtk.so:libmvpuop25_mtk_cv.mtk.so:libmvpuop25_mtk_nn.mtk.so:libmvpu_config.mtk.so:libteeservice_client.trustonic.so:librealm-jni.vivo.so
11-06 18:00:32.929 27454 27454 D nativeloader: Configuring clns-8 for other apk /system/framework/com.android.location.provider.jar. target_sdk_version=36, uses_libraries=ALL, library_path=/data/app/~~XOMKV9KsCmARXPQ-AwM1VQ==/com.google.android.gms-YwHSVqQSNa3ByZujF-Mqag==/lib/arm64:/data/app/~~XOMKV9KsCmARXPQ-AwM1VQ==/com.google.android.gms-YwHSVqQSNa3ByZujF-Mqag==/base.apk!/lib/arm64-v8a, permitted_path=/data:/mnt/expand:/data/user/0/com.google.android.gms
11-06 18:00:32.929 27454 27454 D nativeloader: Extending system_exposed_libraries: libapuwareapusys.mtk.so:libapuwareapusys_v2.mtk.so:libapuwarexrp.mtk.so:libapuwarexrp_v2.mtk.so:libapuwareutils.mtk.so:libapuwareutils_v2.mtk.so:libapuwarehmp.mtk.so:libneuron_graph_delegate.mtk.so:libneuronusdk_adapter.mtk.so:libtflite_mtk.mtk.so:libarmnn_ndk.mtk.so:libcmdl_ndk.mtk.so:libnir_neon_driver_ndk.mtk.so:libmvpu_runtime.mtk.so:libmvpu_runtime_pub.mtk.so:libmvpu_engine_pub.mtk.so:libmvpu_pattern_pub.mtk.so:libmvpuop_mtk_cv.mtk.so:libmvpuop_mtk_nn.mtk.so:libmvpu_runtime_25.mtk.so:libmvpu_runtime_25_pub.mtk.so:libmvpu_engine_25_pub.mtk.so:libmvpu_pattern_25_pub.mtk.so:libmvpuop25_mtk_cv.mtk.so:libmvpuop25_mtk_nn.mtk.so:libmvpu_config.mtk.so:libteeservice_client.trustonic.so:librealm-jni.vivo.so
11-06 18:00:32.930 27454 27454 D ApplicationLoaders: Returning zygote-cached class loader: /system_ext/framework/androidx.window.extensions.jar
11-06 18:00:32.930 27454 27454 D ApplicationLoaders: Returning zygote-cached class loader: /system_ext/framework/androidx.window.sidecar.jar
11-06 18:00:32.937 16065 26693 W LogErrorOperation: onLogError callback failed.
11-06 18:00:32.936  2011  2011 D AutofillSession: Service did not request to wait for delayed fill response.
11-06 18:00:32.943 16065 26693 W LogErrorOperation: onLogError callback failed.
11-06 18:00:32.954  9744  9744 W TooltipLifecycleManager: TooltipLifecycleManager.dismissTooltips():153 Tooltip with id SUGGESTION_VIEW_EDU_MINI_DIALOG not found in tooltipManager.
11-06 18:00:32.965 27454 27454 D nativeloader: Configuring clns-9 for other apk /data/app/~~XOMKV9KsCmARXPQ-AwM1VQ==/com.google.android.gms-YwHSVqQSNa3ByZujF-Mqag==/base.apk. target_sdk_version=36, uses_libraries=, library_path=/data/app/~~XOMKV9KsCmARXPQ-AwM1VQ==/com.google.android.gms-YwHSVqQSNa3ByZujF-Mqag==/lib/arm64:/data/app/~~XOMKV9KsCmARXPQ-AwM1VQ==/com.google.android.gms-YwHSVqQSNa3ByZujF-Mqag==/base.apk!/lib/arm64-v8a, permitted_path=/data:/mnt/expand:/data/user/0/com.google.android.gms
11-06 18:00:33.010 27454 27454 V GraphicsEnvironment: Currently set values for:
11-06 18:00:33.011 27454 27454 V GraphicsEnvironment:   angle_gl_driver_selection_pkgs=[com.android.angle, com.linecorp.b612.android, com.campmobile.snow, com.google.android.apps.tachyon]
11-06 18:00:33.011 27454 27454 V GraphicsEnvironment:   angle_gl_driver_selection_values=[angle, native, native, native]
11-06 18:00:33.011 27454 27454 V GraphicsEnvironment: com.google.android.gms is not listed in per-application setting
11-06 18:00:33.051 27454 27454 I GmsApplication: Using GservicesReaderQueryDelegate
11-06 18:00:33.056 27454 27454 W SQLiteCompatibilityWalFlags: Cannot read global setting sqlite_compatibility_wal_flags - Application state not available
11-06 18:00:33.061  9744  9744 W TooltipLifecycleManager: TooltipLifecycleManager.dismissTooltips():153 Tooltip with id SUGGESTION_VIEW_EDU_MINI_DIALOG not found in tooltipManager.
11-06 18:00:33.084  3192 27361 I com.whatsapp: Explicit concurrent copying GC freed 1799KB AllocSpace bytes, 3(124KB) LOS objects, 49% free, 17MB/34MB, paused 205us,119us total 263.174ms
11-06 18:00:33.096  9744  9744 I KeyboardModeUtils: KeyboardModeUtils.getKeyboardBottomOffset():435 inch: 0.000000 ydpi: 387.429993 adjustKeyboardBottomByDisplaySize: false currentDensityDpi: 440 defaultDensityDpi: 440 keyboardBottomToScreenPx: 0 keyboardBottomToNavBarPx: -116 navBarHeight: 116
11-06 18:00:33.097  9744  9744 I KeyboardHeightUtil: KeyboardHeightUtil.calculateMaxKeyboardBodyHeight():50 leave 267 height for app when ime window height:2171, header height:121 and isFullscreenMode:false, so the max keyboard body height is:1783
11-06 18:00:33.097  9744  9744 I KeyboardHeightUtil: KeyboardHeightUtil.calculateMaxKeyboardBodyHeight():50 leave 267 height for app when ime window height:2171, header height:121 and isFullscreenMode:false, so the max keyboard body height is:1783
11-06 18:00:33.097  9744  9744 I AndroidIME: KeyboardViewManager.updateKeyboardBodyViewHolderPaddingBottom():472 Set finalPaddingBottom = 5 while holderPaddingBottom = 5; navigationHeight = 116
11-06 18:00:33.111 27454 27454 W ProviderHelper: Unknown dynamite feature providerinstaller.dynamite
11-06 18:00:33.111 27454 27454 I DynamiteModule: Considering local module com.google.android.gms.providerinstaller.dynamite:1 and remote module com.google.android.gms.providerinstaller.dynamite:0
11-06 18:00:33.111 27454 27454 I DynamiteModule: Selected local version of com.google.android.gms.providerinstaller.dynamite
11-06 18:00:33.119 27454 27454 D nativeloader: Load /data/app/~~XOMKV9KsCmARXPQ-AwM1VQ==/com.google.android.gms-YwHSVqQSNa3ByZujF-Mqag==/base.apk!/lib/arm64-v8a/libconscrypt_gmscore_jni.so using class loader ns clns-9 (caller=/data/app/~~XOMKV9KsCmARXPQ-AwM1VQ==/com.google.android.gms-YwHSVqQSNa3ByZujF-Mqag==/base.apk): ok
11-06 18:00:33.119 27454 27454 V NativeCrypto: Registering com/google/android/gms/org/conscrypt/NativeCrypto's 328 native methods...
11-06 18:00:33.126 27454 27454 I ProviderInstaller: Installed default security provider GmsCore_OpenSSL
11-06 18:00:33.133 27454 27483 I GMS_MM_Logger: (REDACTED) Start time: %s
11-06 18:00:33.133 27454 27483 I GMS_MM_Logger: Started.
11-06 18:00:33.163 27454 27489 I GmsCoreXrpcWrapper: (REDACTED) Returning a channel provider with trafficStatsTag=%d trafficStatsUid=%d
11-06 18:00:33.262 27454 27476 W TracingHelper: No RequestContext found in the trace or trace not available. [CONTEXT service_id=259 ratelimit_count=100000 ]
11-06 18:00:33.284 27909 30643 I SyncManager: (REDACTED) Executing sync(type=%s%s)
11-06 18:00:33.291 27909 30643 I SyncManager: (REDACTED) Executing sync(type=%s) finished in %s
11-06 18:00:33.355  9744  9744 W TooltipLifecycleManager: TooltipLifecycleManager.dismissTooltips():153 Tooltip with id SUGGESTION_VIEW_EDU_MINI_DIALOG not found in tooltipManager.
11-06 18:00:33.381  9744  9744 I KeyboardModeUtils: KeyboardModeUtils.getKeyboardBottomOffset():435 inch: 0.000000 ydpi: 387.429993 adjustKeyboardBottomByDisplaySize: false currentDensityDpi: 440 defaultDensityDpi: 440 keyboardBottomToScreenPx: 0 keyboardBottomToNavBarPx: -116 navBarHeight: 116
11-06 18:00:33.382  9744  9744 I KeyboardHeightUtil: KeyboardHeightUtil.calculateMaxKeyboardBodyHeight():50 leave 267 height for app when ime window height:2171, header height:121 and isFullscreenMode:false, so the max keyboard body height is:1783
11-06 18:00:33.382  9744  9744 I KeyboardHeightUtil: KeyboardHeightUtil.calculateMaxKeyboardBodyHeight():50 leave 267 height for app when ime window height:2171, header height:121 and isFullscreenMode:false, so the max keyboard body height is:1783
11-06 18:00:33.382  9744  9744 I AndroidIME: KeyboardViewManager.updateKeyboardBodyViewHolderPaddingBottom():472 Set finalPaddingBottom = 5 while holderPaddingBottom = 5; navigationHeight = 116
11-06 18:00:33.532  9744  9744 W TooltipLifecycleManager: TooltipLifecycleManager.dismissTooltips():153 Tooltip with id SUGGESTION_VIEW_EDU_MINI_DIALOG not found in tooltipManager.
11-06 18:00:33.564  9744  9744 I KeyboardModeUtils: KeyboardModeUtils.getKeyboardBottomOffset():435 inch: 0.000000 ydpi: 387.429993 adjustKeyboardBottomByDisplaySize: false currentDensityDpi: 440 defaultDensityDpi: 440 keyboardBottomToScreenPx: 0 keyboardBottomToNavBarPx: -116 navBarHeight: 116
11-06 18:00:33.565  9744  9744 I KeyboardHeightUtil: KeyboardHeightUtil.calculateMaxKeyboardBodyHeight():50 leave 267 height for app when ime window height:2171, header height:121 and isFullscreenMode:false, so the max keyboard body height is:1783
11-06 18:00:33.565  9744  9744 I KeyboardHeightUtil: KeyboardHeightUtil.calculateMaxKeyboardBodyHeight():50 leave 267 height for app when ime window height:2171, header height:121 and isFullscreenMode:false, so the max keyboard body height is:1783
11-06 18:00:33.565  9744  9744 I AndroidIME: KeyboardViewManager.updateKeyboardBodyViewHolderPaddingBottom():472 Set finalPaddingBottom = 5 while holderPaddingBottom = 5; navigationHeight = 116
11-06 18:00:33.824  9744  9744 W TooltipLifecycleManager: TooltipLifecycleManager.dismissTooltips():153 Tooltip with id SUGGESTION_VIEW_EDU_MINI_DIALOG not found in tooltipManager.
11-06 18:00:33.863 16065 16065 D BoundBrokerSvc: onRebind: Intent { act=com.google.android.gms.libs.gmscorelogger.service.START dat=chimera-action:/... cmp=com.google.android.gms/.chimera.PersistentDirectBootAwareApiService }
11-06 18:00:33.864  9744  9744 I KeyboardModeUtils: KeyboardModeUtils.getKeyboardBottomOffset():435 inch: 0.000000 ydpi: 387.429993 adjustKeyboardBottomByDisplaySize: false currentDensityDpi: 440 defaultDensityDpi: 440 keyboardBottomToScreenPx: 0 keyboardBottomToNavBarPx: -116 navBarHeight: 116
11-06 18:00:33.865  9744  9744 I KeyboardHeightUtil: KeyboardHeightUtil.calculateMaxKeyboardBodyHeight():50 leave 267 height for app when ime window height:2171, header height:121 and isFullscreenMode:false, so the max keyboard body height is:1783
11-06 18:00:33.865  9744  9744 I KeyboardHeightUtil: KeyboardHeightUtil.calculateMaxKeyboardBodyHeight():50 leave 267 height for app when ime window height:2171, header height:121 and isFullscreenMode:false, so the max keyboard body height is:1783
11-06 18:00:33.865  9744  9744 I AndroidIME: KeyboardViewManager.updateKeyboardBodyViewHolderPaddingBottom():472 Set finalPaddingBottom = 5 while holderPaddingBottom = 5; navigationHeight = 116
11-06 18:00:34.123  9744  9744 W TooltipLifecycleManager: TooltipLifecycleManager.dismissTooltips():153 Tooltip with id SUGGESTION_VIEW_EDU_MINI_DIALOG not found in tooltipManager.
11-06 18:00:34.149  9744  9744 I KeyboardModeUtils: KeyboardModeUtils.getKeyboardBottomOffset():435 inch: 0.000000 ydpi: 387.429993 adjustKeyboardBottomByDisplaySize: false currentDensityDpi: 440 defaultDensityDpi: 440 keyboardBottomToScreenPx: 0 keyboardBottomToNavBarPx: -116 navBarHeight: 116
11-06 18:00:34.150  9744  9744 I KeyboardHeightUtil: KeyboardHeightUtil.calculateMaxKeyboardBodyHeight():50 leave 267 height for app when ime window height:2171, header height:121 and isFullscreenMode:false, so the max keyboard body height is:1783
11-06 18:00:34.150  9744  9744 I KeyboardHeightUtil: KeyboardHeightUtil.calculateMaxKeyboardBodyHeight():50 leave 267 height for app when ime window height:2171, header height:121 and isFullscreenMode:false, so the max keyboard body height is:1783
11-06 18:00:34.150  9744  9744 I AndroidIME: KeyboardViewManager.updateKeyboardBodyViewHolderPaddingBottom():472 Set finalPaddingBottom = 5 while holderPaddingBottom = 5; navigationHeight = 116
11-06 18:00:34.503 16065 16630 I cn_CronetUrlRequestContext: destroyNativeStreamLocked org.chromium.net.impl.CronetBidirectionalStream@c41897a
11-06 18:00:34.504 27909 29882 I cn_CronetUrlRequestContext: destroyNativeStreamLocked org.chromium.net.impl.CronetBidirectionalStream@1df463c
11-06 18:00:34.546 23735 23735 I ImeTracker: com.a1taxi.boltexponativewind:a401bc61: onRequestShow at ORIGIN_CLIENT reason SHOW_SOFT_INPUT fromUser true
11-06 18:00:34.548  9744  9744 I GoogleInputMethodService: GoogleInputMethodService.onFinishInputView():1572 onFinishInputView(true)
11-06 18:00:34.549  9744  9744 I GlobeKeyExtension: GlobeKeyExtension.onDeactivate():144 
11-06 18:00:34.549  9744  9744 W TooltipLifecycleManager: TooltipLifecycleManager.dismissTooltips():153 Tooltip with id SUGGESTION_VIEW_EDU_MINI_DIALOG not found in tooltipManager.
11-06 18:00:34.549  9744  9744 I VoiceInputManagerWrapper: VoiceInputManagerWrapper.shutdown():131 shutdown()
11-06 18:00:34.550  9744  9744 W TooltipLifecycleManager: TooltipLifecycleManager.dismissTooltips():153 Tooltip with id spell_check_add_to_dictionary not found in tooltipManager.
11-06 18:00:34.551  9744  9744 I InputBundle: InputBundle.consumeEvent():1033 Skip consuming an event as keyboard status is INACTIVE
11-06 18:00:34.552 23735 23735 W RemoteInputConnectionImpl: requestCursorUpdates on inactive InputConnection
11-06 18:00:34.552  9744 16830 W Binder  : Caught a RuntimeException from the binder stub implementation.
11-06 18:00:34.552  9744 16830 W Binder  : java.lang.UnsupportedOperationException
11-06 18:00:34.552  9744 16830 W Binder  : 	at inq.b(PG:3)
11-06 18:00:34.552  9744 16830 W Binder  : 	at inq.gt(PG:34)
11-06 18:00:34.552  9744 16830 W Binder  : 	at dgw.onTransact(PG:21)
11-06 18:00:34.552  9744 16830 W Binder  : 	at android.os.Binder.execTransactInternal(Binder.java:1566)
11-06 18:00:34.552  9744 16830 W Binder  : 	at android.os.Binder.execTransact(Binder.java:1505)
11-06 18:00:34.552  9744  9744 I AndroidIME: AbstractIme.onDeactivate():216 LatinIme.onDeactivate()
11-06 18:00:34.554  9744  9744 I GoogleInputMethodService: GoogleInputMethodService.onFinishInput():2086 
11-06 18:00:34.557  9744  9744 I Module  : DeviceLockedStatusModuleProvider$Module.updateDeviceLockedStatus():103 repeatCheckTimes = 0, locked = false
11-06 18:00:34.557  9744  9744 I GoogleInputMethodService: GoogleInputMethodService.onStartInput():1347 onStartInput(EditorInfo{EditorInfo{packageName=com.a1taxi.boltexponativewind, inputType=4081, inputTypeString=Password[CapSentences], enableLearning=false, autoCorrection=false, autoComplete=true, imeOptions=4000006, privateImeOptions=null, actionName=DONE, actionLabel=null, initialSelStart=0, initialSelEnd=0, initialCapsMode=2000, label=null, fieldId=48, fieldName=null, extras=Bundle[mParcelledData.dataSize=404], hintText=non-empty, hintLocales=[]}}, false)
11-06 18:00:34.558  9744  9744 I HardKeyTracker: HardKeyTracker.unregisterKeySequence():221 Unregister key sequence njr{labelResId=0, callback=gfq@2a88b29, lastModifier=0, keyCodes=[57, 57], actions=[1, 0]}
11-06 18:00:34.558  9744  9744 I HardKeyTracker: HardKeyTracker.unregisterKeySequence():221 Unregister key sequence njr{labelResId=0, callback=gfq@6dfeeae, lastModifier=0, keyCodes=[58, 58], actions=[1, 0]}
11-06 18:00:34.559  9744  9744 I Module  : DeviceLockedStatusModuleProvider$Module.updateDeviceLockedStatus():103 repeatCheckTimes = 1, locked = false
11-06 18:00:34.559  9744  9744 I GoogleInputMethodService: GoogleInputMethodService.onStartInputView():1440 onStartInputView(EditorInfo{EditorInfo{packageName=com.a1taxi.boltexponativewind, inputType=4081, inputTypeString=Password[CapSentences], enableLearning=false, autoCorrection=false, autoComplete=true, imeOptions=4000006, privateImeOptions=null, actionName=DONE, actionLabel=null, initialSelStart=0, initialSelEnd=0, initialCapsMode=2000, label=null, fieldId=48, fieldName=null, extras=Bundle[{android.support.text.emoji.emojiCompat_metadataVersion=11, androidx.core.view.inputmethod.EditorInfoCompat.STYLUS_HANDWRITING_ENABLED=false, android.support.text.emoji.emojiCompat_replaceAll=false}], hintText=non-empty, hintLocales=[]}}, false)
11-06 18:00:34.559  9744  9744 I KeyboardHeightUtil: KeyboardHeightUtil.getOemKeyboardHeightRatio():108 systemKeyboardHeightRatio:1.000000.
11-06 18:00:34.561  9744  9744 I AndroidIME: InputBundleManager.loadActiveInputBundleId():528 loadActiveInputBundleId: und-Latn-x-password, password
11-06 18:00:34.562  9744  9744 I AndroidIME: AbstractIme.onActivate():96 PasswordIme.onActivate() : EditorInfo = EditorInfo{packageName=com.a1taxi.boltexponativewind, inputType=4081, inputTypeString=Password[CapSentences], enableLearning=false, autoCorrection=false, autoComplete=true, imeOptions=4000006, privateImeOptions=null, actionName=DONE, actionLabel=null, initialSelStart=0, initialSelEnd=0, initialCapsMode=2000, label=null, fieldId=48, fieldName=null, extras=Bundle[{android.support.text.emoji.emojiCompat_metadataVersion=11, androidx.core.view.inputmethod.EditorInfoCompat.STYLUS_HANDWRITING_ENABLED=false, android.support.text.emoji.emojiCompat_replaceAll=false}], hintText=non-empty, hintLocales=[]}, IncognitoMode = false, DeviceLocked = false
11-06 18:00:34.562  9744  9744 I KeyboardWrapper: KeyboardWrapper.activateKeyboard():581 activateKeyboard(): type=prime, status=INACTIVE, imeDef=mnu{stringId=password, language=und-Latn-x-password, languageTag=und-Latn-x-password, processedConditions={writing_helper_enable_by_word_revert=false, enable_access_points_in_password_number=true, variant=qwerty, true=true, language=en-US, enable_number_row=true, device=phone, enable_number_row_in_password=true, enable_pk_simulator=false}, className=com.google.android.libraries.inputmethod.ime.password.PasswordIme, label=2132019272, keyEventInterpreter=null, inlineComposing=true, autoCapital=true, announceAutoSelectedCandidate=true, statusIcon=0, indicatorIcon=0, indicatorLabel=null, displayAppCompletions=false, extraValues=mnn{}, processors=mpl@77f78d1, unacceptableMetaKeys=4098, languageSpecificSettings=0, asciiCapable=false, alwaysShowSuggestions=false, useAsciiPasswordKeyboard=false, keyboardGroupDef=mou@abc4f36, phenotypeFlagId=0, localizationLanguageTag=null, supportsInlineSuggestion=false}
11-06 18:00:34.562  9744 16831 W Binder  : Caught a RuntimeException from the binder stub implementation.
11-06 18:00:34.562  9744 16831 W Binder  : java.lang.UnsupportedOperationException
11-06 18:00:34.562  9744 16831 W Binder  : 	at inq.b(PG:3)
11-06 18:00:34.562  9744 16831 W Binder  : 	at inq.gt(PG:34)
11-06 18:00:34.562  9744 16831 W Binder  : 	at dgw.onTransact(PG:21)
11-06 18:00:34.562  9744 16831 W Binder  : 	at android.os.Binder.execTransactInternal(Binder.java:1566)
11-06 18:00:34.562  9744 16831 W Binder  : 	at android.os.Binder.execTransact(Binder.java:1505)
11-06 18:00:34.562  9744  9744 I KeyboardManager: KeyboardManager.requestKeyboard():248 Creating keyboard prime, imeId=password, cacheKey=theme,!gsf,!pgsans,!pgsf,!use_system_font,BORDER,FLAVOR_DPI=XXHDPI,GOOGLE_ICONS,KEYBOARD_WIDTH_CATEGORY=NORMAL,KEY_BORDER_SHAPE=1,LIGHT_THEME=false,PHYSICAL_DIAGONAL=5.748144,POPUP,SCREEN_SHORTEST_WIDTH=393,SCREEN_SHORTEST_WIDTH_NO_SCALE=393,XXHDPI,bottom4dp,enable_emoji_kitchen_browse_color_v2=true,enable_google_fonts_icons=true,enable_popup_on_keypress=true,keyboard_redesign_google_sans=true,non_linear_scale,noshadow,overlay_builtin_dynamic_color_dark_base.binarypb:gm3-dark-ff131313-ffffffff-4d9204e36e3ccb6a165e3e3dbe763ce0,roundedchip,silkpopup
11-06 18:00:34.563  9744  9744 I KeyboardWrapper: KeyboardWrapper.onKeyboardReady():224 onKeyboardReady(): type=prime(prime), kb=com.google.android.apps.inputmethod.latin.keyboard.LatinPasswordKeyboard@47d00d8
11-06 18:00:34.563  9744  9744 I KeyboardWrapper: KeyboardWrapper.doActivateKeyboard():611 doActivateKeyboard(): prime
11-06 18:00:34.565 23735 23735 I ImeTracker: com.a1taxi.boltexponativewind:bbed1cc0: onRequestShow at ORIGIN_CLIENT reason SHOW_SOFT_INPUT fromUser false
11-06 18:00:34.565  9744  9851 I OnDeviceWmrCalculator: OnDeviceWmrCalculator.calculateWmr():94 WMR: 0.0000 (0 / 1)
11-06 18:00:34.570  9744 16831 W Binder  : Caught a RuntimeException from the binder stub implementation.
11-06 18:00:34.570  9744 16831 W Binder  : java.lang.UnsupportedOperationException
11-06 18:00:34.570  9744 16831 W Binder  : 	at inq.b(PG:3)
11-06 18:00:34.570  9744 16831 W Binder  : 	at inq.gt(PG:34)
11-06 18:00:34.570  9744 16831 W Binder  : 	at dgw.onTransact(PG:21)
11-06 18:00:34.570  9744 16831 W Binder  : 	at android.os.Binder.execTransactInternal(Binder.java:1566)
11-06 18:00:34.570  9744 16831 W Binder  : 	at android.os.Binder.execTransact(Binder.java:1505)
11-06 18:00:34.570  9744  9744 I KeyboardViewHelper: KeyboardViewHelper.getView():180 Get view with height ratio:1.000000
11-06 18:00:34.571  9744  9744 I KeyboardHeightUtil: KeyboardHeightUtil.calculateMaxKeyboardBodyHeight():50 leave 267 height for app when ime window height:2171, header height:121 and isFullscreenMode:false, so the max keyboard body height is:1783
11-06 18:00:34.571  9744  9744 W TooltipLifecycleManager: TooltipLifecycleManager.dismissTooltips():153 Tooltip with id undo_access_point_promotion_banner not found in tooltipManager.
11-06 18:00:34.571  9744  9744 I GlobeKeyExtension: GlobeKeyExtension.getKeyboardInitialStates():175 
11-06 18:00:34.572  9744  9744 W Keyboard: Keyboard.getKeyboardViewHelper():602 null helper is returned: keyboardDef=moo{processedConditions={show_comma_key=true, enable_more_candidates_view_for_multilingual=false, layout_9key_split=false, enable_secondary_symbols=false, pref_enable_flick_symbols=false, language=en-US, deprecate_long_press_space_for_ime_picker=false, show_suggestion_strip=true, expressions=normal, android_software_xr_api_spatial=false, enable_access_points_in_password_number=true, enable_correction_settings_updates=true, enable_flick_symbols=true, variant=qwerty, show_period_key=true, enable_number_row=true, device=phone, keyboard_mode=normal, show_secondary_digits=false, enable_preemptive_decode=true, enable_pk_simulator=false}, globalConditions={global_theme_key=theme,!gsf,!pgsans,!pgsf,!use_system_font,BORDER,FLAVOR_DPI=XXHDPI,GOOGLE_ICONS,KEYBOARD_WIDTH_CATEGORY=NORMAL,KEY_BORDER_SHAPE=1,LIGHT_THEME=false,PHYSICAL_DIAGONAL=5.748144,POPUP,SCREEN_SHORTEST_WIDTH=393,SCREEN_SHORTEST_WIDTH_NO_SCALE=393,XXHDPI,bottom4dp,enable_emoji_kitchen_browse_color_v2=true,enable_google_fonts_icons=true,enable_popup_on_keypress=true,keyboard_redesign_google_sans=true,non_linear_scale,noshadow,overlay_builtin_dynamic_color_dark_base.binarypb:gm3-dark-ff131313-ffffffff-4d9204e36e3ccb6a165e3e3dbe763ce0,roundedchip,silkpopup, global_locale=en_US, global_density_dpi=440, global_orientation=1}, className=.latin.keyboard.LatinPasswordKeyboard, resourceIds=[#0x7f1705fc, #0x7f17088e, #0x7f1706bc], initialStates=0, keyboardViewDefs=[mpc{direction=null, id=#0x7f0b0226, isScalable=true, layoutId=#0x7f0e029d, type=BODY, touchable=true, defaultShow=true}, mpc{direction=null, id=#0x7f0b0226, isScalable=false, layoutId=#0x7f0e01f9, type=FLOATING_CANDIDATES, touchable=false, defaultShow=false}, mpc{direction=LOCALE, id=#0x7f0b0226, isScalable=false, layoutId=#0x7f0e0502, type=HEADER, touchable=true, defaultShow=true}], persistentStates=0, persistentStatesPrefKey=null, popupBubbleLayoutId=#0x7f0e05f3, recentKeyLayoutId=0, recentKeyPopupLayoutId=0, recentKeyType=null, rememberRecentKey=NONE, sessionStates=17592186044419}, type=WIDGET, helpersCreated={HEADER=mau@515b67f, BODY=mau@d13964c, FLOATING_CANDIDATES=mau@3ea5695}, context.getResources().getConfiguration(): {1.0 405mcc869mnc [en_US] ldltr sw393dp w393dp h790dp 440dpi nrml long port night finger -keyb/v/h -nav/h winConfig={ mBounds=Rect(0, 0 - 1080, 2392) mAppBounds=Rect(0, 103 - 1080, 2276) mMaxBounds=Rect(0, 0 - 1080, 2392) mDisplayRotation=ROTATION_0 mWindowingMode=fullscreen mActivityType=undefined mAlwaysOnTop=undefined mRotation=ROTATION_0 isEmbedding:false} s.669 fontWeightAdjustment=0 themeId=2 themeParameter=0 nightModeLevel = -1 typefaceChanged=0.0 ?spacesystem eaMode=1}
11-06 18:00:34.572  9744  9744 I KeyboardHeightUtil: KeyboardHeightUtil.calculateMaxKeyboardBodyHeight():50 leave 267 height for app when ime window height:2171, header height:121 and isFullscreenMode:false, so the max keyboard body height is:1783
11-06 18:00:34.573  9744 16831 W Binder  : Caught a RuntimeException from the binder stub implementation.
11-06 18:00:34.573  9744 16831 W Binder  : java.lang.UnsupportedOperationException
11-06 18:00:34.573  9744 16831 W Binder  : 	at inq.b(PG:3)
11-06 18:00:34.573  9744 16831 W Binder  : 	at inq.gt(PG:34)
11-06 18:00:34.573  9744 16831 W Binder  : 	at dgw.onTransact(PG:21)
11-06 18:00:34.573  9744 16831 W Binder  : 	at android.os.Binder.execTransactInternal(Binder.java:1566)
11-06 18:00:34.573  9744 16831 W Binder  : 	at android.os.Binder.execTransact(Binder.java:1505)
11-06 18:00:34.574  9744 16831 W Binder  : Caught a RuntimeException from the binder stub implementation.
11-06 18:00:34.574  9744 16831 W Binder  : java.lang.UnsupportedOperationException
11-06 18:00:34.574  9744 16831 W Binder  : 	at inq.b(PG:3)
11-06 18:00:34.574  9744 16831 W Binder  : 	at inq.gt(PG:34)
11-06 18:00:34.574  9744 16831 W Binder  : 	at dgw.onTransact(PG:21)
11-06 18:00:34.574  9744 16831 W Binder  : 	at android.os.Binder.execTransactInternal(Binder.java:1566)
11-06 18:00:34.574  9744 16831 W Binder  : 	at android.os.Binder.execTransact(Binder.java:1505)
11-06 18:00:34.575  9744 16831 W Binder  : Caught a RuntimeException from the binder stub implementation.
11-06 18:00:34.575  9744 16831 W Binder  : java.lang.UnsupportedOperationException
11-06 18:00:34.575  9744 16831 W Binder  : 	at inq.b(PG:3)
11-06 18:00:34.575  9744 16831 W Binder  : 	at inq.gt(PG:34)
11-06 18:00:34.575  9744 16831 W Binder  : 	at dgw.onTransact(PG:21)
11-06 18:00:34.575  9744 16831 W Binder  : 	at android.os.Binder.execTransactInternal(Binder.java:1566)
11-06 18:00:34.575  9744 16831 W Binder  : 	at android.os.Binder.execTransact(Binder.java:1505)
11-06 18:00:34.576  9744  9744 I AndroidIME: InputBundleManager.startInput():358 startInput() with moy[keyboardType=prime, payload=null]
11-06 18:00:34.576  9744  9744 I GlobeKeyExtension: GlobeKeyExtension.onActivate():120 
11-06 18:00:34.576  9744  9788 W Binder  : Caught a RuntimeException from the binder stub implementation.
11-06 18:00:34.576  9744  9788 W Binder  : java.lang.UnsupportedOperationException
11-06 18:00:34.576  9744  9788 W Binder  : 	at inq.b(PG:3)
11-06 18:00:34.576  9744  9788 W Binder  : 	at inq.gt(PG:34)
11-06 18:00:34.576  9744  9788 W Binder  : 	at dgw.onTransact(PG:21)
11-06 18:00:34.576  9744  9788 W Binder  : 	at android.os.Binder.execTransactInternal(Binder.java:1566)
11-06 18:00:34.576  9744  9788 W Binder  : 	at android.os.Binder.execTransact(Binder.java:1505)
11-06 18:00:34.577  9744  9788 W Binder  : Caught a RuntimeException from the binder stub implementation.
11-06 18:00:34.577  9744  9788 W Binder  : java.lang.UnsupportedOperationException
11-06 18:00:34.577  9744  9788 W Binder  : 	at inq.b(PG:3)
11-06 18:00:34.577  9744  9788 W Binder  : 	at inq.gt(PG:34)
11-06 18:00:34.577  9744  9788 W Binder  : 	at dgw.onTransact(PG:21)
11-06 18:00:34.577  9744  9788 W Binder  : 	at android.os.Binder.execTransactInternal(Binder.java:1566)
11-06 18:00:34.577  9744  9788 W Binder  : 	at android.os.Binder.execTransact(Binder.java:1505)
11-06 18:00:34.577  9744  9744 I LanguagePromoExtension: LanguagePromoExtension.checkDisplayPreconditions():174 Not show language promo: exceeds the max display times.
11-06 18:00:34.578  9744  9744 I NewLanguagePromptExtension: NewLanguagePromptExtension.onActivate():189 Not activated NewLanguagePromptExtension: not a normal text input box.
11-06 18:00:34.578  9744  9744 I HardKeyTracker: HardKeyTracker.unregisterKeySequence():221 Unregister key sequence njr{labelResId=2132020517, callback=cif@d9f8f48, lastModifier=2, keyCodes=[56], actions=[0]}
11-06 18:00:34.578  9744  9744 I HardKeyTracker: HardKeyTracker.unregisterKeySequence():221 Unregister key sequence njr{labelResId=2132020517, callback=cif@44821e1, lastModifier=0, keyCodes=[317], actions=[0]}
11-06 18:00:34.578  9744  9744 I HardKeyTracker: HardKeyTracker.registerKeySequence():170 Register key sequence njr{labelResId=2132020517, callback=cif@e7e870e, lastModifier=2, keyCodes=[56], actions=[0]}
11-06 18:00:34.578  9744  9744 I HardKeyTracker: HardKeyTracker.registerKeySequence():170 Register key sequence njr{labelResId=2132020517, callback=cif@bd9f52f, lastModifier=0, keyCodes=[317], actions=[0]}
11-06 18:00:34.578  9744  9788 W Binder  : Caught a RuntimeException from the binder stub implementation.
11-06 18:00:34.578  9744  9788 W Binder  : java.lang.UnsupportedOperationException
11-06 18:00:34.578  9744  9788 W Binder  : 	at inq.b(PG:3)
11-06 18:00:34.578  9744  9788 W Binder  : 	at inq.gt(PG:34)
11-06 18:00:34.578  9744  9788 W Binder  : 	at dgw.onTransact(PG:21)
11-06 18:00:34.578  9744  9788 W Binder  : 	at android.os.Binder.execTransactInternal(Binder.java:1566)
11-06 18:00:34.578  9744  9788 W Binder  : 	at android.os.Binder.execTransact(Binder.java:1505)
11-06 18:00:34.579  9744  9744 I VoiceInputManagerWrapper: VoiceInputManagerWrapper.cancelShutdown():109 cancelShutdown()
11-06 18:00:34.579  9744  9744 I VoiceInputManagerWrapper: VoiceInputManagerWrapper.syncLanguagePacks():121 syncLanguagePacks()
11-06 18:00:34.579  9744 25841 I SpeechFactory: SpeechRecognitionFactory.maybeScheduleAutoPackDownloadForFallback():217 maybeScheduleAutoPackDownloadForFallback()
11-06 18:00:34.579  9744  9744 I VoiceInputManager: VoiceInputManager.onKeyboardActivated():1206 onKeyboardActivated() [UD]
11-06 18:00:34.579  9744 25841 I FallbackOnDeviceRecognitionProvider: FallbackOnDeviceRecognitionProvider.maybeScheduleAutoPackDownload():205 maybeScheduleAutoPackDownload() for language tag en-US
11-06 18:00:34.579  9744  9744 I PkModeUpdater: PkModeUpdater.onActivate():74 onActivate false true
11-06 18:00:34.579  9744  9744 I AccessoryInputModeManager: AccessoryInputModeManager.onModeStarted():318 Accessory input mode started: null
11-06 18:00:34.579  9744  9744 W SupplementaryKeyboardsWrapper: SupplementaryKeyboardsWrapper.deactivateKeyboard():161 keyboard accessory_candidates_consumer is not activated before!
11-06 18:00:34.580  9744 16831 W Binder  : Caught a RuntimeException from the binder stub implementation.
11-06 18:00:34.580  9744 16831 W Binder  : java.lang.UnsupportedOperationException
11-06 18:00:34.580  9744 16831 W Binder  : 	at inq.b(PG:3)
11-06 18:00:34.580  9744 16831 W Binder  : 	at inq.gt(PG:34)
11-06 18:00:34.580  9744 16831 W Binder  : 	at dgw.onTransact(PG:21)
11-06 18:00:34.580  9744 16831 W Binder  : 	at android.os.Binder.execTransactInternal(Binder.java:1566)
11-06 18:00:34.580  9744 16831 W Binder  : 	at android.os.Binder.execTransact(Binder.java:1505)
11-06 18:00:34.580  9744  9744 I KeyboardModeUtils: KeyboardModeUtils.getKeyboardBottomOffset():435 inch: 0.000000 ydpi: 387.429993 adjustKeyboardBottomByDisplaySize: false currentDensityDpi: 440 defaultDensityDpi: 440 keyboardBottomToScreenPx: 0 keyboardBottomToNavBarPx: -116 navBarHeight: 116
11-06 18:00:34.580  9744  9744 I KeyboardHeightUtil: KeyboardHeightUtil.calculateMaxKeyboardBodyHeight():50 leave 267 height for app when ime window height:2171, header height:121 and isFullscreenMode:false, so the max keyboard body height is:1783
11-06 18:00:34.580  9744  9744 I KeyboardHeightUtil: KeyboardHeightUtil.calculateMaxKeyboardBodyHeight():50 leave 267 height for app when ime window height:2171, header height:121 and isFullscreenMode:false, so the max keyboard body height is:1783
11-06 18:00:34.581  9744  9744 I AndroidIME: KeyboardViewManager.updateKeyboardBodyViewHolderPaddingBottom():472 Set finalPaddingBottom = 5 while holderPaddingBottom = 5; navigationHeight = 116
11-06 18:00:34.581  9744  9744 I KeyboardHeightUtil: KeyboardHeightUtil.calculateMaxKeyboardBodyHeight():50 leave 267 height for app when ime window height:2171, header height:121 and isFullscreenMode:false, so the max keyboard body height is:1783
11-06 18:00:34.581  9744  9744 I KeyboardHeightUtil: KeyboardHeightUtil.calculateMaxKeyboardBodyHeight():50 leave 267 height for app when ime window height:2171, header height:121 and isFullscreenMode:false, so the max keyboard body height is:1783
11-06 18:00:34.581  9744  9744 W NormalModeController: NormalModeController.adjustKeyboardBodyHeightRatio():214 Invalid height ratio from decoder -1.000000!
11-06 18:00:34.581  9744  9744 W ExtensionWrapper: ExtensionWrapper.setExtensionViewVisibility():811 interface mdz is not activate
11-06 18:00:34.582  9744  9744 I Module  : DeviceLockedStatusModuleProvider$Module.updateDeviceLockedStatus():103 repeatCheckTimes = 1, locked = false
11-06 18:00:34.582  9744  9744 I HardKeyTracker: HardKeyTracker.unregisterKeySequence():221 Unregister key sequence njr{labelResId=2132020517, callback=cif@c85adc0, lastModifier=2, keyCodes=[56], actions=[0]}
11-06 18:00:34.582  9744  9744 I HardKeyTracker: HardKeyTracker.unregisterKeySequence():221 Unregister key sequence njr{labelResId=2132020517, callback=cif@25baaf9, lastModifier=0, keyCodes=[317], actions=[0]}
11-06 18:00:34.583  9744  9744 I HardKeyTracker: HardKeyTracker.registerKeySequence():170 Register key sequence njr{labelResId=2132020517, callback=cif@51e3b28, lastModifier=2, keyCodes=[56], actions=[0]}
11-06 18:00:34.583  9744  9744 I HardKeyTracker: HardKeyTracker.registerKeySequence():170 Register key sequence njr{labelResId=2132020517, callback=cif@cd59041, lastModifier=0, keyCodes=[317], actions=[0]}
11-06 18:00:34.583  9744  9744 I HardKeyTracker: HardKeyTracker.unregisterKeySequence():221 Unregister key sequence njr{labelResId=2132020521, callback=cif@4b5da3e, lastModifier=2, keyCodes=[48], actions=[0]}
11-06 18:00:34.583  9744  9744 I HardKeyTracker: HardKeyTracker.registerKeySequence():170 Register key sequence njr{labelResId=2132020521, callback=cif@c2869e6, lastModifier=2, keyCodes=[48], actions=[0]}
11-06 18:00:34.584  9744  9744 I HardKeyTracker: HardKeyTracker.unregisterKeySequence():221 Unregister key sequence njr{labelResId=2132020521, callback=cif@3e1009f, lastModifier=2, keyCodes=[48], actions=[0]}
11-06 18:00:34.584  9744  9744 I HardKeyTracker: HardKeyTracker.registerKeySequence():170 Register key sequence njr{labelResId=2132020521, callback=cif@b5d5b27, lastModifier=2, keyCodes=[48], actions=[0]}
11-06 18:00:34.584  9744  9744 I HardKeyTracker: HardKeyTracker.unregisterKeySequence():221 Unregister key sequence njr{labelResId=2132020522, callback=cif@ef7e5ec, lastModifier=2, keyCodes=[32], actions=[0]}
11-06 18:00:34.584  9744  9744 I HardKeyTracker: HardKeyTracker.registerKeySequence():170 Register key sequence njr{labelResId=2132020522, callback=cif@fafe1d4, lastModifier=2, keyCodes=[32], actions=[0]}
11-06 18:00:34.586  9744  9744 I HardKeyTracker: HardKeyTracker.unregisterKeySequence():221 Unregister key sequence njr{labelResId=2132020522, callback=cif@6ec6497, lastModifier=2, keyCodes=[32], actions=[0]}
11-06 18:00:34.586  9744  9744 I HardKeyTracker: HardKeyTracker.registerKeySequence():170 Register key sequence njr{labelResId=2132020522, callback=cif@e8c9135, lastModifier=2, keyCodes=[32], actions=[0]}
11-06 18:00:34.586  9744  9744 I StylusModule: StylusModule.onUpdateToolType():799 Update tool type = 1
11-06 18:00:34.587  9744  9744 I StylusModule: StylusModule.onUpdateToolType():799 Update tool type = 1
11-06 18:00:34.589  9744 16831 W Binder  : Caught a RuntimeException from the binder stub implementation.
11-06 18:00:34.589  9744 16831 W Binder  : java.lang.UnsupportedOperationException
11-06 18:00:34.589  9744 16831 W Binder  : 	at inq.b(PG:3)
11-06 18:00:34.589  9744 16831 W Binder  : 	at inq.gt(PG:34)
11-06 18:00:34.589  9744 16831 W Binder  : 	at dgw.onTransact(PG:21)
11-06 18:00:34.589  9744 16831 W Binder  : 	at android.os.Binder.execTransactInternal(Binder.java:1566)
11-06 18:00:34.589  9744 16831 W Binder  : 	at android.os.Binder.execTransact(Binder.java:1505)
11-06 18:00:34.590 23735 23735 D InsetsController: show(ime(), fromIme=true)
11-06 18:00:34.590 23735 23735 I ImeTracker: com.a1taxi.boltexponativewind:d3d6d832: onCancelled at PHASE_CLIENT_APPLY_ANIMATION
11-06 18:00:34.593  9744  9744 I KeyboardModeUtils: KeyboardModeUtils.getKeyboardBottomOffset():435 inch: 0.000000 ydpi: 387.429993 adjustKeyboardBottomByDisplaySize: false currentDensityDpi: 440 defaultDensityDpi: 440 keyboardBottomToScreenPx: 0 keyboardBottomToNavBarPx: -116 navBarHeight: 116
11-06 18:00:34.593  9744  9744 I KeyboardHeightUtil: KeyboardHeightUtil.calculateMaxKeyboardBodyHeight():50 leave 267 height for app when ime window height:2171, header height:121 and isFullscreenMode:false, so the max keyboard body height is:1783
11-06 18:00:34.593  9744  9744 I KeyboardHeightUtil: KeyboardHeightUtil.calculateMaxKeyboardBodyHeight():50 leave 267 height for app when ime window height:2171, header height:121 and isFullscreenMode:false, so the max keyboard body height is:1783
11-06 18:00:34.593  9744  9744 I AndroidIME: KeyboardViewManager.updateKeyboardBodyViewHolderPaddingBottom():472 Set finalPaddingBottom = 5 while holderPaddingBottom = 5; navigationHeight = 116
11-06 18:00:34.593  9744  9744 I WindowMetricsNotification: WindowMetricsNotification.notifyWithWindow():166 
11-06 18:00:34.593  9744  9744 I WindowMetricsNotification: WindowMetricsNotification.notify():159 pjl[bounds=Rect(0, 105 - 1080, 2392), insets=Rect(0, 0 - 0, 116), densityDpi=440, smallestScreenWidthDp=393, displayWidth=1080, displayHeight=2392, xdpi=387.43, ydpi=387.43, isTrustable=true, displayId=0]; DisplayMetrics{density=2.75, width=1080, height=2392, scaledDensity=2.75, xdpi=387.43, ydpi=387.43}
11-06 18:00:34.598 23735 23735 D InsetsController: show(ime(), fromIme=true)
11-06 18:00:34.598 23735 23735 I ImeTracker: com.a1taxi.boltexponativewind:a401bc61: onCancelled at PHASE_CLIENT_APPLY_ANIMATION
11-06 18:00:34.604  9744  9744 I StylusModule: StylusModule.onUpdateToolType():799 Update tool type = 1
11-06 18:00:34.605  9744  9744 I GoogleInputMethodService: GoogleInputMethodService$1.onKeyboardViewShown():326 onKeyboardViewShown: keyboardType=prime, keyboardViewType=HEADER keyboardView=com.google.android.libraries.inputmethod.widgets.SoftKeyboardView{5b960c V.E...... ........ 0,0-1080,121}
11-06 18:00:34.605  9744  9744 I KeyboardHeightUtil: KeyboardHeightUtil.calculateMaxKeyboardBodyHeight():50 leave 267 height for app when ime window height:2171, header height:121 and isFullscreenMode:false, so the max keyboard body height is:1783
11-06 18:00:34.605  9744  9744 I GoogleInputMethodService: GoogleInputMethodService$1.onKeyboardViewShown():326 onKeyboardViewShown: keyboardType=prime, keyboardViewType=BODY keyboardView=com.google.android.libraries.inputmethod.widgets.SoftKeyboardView{99f8b64 V.E...... ........ 0,0-1080,693}
11-06 18:00:34.605  9744  9744 I KeyboardHeightUtil: KeyboardHeightUtil.calculateMaxKeyboardBodyHeight():50 leave 267 height for app when ime window height:2171, header height:121 and isFullscreenMode:false, so the max keyboard body height is:1783
11-06 18:00:34.605  9744  9744 I GlobeKeyExtension: GlobeKeyExtension$1.onKeyboardViewShown():72 maybeDisableLanguageSwitchKeyPref when the keyboard is shown
11-06 18:00:34.605  9744  9744 I GlobeKeyExtension: GlobeKeyExtension.maybeDisableLanguageSwitchKeyPref():200 maybeDisableLanguageSwitchKeyPref hasGlobeKeyBeenDisabled: false, shouldDisableLanguageSwitchKey: false
11-06 18:00:34.605  9744  9744 I NewLanguagePromptExtension: NewLanguagePromptExtension$1.onKeyboardViewShown():88 Not show new language banner: not prime keyboard, or the extension not activated.
11-06 18:00:34.607 23735 23735 D InsetsController: show(ime(), fromIme=true)
11-06 18:00:34.607 23735 23735 I ImeTracker: com.a1taxi.boltexponativewind:bbed1cc0: onCancelled at PHASE_CLIENT_APPLY_ANIMATION
11-06 18:00:34.609  9744 16831 W Binder  : Caught a RuntimeException from the binder stub implementation.
11-06 18:00:34.609  9744 16831 W Binder  : java.lang.UnsupportedOperationException
11-06 18:00:34.609  9744 16831 W Binder  : 	at inq.b(PG:3)
11-06 18:00:34.609  9744 16831 W Binder  : 	at inq.gt(PG:34)
11-06 18:00:34.609  9744 16831 W Binder  : 	at dgw.onTransact(PG:21)
11-06 18:00:34.609  9744 16831 W Binder  : 	at android.os.Binder.execTransactInternal(Binder.java:1566)
11-06 18:00:34.609  9744 16831 W Binder  : 	at android.os.Binder.execTransact(Binder.java:1505)
11-06 18:00:34.611  9744  9788 W Binder  : Caught a RuntimeException from the binder stub implementation.
11-06 18:00:34.611  9744  9788 W Binder  : java.lang.UnsupportedOperationException
11-06 18:00:34.611  9744  9788 W Binder  : 	at inq.b(PG:3)
11-06 18:00:34.611  9744  9788 W Binder  : 	at inq.gt(PG:34)
11-06 18:00:34.611  9744  9788 W Binder  : 	at dgw.onTransact(PG:21)
11-06 18:00:34.611  9744  9788 W Binder  : 	at android.os.Binder.execTransactInternal(Binder.java:1566)
11-06 18:00:34.611  9744  9788 W Binder  : 	at android.os.Binder.execTransact(Binder.java:1505)
11-06 18:00:34.891 23735 27502 D ProfileInstaller: Installing profile for com.a1taxi.boltexponativewind
11-06 18:00:35.100 16065 26236 I NearbyPresence: (REDACTED) %s verified [==] new request %s equals to the old request
11-06 18:00:35.316  9744  9744 W TooltipLifecycleManager: TooltipLifecycleManager.dismissTooltips():153 Tooltip with id SUGGESTION_VIEW_EDU_MINI_DIALOG not found in tooltipManager.
11-06 18:00:35.351  9744  9744 I KeyboardModeUtils: KeyboardModeUtils.getKeyboardBottomOffset():435 inch: 0.000000 ydpi: 387.429993 adjustKeyboardBottomByDisplaySize: false currentDensityDpi: 440 defaultDensityDpi: 440 keyboardBottomToScreenPx: 0 keyboardBottomToNavBarPx: -116 navBarHeight: 116
11-06 18:00:35.352  9744  9744 I KeyboardHeightUtil: KeyboardHeightUtil.calculateMaxKeyboardBodyHeight():50 leave 267 height for app when ime window height:2171, header height:121 and isFullscreenMode:false, so the max keyboard body height is:1783
11-06 18:00:35.352  9744  9744 I KeyboardHeightUtil: KeyboardHeightUtil.calculateMaxKeyboardBodyHeight():50 leave 267 height for app when ime window height:2171, header height:121 and isFullscreenMode:false, so the max keyboard body height is:1783
11-06 18:00:35.352  9744  9744 I AndroidIME: KeyboardViewManager.updateKeyboardBodyViewHolderPaddingBottom():472 Set finalPaddingBottom = 5 while holderPaddingBottom = 5; navigationHeight = 116
11-06 18:00:35.630 27909 29882 I cn_CronetUrlRequestContext: destroyNativeStreamLocked org.chromium.net.impl.CronetBidirectionalStream@b96c31f
11-06 18:00:35.632  9744  9744 W TooltipLifecycleManager: TooltipLifecycleManager.dismissTooltips():153 Tooltip with id SUGGESTION_VIEW_EDU_MINI_DIALOG not found in tooltipManager.
11-06 18:00:36.039  9744  9744 W TooltipLifecycleManager: TooltipLifecycleManager.dismissTooltips():153 Tooltip with id SUGGESTION_VIEW_EDU_MINI_DIALOG not found in tooltipManager.
11-06 18:00:36.462  9744  9744 W TooltipLifecycleManager: TooltipLifecycleManager.dismissTooltips():153 Tooltip with id SUGGESTION_VIEW_EDU_MINI_DIALOG not found in tooltipManager.
11-06 18:00:36.885  9744  9744 W TooltipLifecycleManager: TooltipLifecycleManager.dismissTooltips():153 Tooltip with id SUGGESTION_VIEW_EDU_MINI_DIALOG not found in tooltipManager.
11-06 18:00:37.319  9744  9744 W TooltipLifecycleManager: TooltipLifecycleManager.dismissTooltips():153 Tooltip with id SUGGESTION_VIEW_EDU_MINI_DIALOG not found in tooltipManager.
11-06 18:00:37.869 23735 23735 I ImeTracker: com.a1taxi.boltexponativewind:31996aa8: onRequestHide at ORIGIN_CLIENT reason HIDE_SOFT_INPUT_FROM_VIEW fromUser false
11-06 18:00:37.872 23735 27504 I WebViewFactory: Loading com.google.android.webview version 141.0.7390.122 (code 739012233)
11-06 18:00:37.872  9744  9744 I GoogleInputMethodService: GoogleInputMethodService.onFinishInputView():1572 onFinishInputView(false)
11-06 18:00:37.873  9744  9744 I GlobeKeyExtension: GlobeKeyExtension.onDeactivate():144 
11-06 18:00:37.873 23735 23735 I ImeTracker: com.a1taxi.boltexponativewind:93620502: onRequestHide at ORIGIN_CLIENT reason HIDE_SOFT_INPUT fromUser false
11-06 18:00:37.873  9744  9744 W TooltipLifecycleManager: TooltipLifecycleManager.dismissTooltips():153 Tooltip with id SUGGESTION_VIEW_EDU_MINI_DIALOG not found in tooltipManager.
11-06 18:00:37.874  9744  9744 I VoiceInputManagerWrapper: VoiceInputManagerWrapper.shutdown():131 shutdown()
