11-06 18:00:29.802 23735 27412 W unknown:ViewManagerPropertyUpdater: Could not find generated setter for class com.facebook.react.views.text.ReactVirtualTextViewManager
11-06 18:00:29.802 23735 27412 W unknown:ViewManagerPropertyUpdater: Could not find generated setter for class com.facebook.react.views.text.ReactVirtualTextShadowNode
11-06 18:00:29.803 23735 27412 W unknown:ViewManagerPropertyUpdater: Could not find generated setter for class com.facebook.react.views.swiperefresh.SwipeRefreshLayoutManager
11-06 18:00:29.804 23735 27412 W unknown:ViewManagerPropertyUpdater: Could not find generated setter for class com.facebook.react.views.text.ReactRawTextManager
11-06 18:00:29.804 23735 27412 W unknown:ViewManagerPropertyUpdater: Could not find generated setter for class com.facebook.react.views.text.ReactRawTextShadowNode
11-06 18:00:29.805 23735 27412 W unknown:ViewManagerPropertyUpdater: Could not find generated setter for class com.facebook.react.views.textinput.ReactTextInputManager
11-06 18:00:29.806 23735 27412 W unknown:ViewManagerPropertyUpdater: Could not find generated setter for class com.facebook.react.views.textinput.ReactTextInputShadowNode
11-06 18:00:29.807 23735 27412 W unknown:ViewManagerPropertyUpdater: Could not find generated setter for class com.swmansion.gesturehandler.react.RNGestureHandlerRootViewManager
11-06 18:00:29.814 23735 27412 W BridgelessReactContext: [WARNING] Bridgeless doesn't support CatalystInstance. Accessing an API that's not part of the new architecture is not encouraged usage.
11-06 18:00:29.820 23735 27412 I ExpoModulesCore: ✅ JSI interop was installed
11-06 18:00:29.821 23735 27412 I ExpoModulesCore: ✅ Constants were exported
11-06 18:00:29.849 23735 27412 D nativeloader: Load /data/app/~~Bohl0fFlWS5-ZFtIj8PDKA==/com.a1taxi.boltexponativewind-qHmvV9K9cl9Zn9bCp7iNfQ==/base.apk!/lib/arm64-v8a/librnscreens.so using class loader ns clns-8 (caller=/data/app/~~Bohl0fFlWS5-ZFtIj8PDKA==/com.a1taxi.boltexponativewind-qHmvV9K9cl9Zn9bCp7iNfQ==/base.apk!classes2.dex): ok
11-06 18:00:29.852 23735 27412 I ReactNativeJS: Running "main"
11-06 18:00:29.891 23735 27412 D nativeloader: Load /data/app/~~Bohl0fFlWS5-ZFtIj8PDKA==/com.a1taxi.boltexponativewind-qHmvV9K9cl9Zn9bCp7iNfQ==/base.apk!/lib/arm64-v8a/libworklets.so using class loader ns clns-8 (caller=/data/app/~~Bohl0fFlWS5-ZFtIj8PDKA==/com.a1taxi.boltexponativewind-qHmvV9K9cl9Zn9bCp7iNfQ==/base.apk!classes2.dex): ok
11-06 18:00:29.898 23735 27412 D nativeloader: Load /data/app/~~Bohl0fFlWS5-ZFtIj8PDKA==/com.a1taxi.boltexponativewind-qHmvV9K9cl9Zn9bCp7iNfQ==/base.apk!/lib/arm64-v8a/libreanimated.so using class loader ns clns-8 (caller=/data/app/~~Bohl0fFlWS5-ZFtIj8PDKA==/com.a1taxi.boltexponativewind-qHmvV9K9cl9Zn9bCp7iNfQ==/base.apk!classes2.dex): ok
11-06 18:00:29.902 23735 27412 W System.err: java.lang.NoSuchFieldException: No field mIsFinished in class Lcom/facebook/react/bridge/queue/MessageQueueThreadImpl; (declaration of 'com.facebook.react.bridge.queue.MessageQueueThreadImpl' appears in /data/app/~~Bohl0fFlWS5-ZFtIj8PDKA==/com.a1taxi.boltexponativewind-qHmvV9K9cl9Zn9bCp7iNfQ==/base.apk)
11-06 18:00:29.903 23735 27412 W System.err: 	at java.lang.Class.getDeclaredField(Native Method)
11-06 18:00:29.903 23735 27412 W System.err: 	at com.swmansion.worklets.WorkletsMessageQueueThreadBase.quitSynchronous(WorkletsMessageQueueThreadBase.java:54)
11-06 18:00:29.903 23735 27412 W System.err: 	at com.swmansion.reanimated.NativeProxy.initHybrid(Native Method)
11-06 18:00:29.903 23735 27412 W System.err: 	at com.swmansion.reanimated.NativeProxy.<init>(NativeProxy.java:47)
11-06 18:00:29.903 23735 27412 W System.err: 	at com.swmansion.reanimated.NodesManager.initWithContext(NodesManager.java:148)
11-06 18:00:29.903 23735 27412 W System.err: 	at com.swmansion.reanimated.ReanimatedModule.installTurboModule(ReanimatedModule.java:159)
11-06 18:00:29.903 23735 27412 W System.err: 	at com.facebook.jni.NativeRunnable.run(Native Method)
11-06 18:00:29.903 23735 27412 W System.err: 	at android.os.Handler.handleCallback(Handler.java:1014)
11-06 18:00:29.903 23735 27412 W System.err: 	at android.os.Handler.dispatchMessage(Handler.java:102)
11-06 18:00:29.903 23735 27412 W System.err: 	at com.facebook.react.bridge.queue.MessageQueueThreadHandler.dispatchMessage(MessageQueueThreadHandler.kt:20)
11-06 18:00:29.903 23735 27412 W System.err: 	at android.os.Looper.loopOnce(Looper.java:250)
11-06 18:00:29.903 23735 27412 W System.err: 	at android.os.Looper.loop(Looper.java:340)
11-06 18:00:29.903 23735 27412 W System.err: 	at com.facebook.react.bridge.queue.MessageQueueThreadImpl$Companion.startNewBackgroundThread$lambda$1(MessageQueueThreadImpl.kt:175)
11-06 18:00:29.903 23735 27412 W System.err: 	at com.facebook.react.bridge.queue.MessageQueueThreadImpl$Companion.$r8$lambda$ldnZnqelhYFctGaUKkOKYj5rxo4(Unknown Source:0)
11-06 18:00:29.903 23735 27412 W System.err: 	at com.facebook.react.bridge.queue.MessageQueueThreadImpl$Companion$$ExternalSyntheticLambda0.run(D8$$SyntheticClass:0)
11-06 18:00:29.903 23735 27412 W System.err: 	at java.lang.Thread.run(Thread.java:1119)
11-06 18:00:29.932 23735 27412 W ReactNativeJS: Missing Supabase environment variables
11-06 18:00:29.957 16065 16085 I FontLog : (REDACTED) Received query %s, URI %s
11-06 18:00:29.957 16065 16085 I FontLog : (REDACTED) Query [%s] resolved to %s
11-06 18:00:29.961 16065 16085 I FontLog : (REDACTED) Fetch %s end status %s
11-06 18:00:29.963 16065 16342 I FontLog : (REDACTED) Pulling font file for id = %d, cache size = %d
11-06 18:00:29.968 16065 16342 I FontLog : (REDACTED) Pulling font file for id = %d, cache size = %d
11-06 18:00:29.981 23735 23735 W [RNScreens]: backTitleVisible prop is not available on Android
11-06 18:00:29.981 23735 23735 W [RNScreens]: backTitleFontFamily prop is not available on Android
11-06 18:00:29.981 23735 23735 W [RNScreens]: disableBackButtonMenu prop is not available on Android
11-06 18:00:29.981 23735 23735 W [RNScreens]: largeTitleFontFamily prop is not available on Android
11-06 18:00:29.981 23735 23735 W [RNScreens]: largeTitleFontWeight prop is not available on Android
11-06 18:00:29.981 23735 23735 W [RNScreens]: largeTitleHideShadow prop is not available on Android
11-06 18:00:29.997 23735 27412 D CompatChangeReporter: Compat change id reported: 303326708; UID 10664; state: ENABLED
11-06 18:00:30.015 23735 27412 I ReactNativeJNI: instanceHandle is null, event of type topAttached will be dropped
11-06 18:00:30.023 23735 23735 W [RNScreens]: backTitleVisible prop is not available on Android
11-06 18:00:30.023 23735 23735 W [RNScreens]: backTitleFontFamily prop is not available on Android
11-06 18:00:30.023 23735 23735 W [RNScreens]: disableBackButtonMenu prop is not available on Android
11-06 18:00:30.023 23735 23735 W [RNScreens]: largeTitleFontFamily prop is not available on Android
11-06 18:00:30.023 23735 23735 W [RNScreens]: largeTitleFontWeight prop is not available on Android
11-06 18:00:30.023 23735 23735 W [RNScreens]: largeTitleHideShadow prop is not available on Android
11-06 18:00:30.032 23735 27400 D MAGT_SYNC_FRAME: MAGT Sync: MAGT is not supported. Disabling Sync.
11-06 18:00:30.145 23735 27400 I GrallocExtra: gralloc_extra_query:is_SW3D 0
11-06 18:00:30.145 23735 27400 D BLASTBufferQueue: [VRI[MainActivity]#0](f:0,a:1) acquireNextBufferLocked size=1080x2392 mFrameNumber=1 applyTransaction=true mTimestamp=111537304483570(auto) mPendingTransactions.size=0 graphicBufferId=101941048770566 transform=0
11-06 18:00:30.160  2011  2052 I ActivityTaskManager: Displayed com.a1taxi.boltexponativewind/.MainActivity for user 0: +1s169ms
11-06 18:00:30.199 23735 23735 V ImeFocusController: onWindowFocus: com.android.internal.policy.DecorView{e71639c V.E...... R......D 0,0-1080,2392}[MainActivity] softInputMode=STATE_UNSPECIFIED|ADJUST_RESIZE
11-06 18:00:30.204  9744  9744 I GoogleInputMethodService: GoogleInputMethodService.onFinishInput():2086 
11-06 18:00:30.205  9744  9744 I Module  : DeviceLockedStatusModuleProvider$Module.updateDeviceLockedStatus():103 repeatCheckTimes = 0, locked = false
11-06 18:00:30.205  9744  9744 I GoogleInputMethodService: GoogleInputMethodService.onStartInput():1347 onStartInput(EditorInfo{EditorInfo{packageName=com.a1taxi.boltexponativewind, inputType=0, inputTypeString=NULL, enableLearning=false, autoCorrection=false, autoComplete=false, imeOptions=0, privateImeOptions=null, actionName=UNSPECIFIED, actionLabel=null, initialSelStart=-1, initialSelEnd=-1, initialCapsMode=0, label=null, fieldId=0, fieldName=null, extras=null, hintText=null, hintLocales=[]}}, false)
11-06 18:00:30.205  9744  9744 I Module  : DeviceLockedStatusModuleProvider$Module.updateDeviceLockedStatus():103 repeatCheckTimes = 1, locked = false
11-06 18:00:31.292 23735 23735 I ImeTracker: com.a1taxi.boltexponativewind:d0822dcd: onRequestShow at ORIGIN_CLIENT reason SHOW_SOFT_INPUT fromUser true
11-06 18:00:31.293  9744  9744 I GoogleInputMethodService: GoogleInputMethodService.onFinishInput():2086 
11-06 18:00:31.293  9744  9744 I Module  : DeviceLockedStatusModuleProvider$Module.updateDeviceLockedStatus():103 repeatCheckTimes = 0, locked = false
11-06 18:00:31.294  9744  9744 I GoogleInputMethodService: GoogleInputMethodService.onStartInput():1347 onStartInput(EditorInfo{EditorInfo{packageName=com.a1taxi.boltexponativewind, inputType=1, inputTypeString=Normal[], enableLearning=true, autoCorrection=true, autoComplete=true, imeOptions=8000006, privateImeOptions=null, actionName=DONE, actionLabel=null, initialSelStart=0, initialSelEnd=0, initialCapsMode=0, label=null, fieldId=40, fieldName=null, extras=Bundle[mParcelledData.dataSize=404], hintText=non-empty, hintLocales=[]}}, false)
11-06 18:00:31.296  9744  9744 I Module  : DeviceLockedStatusModuleProvider$Module.updateDeviceLockedStatus():103 repeatCheckTimes = 1, locked = false
11-06 18:00:31.303  9744  9744 I StylusModule: StylusModule.onUpdateToolType():799 Update tool type = 1
11-06 18:00:31.304  5354  8039 I dwbx    : (REDACTED) appOpsListener %s %s
11-06 18:00:31.304  5354  8039 I dwbx    : (REDACTED) Ignoring irrelevant audio permission changes for package %s
11-06 18:00:31.308  9744  9744 I GoogleInputMethodService: GoogleInputMethodService.onStartInputView():1440 onStartInputView(EditorInfo{EditorInfo{packageName=com.a1taxi.boltexponativewind, inputType=1, inputTypeString=Normal[], enableLearning=true, autoCorrection=true, autoComplete=true, imeOptions=8000006, privateImeOptions=null, actionName=DONE, actionLabel=null, initialSelStart=0, initialSelEnd=0, initialCapsMode=0, label=null, fieldId=40, fieldName=null, extras=Bundle[{android.support.text.emoji.emojiCompat_metadataVersion=11, androidx.core.view.inputmethod.EditorInfoCompat.STYLUS_HANDWRITING_ENABLED=true, android.support.text.emoji.emojiCompat_replaceAll=false}], hintText=non-empty, hintLocales=[]}}, false)
11-06 18:00:31.313 23735 23735 I ImeTracker: com.a1taxi.boltexponativewind:49c5dc34: onRequestShow at ORIGIN_CLIENT reason SHOW_SOFT_INPUT fromUser false
11-06 18:00:31.313  9744  9744 I KeyboardHeightUtil: KeyboardHeightUtil.getOemKeyboardHeightRatio():108 systemKeyboardHeightRatio:1.000000.
11-06 18:00:31.316  9744  9744 I AndroidIME: InputBundleManager.loadActiveInputBundleId():528 loadActiveInputBundleId: en-US, ime_english_united_states
11-06 18:00:31.317  9744  9744 I AndroidIME: AbstractIme.onActivate():96 LatinIme.onActivate() : EditorInfo = EditorInfo{packageName=com.a1taxi.boltexponativewind, inputType=1, inputTypeString=Normal[], enableLearning=true, autoCorrection=true, autoComplete=true, imeOptions=8000006, privateImeOptions=null, actionName=DONE, actionLabel=null, initialSelStart=0, initialSelEnd=0, initialCapsMode=0, label=null, fieldId=40, fieldName=null, extras=Bundle[{android.support.text.emoji.emojiCompat_metadataVersion=11, androidx.core.view.inputmethod.EditorInfoCompat.STYLUS_HANDWRITING_ENABLED=true, android.support.text.emoji.emojiCompat_replaceAll=false}], hintText=non-empty, hintLocales=[]}, IncognitoMode = false, DeviceLocked = false
11-06 18:00:31.323  9744  9744 I InputBundle: InputBundle.consumeEvent():1033 Skip consuming an event as keyboard status is INACTIVE
11-06 18:00:31.325  9744  9744 I Delight5Facilitator: Delight5Facilitator.initializeForIme():741 initializeForIme() : Locale = [en_US], layout = qwerty
11-06 18:00:31.336  9744  9788 W Binder  : Caught a RuntimeException from the binder stub implementation.
11-06 18:00:31.336  9744  9788 W Binder  : java.lang.UnsupportedOperationException
11-06 18:00:31.336  9744  9788 W Binder  : 	at inq.b(PG:3)
11-06 18:00:31.336  9744  9788 W Binder  : 	at inq.gt(PG:34)
11-06 18:00:31.336  9744  9788 W Binder  : 	at dgw.onTransact(PG:21)
11-06 18:00:31.336  9744  9788 W Binder  : 	at android.os.Binder.execTransactInternal(Binder.java:1566)
11-06 18:00:31.336  9744  9788 W Binder  : 	at android.os.Binder.execTransact(Binder.java:1505)
11-06 18:00:31.341  9744  9788 W Binder  : Caught a RuntimeException from the binder stub implementation.
11-06 18:00:31.341  9744  9788 W Binder  : java.lang.UnsupportedOperationException
11-06 18:00:31.341  9744  9788 W Binder  : 	at inq.b(PG:3)
11-06 18:00:31.341  9744  9788 W Binder  : 	at inq.gt(PG:34)
11-06 18:00:31.341  9744  9788 W Binder  : 	at dgw.onTransact(PG:21)
11-06 18:00:31.341  9744  9788 W Binder  : 	at android.os.Binder.execTransactInternal(Binder.java:1566)
11-06 18:00:31.341  9744  9788 W Binder  : 	at android.os.Binder.execTransact(Binder.java:1505)
11-06 18:00:31.344  9744  9788 W Binder  : Caught a RuntimeException from the binder stub implementation.
11-06 18:00:31.344  9744  9788 W Binder  : java.lang.UnsupportedOperationException
11-06 18:00:31.344  9744  9788 W Binder  : 	at inq.b(PG:3)
11-06 18:00:31.344  9744  9788 W Binder  : 	at inq.gt(PG:34)
11-06 18:00:31.344  9744  9788 W Binder  : 	at dgw.onTransact(PG:21)
11-06 18:00:31.344  9744  9788 W Binder  : 	at android.os.Binder.execTransactInternal(Binder.java:1566)
11-06 18:00:31.344  9744  9788 W Binder  : 	at android.os.Binder.execTransact(Binder.java:1505)
11-06 18:00:31.355  9744  9744 I LatinIme: LatinIme.updateEnableInlineSuggestionsOnDecoderSideFlags():1246 inline flag updated to:false
11-06 18:00:31.368  9744  9744 I LatinIme: LatinIme.updateEnableInlineSuggestionsOnDecoderSideFlags():1246 inline flag updated to:false
11-06 18:00:31.448  9744  9744 I InputBundle: InputBundle.consumeEvent():1033 Skip consuming an event as keyboard status is INACTIVE
11-06 18:00:31.449  9744  9744 I LatinIme: LatinIme.resetInputContext():2250 resetInputContext(): reason=1, externalEditsInfo=ExternalEditsInfo{action=0, offset=-1, text=null, originalText=null, edits=null}
11-06 18:00:31.449  9744  9744 I InputBundle: InputBundle.consumeEvent():1033 Skip consuming an event as keyboard status is INACTIVE
11-06 18:00:31.456  9744  9744 I KeyboardWrapper: KeyboardWrapper.activateKeyboard():581 activateKeyboard(): type=prime, status=INACTIVE, imeDef=mnu{stringId=ime_english_united_states, language=en-US, languageTag=en-US, processedConditions={writing_helper_enable_by_word_revert=false, true=true, enable_number_row=true, device=phone, enable_pk_simulator=false}, className=com.google.android.apps.inputmethod.libs.latin5.LatinIme, label=0, keyEventInterpreter=null, inlineComposing=true, autoCapital=true, announceAutoSelectedCandidate=true, statusIcon=0, indicatorIcon=0, indicatorLabel=US, displayAppCompletions=true, extraValues=mnn{#0x7f0b02e2=TypedValue{t=0x3/d=0x0 "com.google.android.apps.inputmethod.libs.latin5.LatinIme"}}, processors=mpl@77f78d1, unacceptableMetaKeys=4098, languageSpecificSettings=0, asciiCapable=true, alwaysShowSuggestions=false, useAsciiPasswordKeyboard=false, keyboardGroupDef=mou@3b6d5db, phenotypeFlagId=0, localizationLanguageTag=null, supportsInlineSuggestion=true}
11-06 18:00:31.457  9744  9744 I KeyboardManager: KeyboardManager.requestKeyboard():248 Creating keyboard prime, imeId=ime_english_united_states, cacheKey=theme,!gsf,!pgsans,!pgsf,!use_system_font,BORDER,FLAVOR_DPI=XXHDPI,GOOGLE_ICONS,KEYBOARD_WIDTH_CATEGORY=NORMAL,KEY_BORDER_SHAPE=1,LIGHT_THEME=false,PHYSICAL_DIAGONAL=5.748144,POPUP,SCREEN_SHORTEST_WIDTH=393,SCREEN_SHORTEST_WIDTH_NO_SCALE=393,XXHDPI,bottom4dp,enable_emoji_kitchen_browse_color_v2=true,enable_google_fonts_icons=true,enable_popup_on_keypress=true,keyboard_redesign_google_sans=true,non_linear_scale,noshadow,overlay_builtin_dynamic_color_dark_base.binarypb:gm3-dark-ff131313-ffffffff-4d9204e36e3ccb6a165e3e3dbe763ce0,roundedchip,silkpopup
11-06 18:00:31.459  9744  9744 I KeyboardWrapper: KeyboardWrapper.onKeyboardReady():224 onKeyboardReady(): type=prime(prime), kb=com.google.android.apps.inputmethod.latin.keyboard.LatinPrimeKeyboard@3fcde75
11-06 18:00:31.459  9744  9744 I KeyboardWrapper: KeyboardWrapper.doActivateKeyboard():611 doActivateKeyboard(): prime
11-06 18:00:31.459  9744  9788 W Binder  : Caught a RuntimeException from the binder stub implementation.
11-06 18:00:31.459  9744  9788 W Binder  : java.lang.UnsupportedOperationException
11-06 18:00:31.459  9744  9788 W Binder  : 	at inq.b(PG:3)
11-06 18:00:31.459  9744  9788 W Binder  : 	at inq.gt(PG:34)
11-06 18:00:31.459  9744  9788 W Binder  : 	at dgw.onTransact(PG:21)
11-06 18:00:31.459  9744  9788 W Binder  : 	at android.os.Binder.execTransactInternal(Binder.java:1566)
11-06 18:00:31.459  9744  9788 W Binder  : 	at android.os.Binder.execTransact(Binder.java:1505)
11-06 18:00:31.500  9744  9744 I KeyboardViewHelper: KeyboardViewHelper.getView():180 Get view with height ratio:1.000000
11-06 18:00:31.503  9744  9788 W Binder  : Caught a RuntimeException from the binder stub implementation.
11-06 18:00:31.503  9744  9788 W Binder  : java.lang.UnsupportedOperationException
11-06 18:00:31.503  9744  9788 W Binder  : 	at inq.b(PG:3)
11-06 18:00:31.503  9744  9788 W Binder  : 	at inq.gt(PG:34)
11-06 18:00:31.503  9744  9788 W Binder  : 	at dgw.onTransact(PG:21)
11-06 18:00:31.503  9744  9788 W Binder  : 	at android.os.Binder.execTransactInternal(Binder.java:1566)
11-06 18:00:31.503  9744  9788 W Binder  : 	at android.os.Binder.execTransact(Binder.java:1505)
11-06 18:00:31.506  9744  9744 I KeyboardHeightUtil: KeyboardHeightUtil.calculateMaxKeyboardBodyHeight():50 leave 267 height for app when ime window height:2171, header height:121 and isFullscreenMode:false, so the max keyboard body height is:1783
11-06 18:00:31.506  9744  9744 W TooltipLifecycleManager: TooltipLifecycleManager.dismissTooltips():153 Tooltip with id undo_access_point_promotion_banner not found in tooltipManager.
11-06 18:00:31.509  9744  9744 I KeyboardModeUtils: KeyboardModeUtils.getKeyboardBottomOffset():435 inch: 0.000000 ydpi: 387.429993 adjustKeyboardBottomByDisplaySize: false currentDensityDpi: 440 defaultDensityDpi: 440 keyboardBottomToScreenPx: 0 keyboardBottomToNavBarPx: -116 navBarHeight: 116
11-06 18:00:31.509  9744  9744 I KeyboardHeightUtil: KeyboardHeightUtil.calculateMaxKeyboardBodyHeight():50 leave 267 height for app when ime window height:2171, header height:121 and isFullscreenMode:false, so the max keyboard body height is:1783
11-06 18:00:31.509  9744  9744 I KeyboardHeightUtil: KeyboardHeightUtil.calculateMaxKeyboardBodyHeight():50 leave 267 height for app when ime window height:2171, header height:121 and isFullscreenMode:false, so the max keyboard body height is:1783
11-06 18:00:31.509  9744  9744 I AndroidIME: KeyboardViewManager.updateKeyboardBodyViewHolderPaddingBottom():472 Set finalPaddingBottom = 5 while holderPaddingBottom = 5; navigationHeight = 116
11-06 18:00:31.509  9744  9744 I KeyboardHeightUtil: KeyboardHeightUtil.calculateMaxKeyboardBodyHeight():50 leave 267 height for app when ime window height:2171, header height:121 and isFullscreenMode:false, so the max keyboard body height is:1783
11-06 18:00:31.509  9744  9744 I KeyboardHeightUtil: KeyboardHeightUtil.calculateMaxKeyboardBodyHeight():50 leave 267 height for app when ime window height:2171, header height:121 and isFullscreenMode:false, so the max keyboard body height is:1783
11-06 18:00:31.509  9744  9744 I KeyboardModeUtils: KeyboardModeUtils.getKeyboardBottomOffset():435 inch: 0.000000 ydpi: 387.429993 adjustKeyboardBottomByDisplaySize: false currentDensityDpi: 440 defaultDensityDpi: 440 keyboardBottomToScreenPx: 0 keyboardBottomToNavBarPx: -116 navBarHeight: 116
11-06 18:00:31.509  9744  9744 I KeyboardHeightUtil: KeyboardHeightUtil.calculateMaxKeyboardBodyHeight():50 leave 267 height for app when ime window height:2171, header height:121 and isFullscreenMode:false, so the max keyboard body height is:1783
11-06 18:00:31.509  9744  9744 I KeyboardHeightUtil: KeyboardHeightUtil.calculateMaxKeyboardBodyHeight():50 leave 267 height for app when ime window height:2171, header height:121 and isFullscreenMode:false, so the max keyboard body height is:1783
11-06 18:00:31.509  9744  9744 I AndroidIME: KeyboardViewManager.updateKeyboardBodyViewHolderPaddingBottom():472 Set finalPaddingBottom = 5 while holderPaddingBottom = 5; navigationHeight = 116
11-06 18:00:31.509  9744  9744 I KeyboardHeightUtil: KeyboardHeightUtil.calculateMaxKeyboardBodyHeight():50 leave 267 height for app when ime window height:2171, header height:121 and isFullscreenMode:false, so the max keyboard body height is:1783
11-06 18:00:31.509  9744  9744 I KeyboardHeightUtil: KeyboardHeightUtil.calculateMaxKeyboardBodyHeight():50 leave 267 height for app when ime window height:2171, header height:121 and isFullscreenMode:false, so the max keyboard body height is:1783
11-06 18:00:31.512  9744  9744 I GlobeKeyExtension: GlobeKeyExtension.getKeyboardInitialStates():175 
11-06 18:00:31.514  9744  9744 W Keyboard: Keyboard.getKeyboardViewHelper():602 null helper is returned: keyboardDef=moo{processedConditions={show_comma_key=true, enable_more_candidates_view_for_multilingual=false, layout_9key_split=false, enable_secondary_symbols=false, pref_enable_flick_symbols=false, language=en-US, deprecate_long_press_space_for_ime_picker=false, expressions=normal, android_software_xr_api_spatial=false, enable_flick_symbols=true, variant=qwerty, show_period_key=true, enable_number_row=true, device=phone, keyboard_mode=normal, show_secondary_digits=false, enable_preemptive_decode=true, enable_pk_simulator=false}, globalConditions={global_theme_key=theme,!gsf,!pgsans,!pgsf,!use_system_font,BORDER,FLAVOR_DPI=XXHDPI,GOOGLE_ICONS,KEYBOARD_WIDTH_CATEGORY=NORMAL,KEY_BORDER_SHAPE=1,LIGHT_THEME=false,PHYSICAL_DIAGONAL=5.748144,POPUP,SCREEN_SHORTEST_WIDTH=393,SCREEN_SHORTEST_WIDTH_NO_SCALE=393,XXHDPI,bottom4dp,enable_emoji_kitchen_browse_color_v2=true,enable_google_fonts_icons=true,enable_popup_on_keypress=true,keyboard_redesign_google_sans=true,non_linear_scale,noshadow,overlay_builtin_dynamic_color_dark_base.binarypb:gm3-dark-ff131313-ffffffff-4d9204e36e3ccb6a165e3e3dbe763ce0,roundedchip,silkpopup, global_locale=en_US, global_density_dpi=440, global_orientation=1}, className=.latin.keyboard.LatinPrimeKeyboard, resourceIds=[#0x7f1705fc, #0x7f17088e], initialStates=0, keyboardViewDefs=[mpc{direction=null, id=#0x7f0b0226, isScalable=true, layoutId=#0x7f0e029d, type=BODY, touchable=true, defaultShow=true}, mpc{direction=null, id=#0x7f0b0226, isScalable=false, layoutId=#0x7f0e01f9, type=FLOATING_CANDIDATES, touchable=false, defaultShow=false}, mpc{direction=LOCALE, id=#0x7f0b0226, isScalable=false, layoutId=#0x7f0e0502, type=HEADER, touchable=true, defaultShow=true}], persistentStates=0, persistentStatesPrefKey=null, popupBubbleLayoutId=#0x7f0e05f3, recentKeyLayoutId=0, recentKeyPopupLayoutId=0, recentKeyType=null, rememberRecentKey=NONE, sessionStates=17592186044419}, type=WIDGET, helpersCreated={HEADER=mau@d3df654, BODY=mau@d67a9fd, FLOATING_CANDIDATES=mau@19ca6f2}, context.getResources().getConfiguration(): {1.0 405mcc869mnc [en_US] ldltr sw393dp w393dp h790dp 440dpi nrml long port night finger -keyb/v/h -nav/h winConfig={ mBounds=Rect(0, 0 - 1080, 2392) mAppBounds=Rect(0, 103 - 1080, 2276) mMaxBounds=Rect(0, 0 - 1080, 2392) mDisplayRotation=ROTATION_0 mWindowingMode=fullscreen mActivityType=undefined mAlwaysOnTop=undefined mRotation=ROTATION_0 isEmbedding:false} s.669 fontWeightAdjustment=0 themeId=2 themeParameter=0 nightModeLevel = -1 typefaceChanged=0.0 ?spacesystem eaMode=1}
11-06 18:00:31.515  9744  9744 I KeyboardHeightUtil: KeyboardHeightUtil.calculateMaxKeyboardBodyHeight():50 leave 267 height for app when ime window height:2171, header height:121 and isFullscreenMode:false, so the max keyboard body height is:1783
11-06 18:00:31.531  9744  9744 I AndroidIME: InputBundleManager.startInput():358 startInput() with moy[keyboardType=prime, payload=null]
11-06 18:00:31.531  9744  9744 I GlobeKeyExtension: GlobeKeyExtension.onActivate():120 
11-06 18:00:31.534  9744  9744 I LanguagePromoExtension: LanguagePromoExtension.checkDisplayPreconditions():174 Not show language promo: exceeds the max display times.
11-06 18:00:31.534  9744  9744 I HardKeyTracker: HardKeyTracker.unregisterKeySequence():221 Unregister key sequence njr{labelResId=2132020517, callback=cif@3287fcf, lastModifier=2, keyCodes=[56], actions=[0]}
11-06 18:00:31.535  9744  9744 I HardKeyTracker: HardKeyTracker.unregisterKeySequence():221 Unregister key sequence njr{labelResId=2132020517, callback=cif@849ad5c, lastModifier=0, keyCodes=[317], actions=[0]}
11-06 18:00:31.535  9744  9744 I HardKeyTracker: HardKeyTracker.registerKeySequence():170 Register key sequence njr{labelResId=2132020517, callback=cif@d9f8f48, lastModifier=2, keyCodes=[56], actions=[0]}
11-06 18:00:31.535  9744  9744 I HardKeyTracker: HardKeyTracker.registerKeySequence():170 Register key sequence njr{labelResId=2132020517, callback=cif@44821e1, lastModifier=0, keyCodes=[317], actions=[0]}
11-06 18:00:31.537  9744  9744 I VoiceInputManagerWrapper: VoiceInputManagerWrapper.cancelShutdown():109 cancelShutdown()
11-06 18:00:31.537  9744  9744 I VoiceInputManagerWrapper: VoiceInputManagerWrapper.syncLanguagePacks():121 syncLanguagePacks()
11-06 18:00:31.538  9744  9744 I AudioFocusHandler: AudioFocusHandler.initializeAudioFocusRequest():198 AudioAttributes: AudioAttributes: usage=USAGE_VOICE_COMMUNICATION content=CONTENT_TYPE_SPEECH flags=0x800 tags= bundle=null 
11-06 18:00:31.538  9744  9744 I VoiceInputManager: VoiceInputManager.onKeyboardActivated():1206 onKeyboardActivated() [UD]
11-06 18:00:31.539  9744  9744 I PkModeUpdater: PkModeUpdater.onActivate():74 onActivate false true
11-06 18:00:31.539  9744  9744 I AccessoryInputModeManager: AccessoryInputModeManager.onModeStarted():318 Accessory input mode started: null
11-06 18:00:31.539  9744  9788 W Binder  : Caught a RuntimeException from the binder stub implementation.
11-06 18:00:31.539  9744  9788 W Binder  : java.lang.UnsupportedOperationException
11-06 18:00:31.539  9744  9788 W Binder  : 	at inq.b(PG:3)
11-06 18:00:31.539  9744  9788 W Binder  : 	at inq.gt(PG:34)
11-06 18:00:31.539  9744  9788 W Binder  : 	at dgw.onTransact(PG:21)
11-06 18:00:31.539  9744  9788 W Binder  : 	at android.os.Binder.execTransactInternal(Binder.java:1566)
11-06 18:00:31.539  9744  9788 W Binder  : 	at android.os.Binder.execTransact(Binder.java:1505)
11-06 18:00:31.540  9744  9744 W SupplementaryKeyboardsWrapper: SupplementaryKeyboardsWrapper.deactivateKeyboard():161 keyboard accessory_candidates_consumer is not activated before!
11-06 18:00:31.540  9744 25841 I SpeechFactory: SpeechRecognitionFactory.maybeScheduleAutoPackDownloadForFallback():217 maybeScheduleAutoPackDownloadForFallback()
11-06 18:00:31.540  9744 25841 I FallbackOnDeviceRecognitionProvider: FallbackOnDeviceRecognitionProvider.maybeScheduleAutoPackDownload():205 maybeScheduleAutoPackDownload() for language tag en-US
11-06 18:00:31.541  9744  9744 I KeyboardModeUtils: KeyboardModeUtils.getKeyboardBottomOffset():435 inch: 0.000000 ydpi: 387.429993 adjustKeyboardBottomByDisplaySize: false currentDensityDpi: 440 defaultDensityDpi: 440 keyboardBottomToScreenPx: 0 keyboardBottomToNavBarPx: -116 navBarHeight: 116
11-06 18:00:31.541  9744  9744 I KeyboardHeightUtil: KeyboardHeightUtil.calculateMaxKeyboardBodyHeight():50 leave 267 height for app when ime window height:2171, header height:121 and isFullscreenMode:false, so the max keyboard body height is:1783
11-06 18:00:31.541  9744  9744 I KeyboardHeightUtil: KeyboardHeightUtil.calculateMaxKeyboardBodyHeight():50 leave 267 height for app when ime window height:2171, header height:121 and isFullscreenMode:false, so the max keyboard body height is:1783
11-06 18:00:31.541  9744  9744 I AndroidIME: KeyboardViewManager.updateKeyboardBodyViewHolderPaddingBottom():472 Set finalPaddingBottom = 5 while holderPaddingBottom = 5; navigationHeight = 116
11-06 18:00:31.541  9744  9744 I KeyboardHeightUtil: KeyboardHeightUtil.calculateMaxKeyboardBodyHeight():50 leave 267 height for app when ime window height:2171, header height:121 and isFullscreenMode:false, so the max keyboard body height is:1783
11-06 18:00:31.541  9744  9744 I KeyboardHeightUtil: KeyboardHeightUtil.calculateMaxKeyboardBodyHeight():50 leave 267 height for app when ime window height:2171, header height:121 and isFullscreenMode:false, so the max keyboard body height is:1783
11-06 18:00:31.542  9744  9744 W NormalModeController: NormalModeController.adjustKeyboardBodyHeightRatio():214 Invalid height ratio from decoder -1.000000!
11-06 18:00:31.542  9744  9744 W ExtensionWrapper: ExtensionWrapper.setExtensionViewVisibility():811 interface mdz is not activate
11-06 18:00:31.546  9744  9744 I Module  : DeviceLockedStatusModuleProvider$Module.updateDeviceLockedStatus():103 repeatCheckTimes = 1, locked = false
11-06 18:00:31.546  9744  9744 I HardKeyTracker: HardKeyTracker.unregisterKeySequence():221 Unregister key sequence njr{labelResId=2132020517, callback=cif@8724348, lastModifier=2, keyCodes=[56], actions=[0]}
11-06 18:00:31.547  9744  9744 I HardKeyTracker: HardKeyTracker.unregisterKeySequence():221 Unregister key sequence njr{labelResId=2132020517, callback=cif@ad6c5e1, lastModifier=0, keyCodes=[317], actions=[0]}
11-06 18:00:31.547  9744  9744 I HardKeyTracker: HardKeyTracker.registerKeySequence():170 Register key sequence njr{labelResId=2132020517, callback=cif@c85adc0, lastModifier=2, keyCodes=[56], actions=[0]}
11-06 18:00:31.547  9744  9744 I HardKeyTracker: HardKeyTracker.registerKeySequence():170 Register key sequence njr{labelResId=2132020517, callback=cif@25baaf9, lastModifier=0, keyCodes=[317], actions=[0]}
11-06 18:00:31.547  9744  9744 I HardKeyTracker: HardKeyTracker.unregisterKeySequence():221 Unregister key sequence njr{labelResId=2132020521, callback=cif@ac2ff06, lastModifier=2, keyCodes=[48], actions=[0]}
11-06 18:00:31.547  9744  9744 I HardKeyTracker: HardKeyTracker.registerKeySequence():170 Register key sequence njr{labelResId=2132020521, callback=cif@4b5da3e, lastModifier=2, keyCodes=[48], actions=[0]}
11-06 18:00:31.548  9744  9744 I HardKeyTracker: HardKeyTracker.unregisterKeySequence():221 Unregister key sequence njr{labelResId=2132020521, callback=cif@35e99c7, lastModifier=2, keyCodes=[48], actions=[0]}
11-06 18:00:31.548  9744  9744 I HardKeyTracker: HardKeyTracker.registerKeySequence():170 Register key sequence njr{labelResId=2132020521, callback=cif@3e1009f, lastModifier=2, keyCodes=[48], actions=[0]}
11-06 18:00:31.548  9744  9744 I VoiceImeExtension: VoiceImeExtension.shouldStartVoiceInputAutomaticallyInCurrentInputBox():378 No private IME option set to start voice input.
11-06 18:00:31.549  9744  9744 I HardKeyTracker: HardKeyTracker.unregisterKeySequence():221 Unregister key sequence njr{labelResId=2132020522, callback=cif@90c4bf4, lastModifier=2, keyCodes=[32], actions=[0]}
11-06 18:00:31.549  9744  9744 I HardKeyTracker: HardKeyTracker.registerKeySequence():170 Register key sequence njr{labelResId=2132020522, callback=cif@ef7e5ec, lastModifier=2, keyCodes=[32], actions=[0]}
11-06 18:00:31.552  9744  9744 I HardKeyTracker: HardKeyTracker.unregisterKeySequence():221 Unregister key sequence njr{labelResId=2132020522, callback=cif@5b5d4d5, lastModifier=2, keyCodes=[32], actions=[0]}
11-06 18:00:31.552  9744  9744 I HardKeyTracker: HardKeyTracker.registerKeySequence():170 Register key sequence njr{labelResId=2132020522, callback=cif@6ec6497, lastModifier=2, keyCodes=[32], actions=[0]}
11-06 18:00:31.569  9744  9744 D ViewRootImpl: AppSizeAfterRelayout, size: Point(1080, 2287), rotation: ROTATION_0
11-06 18:00:31.569  9744  9744 D BufferQueueConsumer: [](id:261000000293,api:0,p:-1,c:9744) connect: controlledByApp=false
11-06 18:00:31.569  9744  9744 D BLASTBufferQueue: [VRI[InputMethod]#659](f:0,a:0) constructor()
11-06 18:00:31.569  9744  9744 D BLASTBufferQueue: [VRI[InputMethod]#659](f:0,a:0) update width=1080 height=2287 format=-2 mTransformHint=0
11-06 18:00:31.572  9744  9744 I KeyboardModeUtils: KeyboardModeUtils.getKeyboardBottomOffset():435 inch: 0.000000 ydpi: 387.429993 adjustKeyboardBottomByDisplaySize: false currentDensityDpi: 440 defaultDensityDpi: 440 keyboardBottomToScreenPx: 0 keyboardBottomToNavBarPx: -116 navBarHeight: 116
11-06 18:00:31.573  9744  9744 I KeyboardHeightUtil: KeyboardHeightUtil.calculateMaxKeyboardBodyHeight():50 leave 267 height for app when ime window height:2171, header height:121 and isFullscreenMode:false, so the max keyboard body height is:1783
11-06 18:00:31.573  9744  9744 I KeyboardHeightUtil: KeyboardHeightUtil.calculateMaxKeyboardBodyHeight():50 leave 267 height for app when ime window height:2171, header height:121 and isFullscreenMode:false, so the max keyboard body height is:1783
11-06 18:00:31.573  9744  9744 I AndroidIME: KeyboardViewManager.updateKeyboardBodyViewHolderPaddingBottom():472 Set finalPaddingBottom = 5 while holderPaddingBottom = 5; navigationHeight = 116
11-06 18:00:31.573  9744  9744 I WindowMetricsNotification: WindowMetricsNotification.notifyWithWindow():166 
11-06 18:00:31.573  9744 16830 W Binder  : Caught a RuntimeException from the binder stub implementation.
11-06 18:00:31.573  9744 16830 W Binder  : java.lang.UnsupportedOperationException
11-06 18:00:31.573  9744 16830 W Binder  : 	at inq.b(PG:3)
11-06 18:00:31.573  9744 16830 W Binder  : 	at inq.gt(PG:34)
11-06 18:00:31.573  9744 16830 W Binder  : 	at dgw.onTransact(PG:21)
11-06 18:00:31.573  9744 16830 W Binder  : 	at android.os.Binder.execTransactInternal(Binder.java:1566)
11-06 18:00:31.573  9744 16830 W Binder  : 	at android.os.Binder.execTransact(Binder.java:1505)
11-06 18:00:31.573  9744  9744 I WindowMetricsNotification: WindowMetricsNotification.notify():159 pjl[bounds=Rect(0, 105 - 1080, 2392), insets=Rect(0, 0 - 0, 116), densityDpi=440, smallestScreenWidthDp=393, displayWidth=1080, displayHeight=2392, xdpi=387.43, ydpi=387.43, isTrustable=true, displayId=0]; DisplayMetrics{density=2.75, width=1080, height=2392, scaledDensity=2.75, xdpi=387.43, ydpi=387.43}
11-06 18:00:31.576  9744 16830 W Binder  : Caught a RuntimeException from the binder stub implementation.
11-06 18:00:31.576  9744 16830 W Binder  : java.lang.UnsupportedOperationException
11-06 18:00:31.576  9744 16830 W Binder  : 	at inq.b(PG:3)
11-06 18:00:31.576  9744 16830 W Binder  : 	at inq.gt(PG:34)
11-06 18:00:31.576  9744 16830 W Binder  : 	at dgw.onTransact(PG:21)
11-06 18:00:31.576  9744 16830 W Binder  : 	at android.os.Binder.execTransactInternal(Binder.java:1566)
11-06 18:00:31.576  9744 16830 W Binder  : 	at android.os.Binder.execTransact(Binder.java:1505)
11-06 18:00:31.579 27909 27909 D BoundBrokerSvc: onBind: Intent { act=com.google.android.gms.common.BIND_SHARED_PREFS pkg=com.google.android.gms }
11-06 18:00:31.579 27909 27909 D BoundBrokerSvc: Loading bound service for intent: Intent { act=com.google.android.gms.common.BIND_SHARED_PREFS pkg=com.google.android.gms }
11-06 18:00:31.617  9744 15127 D BLASTBufferQueue: [VRI[InputMethod]#659](f:0,a:1) acquireNextBufferLocked size=1080x2287 mFrameNumber=1 applyTransaction=true mTimestamp=111538776374339(auto) mPendingTransactions.size=0 graphicBufferId=41850161334231 transform=0
11-06 18:00:31.621  9744  9744 I StylusModule: StylusModule.onUpdateToolType():799 Update tool type = 1
11-06 18:00:31.622  9744  9744 I GoogleInputMethodService: GoogleInputMethodService$1.onKeyboardViewShown():326 onKeyboardViewShown: keyboardType=prime, keyboardViewType=HEADER keyboardView=com.google.android.libraries.inputmethod.widgets.SoftKeyboardView{5b960c V.E...... ........ 0,0-1080,121}
11-06 18:00:31.623  9744  9744 I KeyboardHeightUtil: KeyboardHeightUtil.calculateMaxKeyboardBodyHeight():50 leave 267 height for app when ime window height:2171, header height:121 and isFullscreenMode:false, so the max keyboard body height is:1783
11-06 18:00:31.623  9744  9744 I GoogleInputMethodService: GoogleInputMethodService$1.onKeyboardViewShown():326 onKeyboardViewShown: keyboardType=prime, keyboardViewType=BODY keyboardView=com.google.android.libraries.inputmethod.widgets.SoftKeyboardView{99f8b64 V.E...... ........ 0,0-1080,693}
11-06 18:00:31.623  9744  9744 I KeyboardHeightUtil: KeyboardHeightUtil.calculateMaxKeyboardBodyHeight():50 leave 267 height for app when ime window height:2171, header height:121 and isFullscreenMode:false, so the max keyboard body height is:1783
11-06 18:00:31.624  9744  9744 I GlobeKeyExtension: GlobeKeyExtension$1.onKeyboardViewShown():72 maybeDisableLanguageSwitchKeyPref when the keyboard is shown
11-06 18:00:31.624  9744  9744 I GlobeKeyExtension: GlobeKeyExtension.maybeDisableLanguageSwitchKeyPref():200 maybeDisableLanguageSwitchKeyPref hasGlobeKeyBeenDisabled: false, shouldDisableLanguageSwitchKey: false
11-06 18:00:31.624  9744  9744 I NewLanguagePromptExtension: NewLanguagePromptExtension$1.onKeyboardViewShown():98 Not show new language banner: no change in enabled input method entries
11-06 18:00:31.624  9744  9744 I DynamicLayoutHandler: DynamicLayoutHandler.loadDynamicKeys():83 This isn't a dynamic layout.
11-06 18:00:31.625 23735 23735 D InsetsController: show(ime(), fromIme=true)
11-06 18:00:31.625  9744  9744 I DynamicLayoutHandler: DynamicLayoutHandler.loadDynamicKeys():83 This isn't a dynamic layout.
11-06 18:00:31.625  9744  9957 I Delight5Decoder: Delight5DecoderWrapper.setKeyboardLayout():536 setKeyboardLayout()
11-06 18:00:31.626  9744  9744 I KeyboardModeUtils: KeyboardModeUtils.getKeyboardBottomOffset():435 inch: 0.000000 ydpi: 387.429993 adjustKeyboardBottomByDisplaySize: false currentDensityDpi: 440 defaultDensityDpi: 440 keyboardBottomToScreenPx: 0 keyboardBottomToNavBarPx: -116 navBarHeight: 116
11-06 18:00:31.626  9744  9744 I KeyboardHeightUtil: KeyboardHeightUtil.calculateMaxKeyboardBodyHeight():50 leave 267 height for app when ime window height:2171, header height:121 and isFullscreenMode:false, so the max keyboard body height is:1783
11-06 18:00:31.626  9744  9744 I KeyboardHeightUtil: KeyboardHeightUtil.calculateMaxKeyboardBodyHeight():50 leave 267 height for app when ime window height:2171, header height:121 and isFullscreenMode:false, so the max keyboard body height is:1783
11-06 18:00:31.626  9744  9744 I AndroidIME: KeyboardViewManager.updateKeyboardBodyViewHolderPaddingBottom():472 Set finalPaddingBottom = 5 while holderPaddingBottom = 5; navigationHeight = 116
11-06 18:00:31.628 23735 23735 D InsetsController: show(ime(), fromIme=true)
11-06 18:00:31.628 23735 23735 I ImeTracker: com.a1taxi.boltexponativewind:49c5dc34: onCancelled at PHASE_CLIENT_APPLY_ANIMATION
11-06 18:00:31.634 23735 23735 W unknown:ViewManagerPropertyUpdater: Could not find generated setter for class com.facebook.react.uimanager.RootViewManager
11-06 18:00:31.635 23735 27440 W InteractionJankMonitor: Initializing without READ_DEVICE_CONFIG permission. enabled=false, interval=1, missedFrameThreshold=3, frameTimeThreshold=64, package=com.a1taxi.boltexponativewind
11-06 18:00:31.635  9744 16830 W Binder  : Caught a RuntimeException from the binder stub implementation.
11-06 18:00:31.635  9744 16830 W Binder  : java.lang.UnsupportedOperationException
11-06 18:00:31.635  9744 16830 W Binder  : 	at inq.b(PG:3)
11-06 18:00:31.635  9744 16830 W Binder  : 	at inq.gt(PG:34)
11-06 18:00:31.635  9744 16830 W Binder  : 	at dgw.onTransact(PG:21)
11-06 18:00:31.635  9744 16830 W Binder  : 	at android.os.Binder.execTransactInternal(Binder.java:1566)
11-06 18:00:31.635  9744 16830 W Binder  : 	at android.os.Binder.execTransact(Binder.java:1505)
11-06 18:00:31.640  9744  9788 W Binder  : Caught a RuntimeException from the binder stub implementation.
11-06 18:00:31.640  9744  9788 W Binder  : java.lang.UnsupportedOperationException
11-06 18:00:31.640  9744  9788 W Binder  : 	at inq.b(PG:3)
11-06 18:00:31.640  9744  9788 W Binder  : 	at inq.gt(PG:34)
11-06 18:00:31.640  9744  9788 W Binder  : 	at dgw.onTransact(PG:21)
11-06 18:00:31.640  9744  9788 W Binder  : 	at android.os.Binder.execTransactInternal(Binder.java:1566)
11-06 18:00:31.640  9744  9788 W Binder  : 	at android.os.Binder.execTransact(Binder.java:1505)
11-06 18:00:31.642  9744  9957 I Delight5Decoder: Delight5DecoderWrapper.setKeyboardLayout():536 setKeyboardLayout()
11-06 18:00:31.656  9744  9744 W TooltipLifecycleManager: TooltipLifecycleManager.dismissTooltips():153 Tooltip with id spell_check_add_to_dictionary not found in tooltipManager.
11-06 18:00:31.869 23735 23735 I ImeTracker: com.a1taxi.boltexponativewind:d0822dcd: onShown
11-06 18:00:32.246  9744  9744 I KeyboardModeUtils: KeyboardModeUtils.getKeyboardBottomOffset():435 inch: 0.000000 ydpi: 387.429993 adjustKeyboardBottomByDisplaySize: false currentDensityDpi: 440 defaultDensityDpi: 440 keyboardBottomToScreenPx: 0 keyboardBottomToNavBarPx: -116 navBarHeight: 116
11-06 18:00:32.247  9744  9744 I KeyboardHeightUtil: KeyboardHeightUtil.calculateMaxKeyboardBodyHeight():50 leave 267 height for app when ime window height:2171, header height:121 and isFullscreenMode:false, so the max keyboard body height is:1783
11-06 18:00:32.247  9744  9744 I KeyboardHeightUtil: KeyboardHeightUtil.calculateMaxKeyboardBodyHeight():50 leave 267 height for app when ime window height:2171, header height:121 and isFullscreenMode:false, so the max keyboard body height is:1783
11-06 18:00:32.247  9744  9744 I AndroidIME: KeyboardViewManager.updateKeyboardBodyViewHolderPaddingBottom():472 Set finalPaddingBottom = 5 while holderPaddingBottom = 5; navigationHeight = 116
11-06 18:00:32.296 16065 24413 D BluetoothAdapter: Consider BLE_ON state as OFF
11-06 18:00:32.296 16065 24413 D BluetoothAdapter: 84875764: getState(). Returning OFF
11-06 18:00:32.296 16065 24413 D BluetoothAdapter: isLeEnabled(): BLE_ON
11-06 18:00:32.301 16065 24413 D BluetoothAdapter: isLeEnabled(): BLE_ON
11-06 18:00:32.303 16065 16342 D BluetoothLeScanner: onScannerRegistered() - status=0 scannerId=2 mScannerId=0
11-06 18:00:32.309 16065 24413 I NearbySharing: Started scanning for FastInitiation with mode: SCAN_MODE_AMBIENT_DISCOVERY
11-06 18:00:32.309 16065 24413 I NearbySharing: FastInitiation warming period has ended
11-06 18:00:32.713  9744  9744 W TooltipLifecycleManager: TooltipLifecycleManager.dismissTooltips():153 Tooltip with id SUGGESTION_VIEW_EDU_MINI_DIALOG not found in tooltipManager.
11-06 18:00:32.714  9744  9744 W LatinPrimeKeyboard: LatinPrimeKeyboard.consumeEvent():353 consumeEvent() : UPDATE_DYNAMIC_KEYS, no dynamic layout
11-06 18:00:32.730  9744  9788 I AndroidSpellCheckerService: AndroidSpellCheckerService.createSession():138 com.google.android.keyboard.client.delight5.LanguageIdentifier@ae42726 is created
11-06 18:00:32.731  9744  9744 I KeyboardModeUtils: KeyboardModeUtils.getKeyboardBottomOffset():435 inch: 0.000000 ydpi: 387.429993 adjustKeyboardBottomByDisplaySize: false currentDensityDpi: 440 defaultDensityDpi: 440 keyboardBottomToScreenPx: 0 keyboardBottomToNavBarPx: -116 navBarHeight: 116
11-06 18:00:32.731  9744  9744 I KeyboardHeightUtil: KeyboardHeightUtil.calculateMaxKeyboardBodyHeight():50 leave 267 height for app when ime window height:2171, header height:121 and isFullscreenMode:false, so the max keyboard body height is:1783
11-06 18:00:32.731  9744  9744 I KeyboardHeightUtil: KeyboardHeightUtil.calculateMaxKeyboardBodyHeight():50 leave 267 height for app when ime window height:2171, header height:121 and isFullscreenMode:false, so the max keyboard body height is:1783
11-06 18:00:32.731  9744  9744 I AndroidIME: KeyboardViewManager.updateKeyboardBodyViewHolderPaddingBottom():472 Set finalPaddingBottom = 5 while holderPaddingBottom = 5; navigationHeight = 116
11-06 18:00:32.753  2011  3879 V AutofillSession: Primary service component name: ComponentInfo{com.google.android.gms/com.google.android.gms.autofill.service.AutofillService}, secondary service component name: ComponentInfo{com.android.credentialmanager/com.android.credentialmanager.autofill.CredentialAutofillService}
11-06 18:00:32.763 23735 23735 I AssistStructure: Flattened final assist data: 2108 bytes, containing 1 windows, 12 views
11-06 18:00:32.763  2011  3391 D AutofillSession: createPendingIntent for request 730
11-06 18:00:32.791  5354  8039 I dwbx    : (REDACTED) appOpsListener %s %s
11-06 18:00:32.793  5354  8039 I dwbx    : (REDACTED) Ignoring irrelevant audio permission changes for package %s
11-06 18:00:32.816  9744  9744 I KeyboardModeUtils: KeyboardModeUtils.getKeyboardBottomOffset():435 inch: 0.000000 ydpi: 387.429993 adjustKeyboardBottomByDisplaySize: false currentDensityDpi: 440 defaultDensityDpi: 440 keyboardBottomToScreenPx: 0 keyboardBottomToNavBarPx: -116 navBarHeight: 116
11-06 18:00:32.816  9744  9744 I KeyboardHeightUtil: KeyboardHeightUtil.calculateMaxKeyboardBodyHeight():50 leave 267 height for app when ime window height:2171, header height:121 and isFullscreenMode:false, so the max keyboard body height is:1783
11-06 18:00:32.816  9744  9744 I KeyboardHeightUtil: KeyboardHeightUtil.calculateMaxKeyboardBodyHeight():50 leave 267 height for app when ime window height:2171, header height:121 and isFullscreenMode:false, so the max keyboard body height is:1783
11-06 18:00:32.816  9744  9744 I AndroidIME: KeyboardViewManager.updateKeyboardBodyViewHolderPaddingBottom():472 Set finalPaddingBottom = 5 while holderPaddingBottom = 5; navigationHeight = 116
11-06 18:00:32.837 16065 25634 W aoha    : Failed to retrieve prediction data. [CONTEXT service_id=177 ]
11-06 18:00:32.837 16065 25634 W aoha    : java.util.concurrent.ExecutionException: fpuo: No active MDD filegroup android-autofill-infinitedata found for the table autofill-domain-predictions-prod-spanner.
11-06 18:00:32.837 16065 25634 W aoha    : 	at grgu.j(:com.google.android.gms@254232035@25.42.32 (260400-820822052):21)
11-06 18:00:32.837 16065 25634 W aoha    : 	at grhd.v(:com.google.android.gms@254232035@25.42.32 (260400-820822052):107)
11-06 18:00:32.837 16065 25634 W aoha    : 	at grgu.get(:com.google.android.gms@254232035@25.42.32 (260400-820822052):2)
11-06 18:00:32.837 16065 25634 W aoha    : 	at aoha.e(:com.google.android.gms@254232035@25.42.32 (260400-820822052):81)
11-06 18:00:32.837 16065 25634 W aoha    : 	at aoha.a(:com.google.android.gms@254232035@25.42.32 (260400-820822052):124)
11-06 18:00:32.837 16065 25634 W aoha    : 	at aoek.call(:com.google.android.gms@254232035@25.42.32 (260400-820822052):5)
11-06 18:00:32.837 16065 25634 W aoha    : 	at java.util.concurrent.FutureTask.run(FutureTask.java:317)
11-06 18:00:32.837 16065 25634 W aoha    : 	at bddm.c(:com.google.android.gms@254232035@25.42.32 (260400-820822052):50)
11-06 18:00:32.837 16065 25634 W aoha    : 	at bddm.run(:com.google.android.gms@254232035@25.42.32 (260400-820822052):73)
11-06 18:00:32.837 16065 25634 W aoha    : 	at java.util.concurrent.ThreadPoolExecutor.runWorker(ThreadPoolExecutor.java:1156)
11-06 18:00:32.837 16065 25634 W aoha    : 	at java.util.concurrent.ThreadPoolExecutor$Worker.run(ThreadPoolExecutor.java:651)
11-06 18:00:32.837 16065 25634 W aoha    : 	at bdjd.run(:com.google.android.gms@254232035@25.42.32 (260400-820822052):8)
11-06 18:00:32.837 16065 25634 W aoha    : 	at java.lang.Thread.run(Thread.java:1119)
11-06 18:00:32.837 16065 25634 W aoha    : Caused by: fpuo: No active MDD filegroup android-autofill-infinitedata found for the table autofill-domain-predictions-prod-spanner.
11-06 18:00:32.837 16065 25634 W aoha    : 	at fpvc.a(:com.google.android.gms@254232035@25.42.32 (260400-820822052):13)
11-06 18:00:32.837 16065 25634 W aoha    : 	at grgk.d(:com.google.android.gms@254232035@25.42.32 (260400-820822052):3)
11-06 18:00:32.837 16065 25634 W aoha    : 	at grgm.run(:com.google.android.gms@254232035@25.42.32 (260400-820822052):130)
11-06 18:00:32.837 16065 25634 W aoha    : 	at grit.execute(:com.google.android.gms@254232035@25.42.32 (260400-820822052):1)
11-06 18:00:32.837 16065 25634 W aoha    : 	at grgu.f(:com.google.android.gms@254232035@25.42.32 (260400-820822052):1)
11-06 18:00:32.837 16065 25634 W aoha    : 	at grgu.m(:com.google.android.gms@254232035@25.42.32 (260400-820822052):99)
11-06 18:00:32.837 16065 25634 W aoha    : 	at grgu.r(:com.google.android.gms@254232035@25.42.32 (260400-820822052):17)
11-06 18:00:32.837 16065 25634 W aoha    : 	at grhh.run(:com.google.android.gms@254232035@25.42.32 (260400-820822052):77)
11-06 18:00:32.837 16065 25634 W aoha    : 	at grit.execute(:com.google.android.gms@254232035@25.42.32 (260400-820822052):1)
11-06 18:00:32.837 16065 25634 W aoha    : 	at grgu.f(:com.google.android.gms@254232035@25.42.32 (260400-820822052):1)
11-06 18:00:32.837 16065 25634 W aoha    : 	at grgu.m(:com.google.android.gms@254232035@25.42.32 (260400-820822052):99)
11-06 18:00:32.837 16065 25634 W aoha    : 	at grgu.t(:com.google.android.gms@254232035@25.42.32 (260400-820822052):26)
11-06 18:00:32.837 16065 25634 W aoha    : 	at grgk.e(:com.google.android.gms@254232035@25.42.32 (260400-820822052):3)
11-06 18:00:32.837 16065 25634 W aoha    : 	at grgm.run(:com.google.android.gms@254232035@25.42.32 (260400-820822052):138)
11-06 18:00:32.837 16065 25634 W aoha    : 	at grit.execute(:com.google.android.gms@254232035@25.42.32 (260400-820822052):1)
