11-06 18:00:41.013  9744  9744 I KeyboardWrapper: KeyboardWrapper.onKeyboardReady():224 onKeyboardReady(): type=prime(prime), kb=com.google.android.apps.inputmethod.latin.keyboard.LatinPrimeKeyboard@3fcde75
11-06 18:00:41.013  9744  9744 I KeyboardWrapper: KeyboardWrapper.doActivateKeyboard():611 doActivateKeyboard(): prime
11-06 18:00:41.016  9744  9744 I KeyboardHeightUtil: KeyboardHeightUtil.calculateMaxKeyboardBodyHeight():50 leave 267 height for app when ime window height:2171, header height:121 and isFullscreenMode:false, so the max keyboard body height is:1783
11-06 18:00:41.016  9744 26859 W Binder  : Caught a RuntimeException from the binder stub implementation.
11-06 18:00:41.016  9744 26859 W Binder  : java.lang.UnsupportedOperationException
11-06 18:00:41.016  9744 26859 W Binder  : 	at inq.b(PG:3)
11-06 18:00:41.016  9744 26859 W Binder  : 	at inq.gt(PG:34)
11-06 18:00:41.016  9744 26859 W Binder  : 	at dgw.onTransact(PG:21)
11-06 18:00:41.016  9744 26859 W Binder  : 	at android.os.Binder.execTransactInternal(Binder.java:1566)
11-06 18:00:41.016  9744 26859 W Binder  : 	at android.os.Binder.execTransact(Binder.java:1505)
11-06 18:00:41.016  9744  9744 W TooltipLifecycleManager: TooltipLifecycleManager.dismissTooltips():153 Tooltip with id undo_access_point_promotion_banner not found in tooltipManager.
11-06 18:00:41.016  9744  9744 I GlobeKeyExtension: GlobeKeyExtension.getKeyboardInitialStates():175 
11-06 18:00:41.017  9744  9744 W Keyboard: Keyboard.getKeyboardViewHelper():602 null helper is returned: keyboardDef=moo{processedConditions={show_comma_key=true, enable_more_candidates_view_for_multilingual=false, layout_9key_split=false, enable_secondary_symbols=false, pref_enable_flick_symbols=false, language=en-US, deprecate_long_press_space_for_ime_picker=false, expressions=normal, android_software_xr_api_spatial=false, enable_flick_symbols=true, variant=qwerty, show_period_key=true, enable_number_row=true, device=phone, keyboard_mode=normal, show_secondary_digits=false, enable_preemptive_decode=true, enable_pk_simulator=false}, globalConditions={global_theme_key=theme,!gsf,!pgsans,!pgsf,!use_system_font,BORDER,FLAVOR_DPI=XXHDPI,GOOGLE_ICONS,KEYBOARD_WIDTH_CATEGORY=NORMAL,KEY_BORDER_SHAPE=1,LIGHT_THEME=false,PHYSICAL_DIAGONAL=5.748144,POPUP,SCREEN_SHORTEST_WIDTH=393,SCREEN_SHORTEST_WIDTH_NO_SCALE=393,XXHDPI,bottom4dp,enable_emoji_kitchen_browse_color_v2=true,enable_google_fonts_icons=true,enable_popup_on_keypress=true,keyboard_redesign_google_sans=true,non_linear_scale,noshadow,overlay_builtin_dynamic_color_dark_base.binarypb:gm3-dark-ff131313-ffffffff-4d9204e36e3ccb6a165e3e3dbe763ce0,roundedchip,silkpopup, global_locale=en_US, global_density_dpi=440, global_orientation=1}, className=.latin.keyboard.LatinPrimeKeyboard, resourceIds=[#0x7f1705fc, #0x7f17088e], initialStates=0, keyboardViewDefs=[mpc{direction=null, id=#0x7f0b0226, isScalable=true, layoutId=#0x7f0e029d, type=BODY, touchable=true, defaultShow=true}, mpc{direction=null, id=#0x7f0b0226, isScalable=false, layoutId=#0x7f0e01f9, type=FLOATING_CANDIDATES, touchable=false, defaultShow=false}, mpc{direction=LOCALE, id=#0x7f0b0226, isScalable=false, layoutId=#0x7f0e0502, type=HEADER, touchable=true, defaultShow=true}], persistentStates=0, persistentStatesPrefKey=null, popupBubbleLayoutId=#0x7f0e05f3, recentKeyLayoutId=0, recentKeyPopupLayoutId=0, recentKeyType=null, rememberRecentKey=NONE, sessionStates=17592186044419}, type=WIDGET, helpersCreated={HEADER=mau@d3df654, BODY=mau@d67a9fd, FLOATING_CANDIDATES=mau@19ca6f2}, context.getResources().getConfiguration(): {1.0 405mcc869mnc [en_US] ldltr sw393dp w393dp h790dp 440dpi nrml long port night finger -keyb/v/h -nav/h winConfig={ mBounds=Rect(0, 0 - 1080, 2392) mAppBounds=Rect(0, 103 - 1080, 2276) mMaxBounds=Rect(0, 0 - 1080, 2392) mDisplayRotation=ROTATION_0 mWindowingMode=fullscreen mActivityType=undefined mAlwaysOnTop=undefined mRotation=ROTATION_0 isEmbedding:false} s.669 fontWeightAdjustment=0 themeId=2 themeParameter=0 nightModeLevel = -1 typefaceChanged=0.0 ?spacesystem eaMode=1}
11-06 18:00:41.017  9744  9744 I KeyboardHeightUtil: KeyboardHeightUtil.calculateMaxKeyboardBodyHeight():50 leave 267 height for app when ime window height:2171, header height:121 and isFullscreenMode:false, so the max keyboard body height is:1783
11-06 18:00:41.019  9744  9744 I AndroidIME: InputBundleManager.startInput():358 startInput() with moy[keyboardType=prime, payload=null]
11-06 18:00:41.019  9744  9744 I GlobeKeyExtension: GlobeKeyExtension.onDeactivate():144 
11-06 18:00:41.019  9744  9744 W TooltipLifecycleManager: TooltipLifecycleManager.dismissTooltips():153 Tooltip with id SUGGESTION_VIEW_EDU_MINI_DIALOG not found in tooltipManager.
11-06 18:00:41.020  9744  9744 I VoiceInputManagerWrapper: VoiceInputManagerWrapper.shutdown():131 shutdown()
11-06 18:00:41.020  9744  9744 I GlobeKeyExtension: GlobeKeyExtension.onActivate():120 
11-06 18:00:41.021  9744 26859 W Binder  : Caught a RuntimeException from the binder stub implementation.
11-06 18:00:41.021  9744 26859 W Binder  : java.lang.UnsupportedOperationException
11-06 18:00:41.021  9744 26859 W Binder  : 	at inq.b(PG:3)
11-06 18:00:41.021  9744 26859 W Binder  : 	at inq.gt(PG:34)
11-06 18:00:41.021  9744 26859 W Binder  : 	at dgw.onTransact(PG:21)
11-06 18:00:41.021  9744 26859 W Binder  : 	at android.os.Binder.execTransactInternal(Binder.java:1566)
11-06 18:00:41.021  9744 26859 W Binder  : 	at android.os.Binder.execTransact(Binder.java:1505)
11-06 18:00:41.022  9744  9744 I LanguagePromoExtension: LanguagePromoExtension.checkDisplayPreconditions():174 Not show language promo: exceeds the max display times.
11-06 18:00:41.022  9744  9744 I VoiceInputManagerWrapper: VoiceInputManagerWrapper.cancelShutdown():109 cancelShutdown()
11-06 18:00:41.022  9744  9744 I VoiceInputManagerWrapper: VoiceInputManagerWrapper.syncLanguagePacks():121 syncLanguagePacks()
11-06 18:00:41.022  9744  9744 I VoiceInputManager: VoiceInputManager.onKeyboardActivated():1206 onKeyboardActivated() [UD]
11-06 18:00:41.022  9744 25841 I SpeechFactory: SpeechRecognitionFactory.maybeScheduleAutoPackDownloadForFallback():217 maybeScheduleAutoPackDownloadForFallback()
11-06 18:00:41.022  9744  9744 I PkModeUpdater: PkModeUpdater.onActivate():74 onActivate false true
11-06 18:00:41.022  9744 25841 I FallbackOnDeviceRecognitionProvider: FallbackOnDeviceRecognitionProvider.maybeScheduleAutoPackDownload():205 maybeScheduleAutoPackDownload() for language tag en-US
11-06 18:00:41.023  9744  9744 I AccessoryInputModeManager: AccessoryInputModeManager.onModeStarted():318 Accessory input mode started: null
11-06 18:00:41.023  9744  9744 W SupplementaryKeyboardsWrapper: SupplementaryKeyboardsWrapper.deactivateKeyboard():161 keyboard accessory_candidates_consumer is not activated before!
11-06 18:00:41.023  3835  3835 V InlineSuggestionRenderService: width=-2, height=-2, measuredSize=366x121
11-06 18:00:41.024  9744  9744 I KeyboardModeUtils: KeyboardModeUtils.getKeyboardBottomOffset():435 inch: 0.000000 ydpi: 387.429993 adjustKeyboardBottomByDisplaySize: false currentDensityDpi: 440 defaultDensityDpi: 440 keyboardBottomToScreenPx: 0 keyboardBottomToNavBarPx: -116 navBarHeight: 116
11-06 18:00:41.024  9744  9744 I KeyboardHeightUtil: KeyboardHeightUtil.calculateMaxKeyboardBodyHeight():50 leave 267 height for app when ime window height:2171, header height:121 and isFullscreenMode:false, so the max keyboard body height is:1783
11-06 18:00:41.024  9744  9744 I KeyboardHeightUtil: KeyboardHeightUtil.calculateMaxKeyboardBodyHeight():50 leave 267 height for app when ime window height:2171, header height:121 and isFullscreenMode:false, so the max keyboard body height is:1783
11-06 18:00:41.025  9744  9744 I AndroidIME: KeyboardViewManager.updateKeyboardBodyViewHolderPaddingBottom():472 Set finalPaddingBottom = 5 while holderPaddingBottom = 5; navigationHeight = 116
11-06 18:00:41.025  9744  9744 I KeyboardHeightUtil: KeyboardHeightUtil.calculateMaxKeyboardBodyHeight():50 leave 267 height for app when ime window height:2171, header height:121 and isFullscreenMode:false, so the max keyboard body height is:1783
11-06 18:00:41.025  9744 26859 W Binder  : Caught a RuntimeException from the binder stub implementation.
11-06 18:00:41.025  9744 26859 W Binder  : java.lang.UnsupportedOperationException
11-06 18:00:41.025  9744 26859 W Binder  : 	at inq.b(PG:3)
11-06 18:00:41.025  9744 26859 W Binder  : 	at inq.gt(PG:34)
11-06 18:00:41.025  9744 26859 W Binder  : 	at dgw.onTransact(PG:21)
11-06 18:00:41.025  9744 26859 W Binder  : 	at android.os.Binder.execTransactInternal(Binder.java:1566)
11-06 18:00:41.025  9744 26859 W Binder  : 	at android.os.Binder.execTransact(Binder.java:1505)
11-06 18:00:41.025  9744  9744 I KeyboardHeightUtil: KeyboardHeightUtil.calculateMaxKeyboardBodyHeight():50 leave 267 height for app when ime window height:2171, header height:121 and isFullscreenMode:false, so the max keyboard body height is:1783
11-06 18:00:41.025  9744  9744 W NormalModeController: NormalModeController.adjustKeyboardBodyHeightRatio():214 Invalid height ratio from decoder -1.000000!
11-06 18:00:41.025  9744  9744 W ExtensionWrapper: ExtensionWrapper.setExtensionViewVisibility():811 interface mdz is not activate
11-06 18:00:41.026  9744 26859 W Binder  : Caught a RuntimeException from the binder stub implementation.
11-06 18:00:41.026  9744 26859 W Binder  : java.lang.UnsupportedOperationException
11-06 18:00:41.026  9744 26859 W Binder  : 	at inq.b(PG:3)
11-06 18:00:41.026  9744 26859 W Binder  : 	at inq.gt(PG:34)
11-06 18:00:41.026  9744 26859 W Binder  : 	at dgw.onTransact(PG:21)
11-06 18:00:41.026  9744 26859 W Binder  : 	at android.os.Binder.execTransactInternal(Binder.java:1566)
11-06 18:00:41.026  9744 26859 W Binder  : 	at android.os.Binder.execTransact(Binder.java:1505)
11-06 18:00:41.026  9744  9744 I Module  : DeviceLockedStatusModuleProvider$Module.updateDeviceLockedStatus():103 repeatCheckTimes = 1, locked = false
11-06 18:00:41.026  9744  9744 I VoiceImeExtension: VoiceImeExtension.shouldStartVoiceInputAutomaticallyInCurrentInputBox():378 No private IME option set to start voice input.
11-06 18:00:41.028  9744 26859 W Binder  : Caught a RuntimeException from the binder stub implementation.
11-06 18:00:41.028  9744 26859 W Binder  : java.lang.UnsupportedOperationException
11-06 18:00:41.028  9744 26859 W Binder  : 	at inq.b(PG:3)
11-06 18:00:41.028  9744 26859 W Binder  : 	at inq.gt(PG:34)
11-06 18:00:41.028  9744 26859 W Binder  : 	at dgw.onTransact(PG:21)
11-06 18:00:41.028  9744 26859 W Binder  : 	at android.os.Binder.execTransactInternal(Binder.java:1566)
11-06 18:00:41.028  9744 26859 W Binder  : 	at android.os.Binder.execTransact(Binder.java:1505)
11-06 18:00:41.030  9744  9744 I KeyboardModeUtils: KeyboardModeUtils.getKeyboardBottomOffset():435 inch: 0.000000 ydpi: 387.429993 adjustKeyboardBottomByDisplaySize: false currentDensityDpi: 440 defaultDensityDpi: 440 keyboardBottomToScreenPx: 0 keyboardBottomToNavBarPx: -116 navBarHeight: 116
11-06 18:00:41.030  9744  9744 I KeyboardHeightUtil: KeyboardHeightUtil.calculateMaxKeyboardBodyHeight():50 leave 267 height for app when ime window height:2171, header height:121 and isFullscreenMode:false, so the max keyboard body height is:1783
11-06 18:00:41.030  9744  9744 I KeyboardHeightUtil: KeyboardHeightUtil.calculateMaxKeyboardBodyHeight():50 leave 267 height for app when ime window height:2171, header height:121 and isFullscreenMode:false, so the max keyboard body height is:1783
11-06 18:00:41.030  9744  9744 I AndroidIME: KeyboardViewManager.updateKeyboardBodyViewHolderPaddingBottom():472 Set finalPaddingBottom = 5 while holderPaddingBottom = 5; navigationHeight = 116
11-06 18:00:41.030  9744  9744 I WindowMetricsNotification: WindowMetricsNotification.notifyWithWindow():166 
11-06 18:00:41.030  9744  9744 I WindowMetricsNotification: WindowMetricsNotification.notify():159 pjl[bounds=Rect(0, 105 - 1080, 2392), insets=Rect(0, 0 - 0, 116), densityDpi=440, smallestScreenWidthDp=393, displayWidth=1080, displayHeight=2392, xdpi=387.43, ydpi=387.43, isTrustable=true, displayId=0]; DisplayMetrics{density=2.75, width=1080, height=2392, scaledDensity=2.75, xdpi=387.43, ydpi=387.43}
11-06 18:00:41.031  9744  9787 W Binder  : Caught a RuntimeException from the binder stub implementation.
11-06 18:00:41.031  9744  9787 W Binder  : java.lang.UnsupportedOperationException
11-06 18:00:41.031  9744  9787 W Binder  : 	at inq.b(PG:3)
11-06 18:00:41.031  9744  9787 W Binder  : 	at inq.gt(PG:34)
11-06 18:00:41.031  9744  9787 W Binder  : 	at dgw.onTransact(PG:21)
11-06 18:00:41.031  9744  9787 W Binder  : 	at android.os.Binder.execTransactInternal(Binder.java:1566)
11-06 18:00:41.031  9744  9787 W Binder  : 	at android.os.Binder.execTransact(Binder.java:1505)
11-06 18:00:41.033  9744  9787 W Binder  : Caught a RuntimeException from the binder stub implementation.
11-06 18:00:41.033  9744  9787 W Binder  : java.lang.UnsupportedOperationException
11-06 18:00:41.033  9744  9787 W Binder  : 	at inq.b(PG:3)
11-06 18:00:41.033  9744  9787 W Binder  : 	at inq.gt(PG:34)
11-06 18:00:41.033  9744  9787 W Binder  : 	at dgw.onTransact(PG:21)
11-06 18:00:41.033  9744  9787 W Binder  : 	at android.os.Binder.execTransactInternal(Binder.java:1566)
11-06 18:00:41.033  9744  9787 W Binder  : 	at android.os.Binder.execTransact(Binder.java:1505)
11-06 18:00:41.034  9744  9787 W Binder  : Caught a RuntimeException from the binder stub implementation.
11-06 18:00:41.034  9744  9787 W Binder  : java.lang.UnsupportedOperationException
11-06 18:00:41.034  9744  9787 W Binder  : 	at inq.b(PG:3)
11-06 18:00:41.034  9744  9787 W Binder  : 	at inq.gt(PG:34)
11-06 18:00:41.034  9744  9787 W Binder  : 	at dgw.onTransact(PG:21)
11-06 18:00:41.034  9744  9787 W Binder  : 	at android.os.Binder.execTransactInternal(Binder.java:1566)
11-06 18:00:41.034  9744  9787 W Binder  : 	at android.os.Binder.execTransact(Binder.java:1505)
11-06 18:00:41.035  9744  9744 W InputContextProxy: InputContextProxy.applyClientDiffInternal():933 Ignore [FetchSuggestions] diff due to stale request: 8332<8336, inputStateId=3248, lastInputStateId=3250
11-06 18:00:41.035  9744  9744 I GoogleInputMethodService: GoogleInputMethodService$1.onKeyboardViewShown():326 onKeyboardViewShown: keyboardType=prime, keyboardViewType=HEADER keyboardView=com.google.android.libraries.inputmethod.widgets.SoftKeyboardView{5b960c V.E...... ........ 0,0-1080,121}
11-06 18:00:41.035  9744  9744 I KeyboardHeightUtil: KeyboardHeightUtil.calculateMaxKeyboardBodyHeight():50 leave 267 height for app when ime window height:2171, header height:121 and isFullscreenMode:false, so the max keyboard body height is:1783
11-06 18:00:41.035  9744  9744 I GoogleInputMethodService: GoogleInputMethodService$1.onKeyboardViewShown():326 onKeyboardViewShown: keyboardType=prime, keyboardViewType=BODY keyboardView=com.google.android.libraries.inputmethod.widgets.SoftKeyboardView{99f8b64 V.E...... ........ 0,0-1080,693}
11-06 18:00:41.036  9744  9744 I KeyboardHeightUtil: KeyboardHeightUtil.calculateMaxKeyboardBodyHeight():50 leave 267 height for app when ime window height:2171, header height:121 and isFullscreenMode:false, so the max keyboard body height is:1783
11-06 18:00:41.036  9744  9787 W Binder  : Caught a RuntimeException from the binder stub implementation.
11-06 18:00:41.036  9744  9787 W Binder  : java.lang.UnsupportedOperationException
11-06 18:00:41.036  9744  9787 W Binder  : 	at inq.b(PG:3)
11-06 18:00:41.036  9744  9787 W Binder  : 	at inq.gt(PG:34)
11-06 18:00:41.036  9744  9787 W Binder  : 	at dgw.onTransact(PG:21)
11-06 18:00:41.036  9744  9787 W Binder  : 	at android.os.Binder.execTransactInternal(Binder.java:1566)
11-06 18:00:41.036  9744  9787 W Binder  : 	at android.os.Binder.execTransact(Binder.java:1505)
11-06 18:00:41.036  9744  9744 I GlobeKeyExtension: GlobeKeyExtension$1.onKeyboardViewShown():72 maybeDisableLanguageSwitchKeyPref when the keyboard is shown
11-06 18:00:41.036  9744  9744 I GlobeKeyExtension: GlobeKeyExtension.maybeDisableLanguageSwitchKeyPref():200 maybeDisableLanguageSwitchKeyPref hasGlobeKeyBeenDisabled: false, shouldDisableLanguageSwitchKey: false
11-06 18:00:41.036  9744  9744 I NewLanguagePromptExtension: NewLanguagePromptExtension$1.onKeyboardViewShown():98 Not show new language banner: no change in enabled input method entries
11-06 18:00:41.036  9744  9744 I DynamicLayoutHandler: DynamicLayoutHandler.loadDynamicKeys():83 This isn't a dynamic layout.
11-06 18:00:41.036  9744  9957 I Delight5Decoder: Delight5DecoderWrapper.setKeyboardLayout():536 setKeyboardLayout()
11-06 18:00:41.038  3835  3835 D ViewRootImpl: AppSizeAfterRelayout, size: Point(366, 121), rotation: ROTATION_0
11-06 18:00:41.038  3835  3835 D BufferQueueConsumer: [](id:efb000000cc,api:0,p:-1,c:3835) connect: controlledByApp=false
11-06 18:00:41.038  3835  3835 D BLASTBufferQueue: [VRI[]#204](f:0,a:0) constructor()
11-06 18:00:41.038  3835  3835 D BLASTBufferQueue: [VRI[]#204](f:0,a:0) update width=366 height=121 format=-2 mTransformHint=0
11-06 18:00:41.041  9744  9787 W Binder  : Caught a RuntimeException from the binder stub implementation.
11-06 18:00:41.041  9744  9787 W Binder  : java.lang.UnsupportedOperationException
11-06 18:00:41.041  9744  9787 W Binder  : 	at inq.b(PG:3)
11-06 18:00:41.041  9744  9787 W Binder  : 	at inq.gt(PG:34)
11-06 18:00:41.041  9744  9787 W Binder  : 	at dgw.onTransact(PG:21)
11-06 18:00:41.041  9744  9787 W Binder  : 	at android.os.Binder.execTransactInternal(Binder.java:1566)
11-06 18:00:41.041  9744  9787 W Binder  : 	at android.os.Binder.execTransact(Binder.java:1505)
11-06 18:00:41.042  9744  9787 W Binder  : Caught a RuntimeException from the binder stub implementation.
11-06 18:00:41.042  9744  9787 W Binder  : java.lang.UnsupportedOperationException
11-06 18:00:41.042  9744  9787 W Binder  : 	at inq.b(PG:3)
11-06 18:00:41.042  9744  9787 W Binder  : 	at inq.gt(PG:34)
11-06 18:00:41.042  9744  9787 W Binder  : 	at dgw.onTransact(PG:21)
11-06 18:00:41.042  9744  9787 W Binder  : 	at android.os.Binder.execTransactInternal(Binder.java:1566)
11-06 18:00:41.042  9744  9787 W Binder  : 	at android.os.Binder.execTransact(Binder.java:1505)
11-06 18:00:41.043  9744  9787 W Binder  : Caught a RuntimeException from the binder stub implementation.
11-06 18:00:41.043  9744  9787 W Binder  : java.lang.UnsupportedOperationException
11-06 18:00:41.043  9744  9787 W Binder  : 	at inq.b(PG:3)
11-06 18:00:41.043  9744  9787 W Binder  : 	at inq.gt(PG:34)
11-06 18:00:41.043  9744  9787 W Binder  : 	at dgw.onTransact(PG:21)
11-06 18:00:41.043  9744  9787 W Binder  : 	at android.os.Binder.execTransactInternal(Binder.java:1566)
11-06 18:00:41.043  9744  9787 W Binder  : 	at android.os.Binder.execTransact(Binder.java:1505)
11-06 18:00:41.047  2011  2052 D AutofillSession: onShown(): 2, 1
11-06 18:00:41.048  9744  9744 I ProactiveSuggestionsHolderManager: ProactiveSuggestionsHolderManager$2.display():199 Requesting to show proactive suggestions: AUTO_FILL PREEMPTIVE_WITH_SUPPRESSION
11-06 18:00:41.050  9744  9744 D BufferQueueConsumer: [](id:261000000295,api:0,p:-1,c:9744) connect: controlledByApp=false
11-06 18:00:41.052  9744  9744 D BLASTBufferQueue: [SurfaceView[InputMethod]#661](f:0,a:0) constructor()
11-06 18:00:41.052  9744  9744 D BLASTBufferQueue: [SurfaceView[InputMethod]#661](f:0,a:0) update width=770 height=121 format=-2 mTransformHint=0
11-06 18:00:41.053  3835 28520 D BLASTBufferQueue: [VRI[]#204](f:0,a:1) acquireNextBufferLocked size=366x121 mFrameNumber=1 applyTransaction=true mTimestamp=111548211560186(auto) mPendingTransactions.size=0 graphicBufferId=16471199581594 transform=0
11-06 18:00:41.054  2011  3391 D BatteryStatsService: noteVideoSurfaceChanged  noteWhich: 49,arg1: 770, arg2: 121, arg3: 9744, arg4: 17177, name: com.google.android.inputmethod.latin
11-06 18:00:41.059  9744  9744 I KeyboardModeUtils: KeyboardModeUtils.getKeyboardBottomOffset():435 inch: 0.000000 ydpi: 387.429993 adjustKeyboardBottomByDisplaySize: false currentDensityDpi: 440 defaultDensityDpi: 440 keyboardBottomToScreenPx: 0 keyboardBottomToNavBarPx: -116 navBarHeight: 116
11-06 18:00:41.059  9744  9744 I KeyboardHeightUtil: KeyboardHeightUtil.calculateMaxKeyboardBodyHeight():50 leave 267 height for app when ime window height:2171, header height:121 and isFullscreenMode:false, so the max keyboard body height is:1783
11-06 18:00:41.059  9744  9744 I KeyboardHeightUtil: KeyboardHeightUtil.calculateMaxKeyboardBodyHeight():50 leave 267 height for app when ime window height:2171, header height:121 and isFullscreenMode:false, so the max keyboard body height is:1783
11-06 18:00:41.060  9744  9744 I AndroidIME: KeyboardViewManager.updateKeyboardBodyViewHolderPaddingBottom():472 Set finalPaddingBottom = 5 while holderPaddingBottom = 5; navigationHeight = 116
11-06 18:00:41.060  9744  9787 W Binder  : Caught a RuntimeException from the binder stub implementation.
11-06 18:00:41.060  9744  9787 W Binder  : java.lang.UnsupportedOperationException
11-06 18:00:41.060  9744  9787 W Binder  : 	at inq.b(PG:3)
11-06 18:00:41.060  9744  9787 W Binder  : 	at inq.gt(PG:34)
11-06 18:00:41.060  9744  9787 W Binder  : 	at dgw.onTransact(PG:21)
11-06 18:00:41.060  9744  9787 W Binder  : 	at android.os.Binder.execTransactInternal(Binder.java:1566)
11-06 18:00:41.060  9744  9787 W Binder  : 	at android.os.Binder.execTransact(Binder.java:1505)
11-06 18:00:41.063  9744  9744 D BufferQueueConsumer: [](id:261000000296,api:0,p:-1,c:9744) connect: controlledByApp=false
11-06 18:00:41.063  9744  9744 D BLASTBufferQueue: [SurfaceView[InputMethod]#662](f:0,a:0) constructor()
11-06 18:00:41.063  9744  9744 D BLASTBufferQueue: [SurfaceView[InputMethod]#662](f:0,a:0) update width=366 height=121 format=-2 mTransformHint=0
11-06 18:00:41.065  2011  3391 D BatteryStatsService: noteVideoSurfaceChanged  noteWhich: 49,arg1: 366, arg2: 121, arg3: 9744, arg4: 19154, name: com.google.android.inputmethod.latin
11-06 18:00:41.068  9744 15127 D BLASTBufferQueue: [SurfaceView[InputMethod]#662](f:0,a:1) acquireNextBufferLocked size=366x121 mFrameNumber=1 applyTransaction=true mTimestamp=111548227644801(auto) mPendingTransactions.size=0 graphicBufferId=41850161334244 transform=0
11-06 18:00:41.070  2011  3830 D BatteryStatsService: noteVideoSurfaceChanged  noteWhich: 49,arg1: 184, arg2: 13, arg3: 9744, arg4: 19154, name: com.google.android.inputmethod.latin
11-06 18:00:41.071  2011  3830 D BatteryStatsService: noteVideoSurfaceChanged  noteWhich: 49,arg1: 770, arg2: 121, arg3: 9744, arg4: 17177, name: com.google.android.inputmethod.latin
11-06 18:00:41.076  2011  3391 D BatteryStatsService: noteVideoSurfaceChanged  noteWhich: 49,arg1: 220, arg2: 35, arg3: 9744, arg4: 19154, name: com.google.android.inputmethod.latin
11-06 18:00:41.086  2011  3391 D BatteryStatsService: noteVideoSurfaceChanged  noteWhich: 49,arg1: 256, arg2: 55, arg3: 9744, arg4: 19154, name: com.google.android.inputmethod.latin
11-06 18:00:41.105  2011  3830 D BatteryStatsService: noteVideoSurfaceChanged  noteWhich: 49,arg1: 286, arg2: 73, arg3: 9744, arg4: 19154, name: com.google.android.inputmethod.latin
11-06 18:00:41.121  2011  3391 D BatteryStatsService: noteVideoSurfaceChanged  noteWhich: 49,arg1: 310, arg2: 87, arg3: 9744, arg4: 19154, name: com.google.android.inputmethod.latin
11-06 18:00:41.138  2011  3830 D BatteryStatsService: noteVideoSurfaceChanged  noteWhich: 49,arg1: 330, arg2: 101, arg3: 9744, arg4: 19154, name: com.google.android.inputmethod.latin
11-06 18:00:41.154  2011  3830 D BatteryStatsService: noteVideoSurfaceChanged  noteWhich: 49,arg1: 346, arg2: 109, arg3: 9744, arg4: 19154, name: com.google.android.inputmethod.latin
11-06 18:00:41.171  2011  3830 D BatteryStatsService: noteVideoSurfaceChanged  noteWhich: 49,arg1: 358, arg2: 117, arg3: 9744, arg4: 19154, name: com.google.android.inputmethod.latin
11-06 18:00:41.189  2011  3830 D BatteryStatsService: noteVideoSurfaceChanged  noteWhich: 49,arg1: 364, arg2: 121, arg3: 9744, arg4: 19154, name: com.google.android.inputmethod.latin
11-06 18:00:41.205  2011  3830 D BatteryStatsService: noteVideoSurfaceChanged  noteWhich: 49,arg1: 366, arg2: 121, arg3: 9744, arg4: 19154, name: com.google.android.inputmethod.latin
11-06 18:00:41.214  9744  9744 W TooltipLifecycleManager: TooltipLifecycleManager.dismissTooltips():153 Tooltip with id spell_check_add_to_dictionary not found in tooltipManager.
11-06 18:00:41.402  9744  9744 I KeyboardModeUtils: KeyboardModeUtils.getKeyboardBottomOffset():435 inch: 0.000000 ydpi: 387.429993 adjustKeyboardBottomByDisplaySize: false currentDensityDpi: 440 defaultDensityDpi: 440 keyboardBottomToScreenPx: 0 keyboardBottomToNavBarPx: -116 navBarHeight: 116
11-06 18:00:41.402  9744  9744 I KeyboardHeightUtil: KeyboardHeightUtil.calculateMaxKeyboardBodyHeight():50 leave 267 height for app when ime window height:2171, header height:121 and isFullscreenMode:false, so the max keyboard body height is:1783
11-06 18:00:41.402  9744  9744 I KeyboardHeightUtil: KeyboardHeightUtil.calculateMaxKeyboardBodyHeight():50 leave 267 height for app when ime window height:2171, header height:121 and isFullscreenMode:false, so the max keyboard body height is:1783
11-06 18:00:41.402  9744  9744 I AndroidIME: KeyboardViewManager.updateKeyboardBodyViewHolderPaddingBottom():472 Set finalPaddingBottom = 5 while holderPaddingBottom = 5; navigationHeight = 116
11-06 18:00:41.754  9744  9744 D BLASTBufferQueue: [SurfaceView[InputMethod]#661](f:0,a:1) acquireNextBufferLocked size=770x121 mFrameNumber=1 applyTransaction=true mTimestamp=111548912836571(auto) mPendingTransactions.size=0 graphicBufferId=41850161334245 transform=0
11-06 18:00:41.807  9744  9744 W TooltipLifecycleManager: TooltipLifecycleManager.dismissTooltips():153 Tooltip with id SUGGESTION_VIEW_EDU_MINI_DIALOG not found in tooltipManager.
11-06 18:00:41.808  2011  3830 D BatteryStatsService: noteVideoSurfaceChanged  noteWhich: 49,arg1: -1, arg2: -1, arg3: 9744, arg4: 19154, name: com.google.android.inputmethod.latin
11-06 18:00:41.809  9744 15127 E BufferQueueProducer: [SurfaceView[InputMethod]#662(BLAST Consumer)662](id:261000000296,api:0,p:-1,c:9744) disconnect: not connected (req=1)
11-06 18:00:41.809  9744 15127 W libEGL  : EGLNativeWindowType 0xb40000777015e050 disconnect failed
11-06 18:00:41.810  9744  9744 D BLASTBufferQueue: [SurfaceView[InputMethod]#662](f:0,a:1) destructor()
11-06 18:00:41.810  9744  9744 D BufferQueueConsumer: [SurfaceView[InputMethod]#662(BLAST Consumer)662](id:261000000296,api:0,p:-1,c:9744) disconnect
11-06 18:00:41.812  9744  9744 W TooltipLifecycleManager: TooltipLifecycleManager.dismissTooltips():153 Tooltip with id SUGGESTION_VIEW_EDU_MINI_DIALOG not found in tooltipManager.
11-06 18:00:41.812  9744  9744 W LatinPrimeKeyboard: LatinPrimeKeyboard.consumeEvent():353 consumeEvent() : UPDATE_DYNAMIC_KEYS, no dynamic layout
11-06 18:00:41.818  9744  9744 W TooltipLifecycleManager: TooltipLifecycleManager.dismissTooltips():153 Tooltip with id SUGGESTION_VIEW_EDU_MINI_DIALOG not found in tooltipManager.
11-06 18:00:41.823  9744  9744 I KeyboardModeUtils: KeyboardModeUtils.getKeyboardBottomOffset():435 inch: 0.000000 ydpi: 387.429993 adjustKeyboardBottomByDisplaySize: false currentDensityDpi: 440 defaultDensityDpi: 440 keyboardBottomToScreenPx: 0 keyboardBottomToNavBarPx: -116 navBarHeight: 116
11-06 18:00:41.824  9744  9744 I KeyboardHeightUtil: KeyboardHeightUtil.calculateMaxKeyboardBodyHeight():50 leave 267 height for app when ime window height:2171, header height:121 and isFullscreenMode:false, so the max keyboard body height is:1783
11-06 18:00:41.824  9744  9744 I KeyboardHeightUtil: KeyboardHeightUtil.calculateMaxKeyboardBodyHeight():50 leave 267 height for app when ime window height:2171, header height:121 and isFullscreenMode:false, so the max keyboard body height is:1783
11-06 18:00:41.824  9744  9744 I AndroidIME: KeyboardViewManager.updateKeyboardBodyViewHolderPaddingBottom():472 Set finalPaddingBottom = 5 while holderPaddingBottom = 5; navigationHeight = 116
11-06 18:00:41.852  9744  9744 I KeyboardModeUtils: KeyboardModeUtils.getKeyboardBottomOffset():435 inch: 0.000000 ydpi: 387.429993 adjustKeyboardBottomByDisplaySize: false currentDensityDpi: 440 defaultDensityDpi: 440 keyboardBottomToScreenPx: 0 keyboardBottomToNavBarPx: -116 navBarHeight: 116
11-06 18:00:41.852  9744  9744 I KeyboardHeightUtil: KeyboardHeightUtil.calculateMaxKeyboardBodyHeight():50 leave 267 height for app when ime window height:2171, header height:121 and isFullscreenMode:false, so the max keyboard body height is:1783
11-06 18:00:41.852  9744  9744 I KeyboardHeightUtil: KeyboardHeightUtil.calculateMaxKeyboardBodyHeight():50 leave 267 height for app when ime window height:2171, header height:121 and isFullscreenMode:false, so the max keyboard body height is:1783
11-06 18:00:41.852  9744  9744 I AndroidIME: KeyboardViewManager.updateKeyboardBodyViewHolderPaddingBottom():472 Set finalPaddingBottom = 5 while holderPaddingBottom = 5; navigationHeight = 116
11-06 18:00:41.878  2011  3895 D BatteryStatsService: noteVideoSurfaceChanged  noteWhich: 49,arg1: -1, arg2: -1, arg3: 9744, arg4: 17177, name: com.google.android.inputmethod.latin
11-06 18:00:41.879  9744  9744 E BufferQueueProducer: [SurfaceView[InputMethod]#661(BLAST Consumer)661](id:261000000295,api:0,p:-1,c:9744) disconnect: not connected (req=2)
11-06 18:00:41.879  9744  9744 D BLASTBufferQueue: [SurfaceView[InputMethod]#661](f:0,a:1) destructor()
11-06 18:00:41.879  9744  9744 D BufferQueueConsumer: [SurfaceView[InputMethod]#661(BLAST Consumer)661](id:261000000295,api:0,p:-1,c:9744) disconnect
11-06 18:00:41.885  9744  9744 I KeyboardModeUtils: KeyboardModeUtils.getKeyboardBottomOffset():435 inch: 0.000000 ydpi: 387.429993 adjustKeyboardBottomByDisplaySize: false currentDensityDpi: 440 defaultDensityDpi: 440 keyboardBottomToScreenPx: 0 keyboardBottomToNavBarPx: -116 navBarHeight: 116
11-06 18:00:41.886  9744  9744 I KeyboardHeightUtil: KeyboardHeightUtil.calculateMaxKeyboardBodyHeight():50 leave 267 height for app when ime window height:2171, header height:121 and isFullscreenMode:false, so the max keyboard body height is:1783
11-06 18:00:41.886  9744  9744 I KeyboardHeightUtil: KeyboardHeightUtil.calculateMaxKeyboardBodyHeight():50 leave 267 height for app when ime window height:2171, header height:121 and isFullscreenMode:false, so the max keyboard body height is:1783
11-06 18:00:41.886  9744  9744 I AndroidIME: KeyboardViewManager.updateKeyboardBodyViewHolderPaddingBottom():472 Set finalPaddingBottom = 5 while holderPaddingBottom = 5; navigationHeight = 116
11-06 18:00:41.958  9744  9744 I KeyboardViewController: KeyboardViewController.showSelfAndAncestors():636 current view doesn't has the priority com.google.android.libraries.inputmethod.accesspoint.widget.AccessPointsBar{a51a033 I.E...... .......D 0,0-810,121 #7f0b00a1 app:id/0_resource_name_obfuscated} to show itself, DEFAULT
11-06 18:00:42.033  3835  3835 V InlineSuggestionRenderService: Releasing inline suggestion view host
11-06 18:00:42.046  3835  3835 D BLASTBufferQueue: [VRI[]#204](f:0,a:4) destructor()
11-06 18:00:42.046  3835  3835 D BufferQueueConsumer: [VRI[]#204(BLAST Consumer)204](id:efb000000cc,api:0,p:-1,c:3835) disconnect
11-06 18:00:42.054  3835  3835 V InlineSuggestionRenderService: Removed the inline suggestion from the cache, current size=1
11-06 18:00:42.110  9744  9744 W TooltipLifecycleManager: TooltipLifecycleManager.dismissTooltips():153 Tooltip with id SUGGESTION_VIEW_EDU_MINI_DIALOG not found in tooltipManager.
11-06 18:00:42.136  9744  9744 I KeyboardModeUtils: KeyboardModeUtils.getKeyboardBottomOffset():435 inch: 0.000000 ydpi: 387.429993 adjustKeyboardBottomByDisplaySize: false currentDensityDpi: 440 defaultDensityDpi: 440 keyboardBottomToScreenPx: 0 keyboardBottomToNavBarPx: -116 navBarHeight: 116
11-06 18:00:42.137  9744  9744 I KeyboardHeightUtil: KeyboardHeightUtil.calculateMaxKeyboardBodyHeight():50 leave 267 height for app when ime window height:2171, header height:121 and isFullscreenMode:false, so the max keyboard body height is:1783
11-06 18:00:42.137  9744  9744 I KeyboardHeightUtil: KeyboardHeightUtil.calculateMaxKeyboardBodyHeight():50 leave 267 height for app when ime window height:2171, header height:121 and isFullscreenMode:false, so the max keyboard body height is:1783
11-06 18:00:42.137  9744  9744 I AndroidIME: KeyboardViewManager.updateKeyboardBodyViewHolderPaddingBottom():472 Set finalPaddingBottom = 5 while holderPaddingBottom = 5; navigationHeight = 116
11-06 18:00:42.355  9744  9744 W TooltipLifecycleManager: TooltipLifecycleManager.dismissTooltips():153 Tooltip with id SUGGESTION_VIEW_EDU_MINI_DIALOG not found in tooltipManager.
11-06 18:00:42.386  9744  9744 I KeyboardModeUtils: KeyboardModeUtils.getKeyboardBottomOffset():435 inch: 0.000000 ydpi: 387.429993 adjustKeyboardBottomByDisplaySize: false currentDensityDpi: 440 defaultDensityDpi: 440 keyboardBottomToScreenPx: 0 keyboardBottomToNavBarPx: -116 navBarHeight: 116
11-06 18:00:42.386  9744  9744 I KeyboardHeightUtil: KeyboardHeightUtil.calculateMaxKeyboardBodyHeight():50 leave 267 height for app when ime window height:2171, header height:121 and isFullscreenMode:false, so the max keyboard body height is:1783
11-06 18:00:42.386  9744  9744 I KeyboardHeightUtil: KeyboardHeightUtil.calculateMaxKeyboardBodyHeight():50 leave 267 height for app when ime window height:2171, header height:121 and isFullscreenMode:false, so the max keyboard body height is:1783
11-06 18:00:42.386  9744  9744 I AndroidIME: KeyboardViewManager.updateKeyboardBodyViewHolderPaddingBottom():472 Set finalPaddingBottom = 5 while holderPaddingBottom = 5; navigationHeight = 116
11-06 18:00:42.871  9744  9744 W TooltipLifecycleManager: TooltipLifecycleManager.dismissTooltips():153 Tooltip with id SUGGESTION_VIEW_EDU_MINI_DIALOG not found in tooltipManager.
11-06 18:00:42.905  9744  9744 I KeyboardModeUtils: KeyboardModeUtils.getKeyboardBottomOffset():435 inch: 0.000000 ydpi: 387.429993 adjustKeyboardBottomByDisplaySize: false currentDensityDpi: 440 defaultDensityDpi: 440 keyboardBottomToScreenPx: 0 keyboardBottomToNavBarPx: -116 navBarHeight: 116
11-06 18:00:42.905  9744  9744 I KeyboardHeightUtil: KeyboardHeightUtil.calculateMaxKeyboardBodyHeight():50 leave 267 height for app when ime window height:2171, header height:121 and isFullscreenMode:false, so the max keyboard body height is:1783
11-06 18:00:42.905  9744  9744 I KeyboardHeightUtil: KeyboardHeightUtil.calculateMaxKeyboardBodyHeight():50 leave 267 height for app when ime window height:2171, header height:121 and isFullscreenMode:false, so the max keyboard body height is:1783
11-06 18:00:42.906  9744  9744 I AndroidIME: KeyboardViewManager.updateKeyboardBodyViewHolderPaddingBottom():472 Set finalPaddingBottom = 5 while holderPaddingBottom = 5; navigationHeight = 116
11-06 18:00:43.165  9744  9744 W TooltipLifecycleManager: TooltipLifecycleManager.dismissTooltips():153 Tooltip with id SUGGESTION_VIEW_EDU_MINI_DIALOG not found in tooltipManager.
11-06 18:00:43.203  9744  9744 I KeyboardModeUtils: KeyboardModeUtils.getKeyboardBottomOffset():435 inch: 0.000000 ydpi: 387.429993 adjustKeyboardBottomByDisplaySize: false currentDensityDpi: 440 defaultDensityDpi: 440 keyboardBottomToScreenPx: 0 keyboardBottomToNavBarPx: -116 navBarHeight: 116
11-06 18:00:43.204  9744  9744 I KeyboardHeightUtil: KeyboardHeightUtil.calculateMaxKeyboardBodyHeight():50 leave 267 height for app when ime window height:2171, header height:121 and isFullscreenMode:false, so the max keyboard body height is:1783
11-06 18:00:43.204  9744  9744 I KeyboardHeightUtil: KeyboardHeightUtil.calculateMaxKeyboardBodyHeight():50 leave 267 height for app when ime window height:2171, header height:121 and isFullscreenMode:false, so the max keyboard body height is:1783
11-06 18:00:43.204  9744  9744 I AndroidIME: KeyboardViewManager.updateKeyboardBodyViewHolderPaddingBottom():472 Set finalPaddingBottom = 5 while holderPaddingBottom = 5; navigationHeight = 116
11-06 18:00:43.441  9744  9744 W TooltipLifecycleManager: TooltipLifecycleManager.dismissTooltips():153 Tooltip with id SUGGESTION_VIEW_EDU_MINI_DIALOG not found in tooltipManager.
11-06 18:00:43.488  9744  9744 I KeyboardModeUtils: KeyboardModeUtils.getKeyboardBottomOffset():435 inch: 0.000000 ydpi: 387.429993 adjustKeyboardBottomByDisplaySize: false currentDensityDpi: 440 defaultDensityDpi: 440 keyboardBottomToScreenPx: 0 keyboardBottomToNavBarPx: -116 navBarHeight: 116
11-06 18:00:43.489  9744  9744 I KeyboardHeightUtil: KeyboardHeightUtil.calculateMaxKeyboardBodyHeight():50 leave 267 height for app when ime window height:2171, header height:121 and isFullscreenMode:false, so the max keyboard body height is:1783
11-06 18:00:43.489  9744  9744 I KeyboardHeightUtil: KeyboardHeightUtil.calculateMaxKeyboardBodyHeight():50 leave 267 height for app when ime window height:2171, header height:121 and isFullscreenMode:false, so the max keyboard body height is:1783
11-06 18:00:43.489  9744  9744 I AndroidIME: KeyboardViewManager.updateKeyboardBodyViewHolderPaddingBottom():472 Set finalPaddingBottom = 5 while holderPaddingBottom = 5; navigationHeight = 116
11-06 18:00:43.882 23735 23735 I ImeTracker: com.a1taxi.boltexponativewind:5d7c690f: onRequestShow at ORIGIN_CLIENT reason SHOW_SOFT_INPUT fromUser true
11-06 18:00:43.883  9744  9744 I GoogleInputMethodService: GoogleInputMethodService.onFinishInputView():1572 onFinishInputView(true)
11-06 18:00:43.883  9744  9744 I GlobeKeyExtension: GlobeKeyExtension.onDeactivate():144 
11-06 18:00:43.884  9744  9744 W TooltipLifecycleManager: TooltipLifecycleManager.dismissTooltips():153 Tooltip with id SUGGESTION_VIEW_EDU_MINI_DIALOG not found in tooltipManager.
11-06 18:00:43.884  9744  9744 I VoiceInputManagerWrapper: VoiceInputManagerWrapper.shutdown():131 shutdown()
11-06 18:00:43.885  9744  9744 W TooltipLifecycleManager: TooltipLifecycleManager.dismissTooltips():153 Tooltip with id spell_check_add_to_dictionary not found in tooltipManager.
11-06 18:00:43.885  9744 23518 W Binder  : Caught a RuntimeException from the binder stub implementation.
11-06 18:00:43.885  9744 23518 W Binder  : java.lang.UnsupportedOperationException
11-06 18:00:43.885  9744 23518 W Binder  : 	at inq.b(PG:3)
11-06 18:00:43.885  9744 23518 W Binder  : 	at inq.gt(PG:34)
11-06 18:00:43.885  9744 23518 W Binder  : 	at dgw.onTransact(PG:21)
11-06 18:00:43.885  9744 23518 W Binder  : 	at android.os.Binder.execTransactInternal(Binder.java:1566)
11-06 18:00:43.885  9744 23518 W Binder  : 	at android.os.Binder.execTransact(Binder.java:1505)
11-06 18:00:43.886  9744  9744 I InputBundle: InputBundle.consumeEvent():1033 Skip consuming an event as keyboard status is INACTIVE
11-06 18:00:43.887  9744  9744 I AndroidIME: AbstractIme.onDeactivate():216 LatinIme.onDeactivate()
11-06 18:00:43.888  9744  9744 I GoogleInputMethodService: GoogleInputMethodService.onFinishInput():2086 
11-06 18:00:43.889  9744  9744 I Module  : DeviceLockedStatusModuleProvider$Module.updateDeviceLockedStatus():103 repeatCheckTimes = 0, locked = false
11-06 18:00:43.889  9744  9744 I GoogleInputMethodService: GoogleInputMethodService.onStartInput():1347 onStartInput(EditorInfo{EditorInfo{packageName=com.a1taxi.boltexponativewind, inputType=4081, inputTypeString=Password[CapSentences], enableLearning=false, autoCorrection=false, autoComplete=true, imeOptions=4000006, privateImeOptions=null, actionName=DONE, actionLabel=null, initialSelStart=6, initialSelEnd=6, initialCapsMode=0, label=null, fieldId=48, fieldName=null, extras=Bundle[mParcelledData.dataSize=404], hintText=non-empty, hintLocales=[]}}, false)
11-06 18:00:43.890  9744  9744 I HardKeyTracker: HardKeyTracker.unregisterKeySequence():221 Unregister key sequence njr{labelResId=0, callback=gfq@e405f82, lastModifier=0, keyCodes=[57, 57], actions=[1, 0]}
11-06 18:00:43.890  9744  9744 I HardKeyTracker: HardKeyTracker.unregisterKeySequence():221 Unregister key sequence njr{labelResId=0, callback=gfq@f0e7693, lastModifier=0, keyCodes=[58, 58], actions=[1, 0]}
11-06 18:00:43.891  9744  9744 I Module  : DeviceLockedStatusModuleProvider$Module.updateDeviceLockedStatus():103 repeatCheckTimes = 1, locked = false
11-06 18:00:43.891  9744  9744 I GoogleInputMethodService: GoogleInputMethodService.onStartInputView():1440 onStartInputView(EditorInfo{EditorInfo{packageName=com.a1taxi.boltexponativewind, inputType=4081, inputTypeString=Password[CapSentences], enableLearning=false, autoCorrection=false, autoComplete=true, imeOptions=4000006, privateImeOptions=null, actionName=DONE, actionLabel=null, initialSelStart=6, initialSelEnd=6, initialCapsMode=0, label=null, fieldId=48, fieldName=null, extras=Bundle[{android.support.text.emoji.emojiCompat_metadataVersion=11, androidx.core.view.inputmethod.EditorInfoCompat.STYLUS_HANDWRITING_ENABLED=false, android.support.text.emoji.emojiCompat_replaceAll=false}], hintText=non-empty, hintLocales=[]}}, false)
11-06 18:00:43.891  9744  9744 I KeyboardHeightUtil: KeyboardHeightUtil.getOemKeyboardHeightRatio():108 systemKeyboardHeightRatio:1.000000.
11-06 18:00:43.894  9744 26859 W Binder  : Caught a RuntimeException from the binder stub implementation.
11-06 18:00:43.894  9744 26859 W Binder  : java.lang.UnsupportedOperationException
11-06 18:00:43.894  9744 26859 W Binder  : 	at inq.b(PG:3)
11-06 18:00:43.894  9744 26859 W Binder  : 	at inq.gt(PG:34)
11-06 18:00:43.894  9744 26859 W Binder  : 	at dgw.onTransact(PG:21)
11-06 18:00:43.894  9744 26859 W Binder  : 	at android.os.Binder.execTransactInternal(Binder.java:1566)
11-06 18:00:43.894  9744 26859 W Binder  : 	at android.os.Binder.execTransact(Binder.java:1505)
11-06 18:00:43.894  9744  9851 I OnDeviceWmrCalculator: OnDeviceWmrCalculator.calculateWmr():94 WMR: 0.0000 (0 / 1)
11-06 18:00:43.897  9744 26859 W Binder  : Caught a RuntimeException from the binder stub implementation.
11-06 18:00:43.897  9744 26859 W Binder  : java.lang.UnsupportedOperationException
11-06 18:00:43.897  9744 26859 W Binder  : 	at inq.b(PG:3)
11-06 18:00:43.897  9744 26859 W Binder  : 	at inq.gt(PG:34)
11-06 18:00:43.897  9744 26859 W Binder  : 	at dgw.onTransact(PG:21)
11-06 18:00:43.897  9744 26859 W Binder  : 	at android.os.Binder.execTransactInternal(Binder.java:1566)
11-06 18:00:43.897  9744 26859 W Binder  : 	at android.os.Binder.execTransact(Binder.java:1505)
11-06 18:00:43.898  9744 23518 W Binder  : Caught a RuntimeException from the binder stub implementation.
11-06 18:00:43.898  9744 23518 W Binder  : java.lang.UnsupportedOperationException
11-06 18:00:43.898  9744 23518 W Binder  : 	at inq.b(PG:3)
11-06 18:00:43.898  9744 23518 W Binder  : 	at inq.gt(PG:34)
11-06 18:00:43.898  9744 23518 W Binder  : 	at dgw.onTransact(PG:21)
11-06 18:00:43.898  9744 23518 W Binder  : 	at android.os.Binder.execTransactInternal(Binder.java:1566)
11-06 18:00:43.898  9744 23518 W Binder  : 	at android.os.Binder.execTransact(Binder.java:1505)
11-06 18:00:43.899 23735 23735 W RemoteInputConnectionImpl: requestCursorUpdates on inactive InputConnection
11-06 18:00:43.900  9744 23518 W Binder  : Caught a RuntimeException from the binder stub implementation.
11-06 18:00:43.900  9744 23518 W Binder  : java.lang.UnsupportedOperationException
11-06 18:00:43.900  9744 23518 W Binder  : 	at inq.b(PG:3)
11-06 18:00:43.900  9744 23518 W Binder  : 	at inq.gt(PG:34)
11-06 18:00:43.900  9744 23518 W Binder  : 	at dgw.onTransact(PG:21)
11-06 18:00:43.900  9744 23518 W Binder  : 	at android.os.Binder.execTransactInternal(Binder.java:1566)
11-06 18:00:43.900  9744 23518 W Binder  : 	at android.os.Binder.execTransact(Binder.java:1505)
11-06 18:00:43.901  9744 23518 W Binder  : Caught a RuntimeException from the binder stub implementation.
11-06 18:00:43.901  9744 23518 W Binder  : java.lang.UnsupportedOperationException
11-06 18:00:43.901  9744 23518 W Binder  : 	at inq.b(PG:3)
11-06 18:00:43.901  9744 23518 W Binder  : 	at inq.gt(PG:34)
11-06 18:00:43.901  9744 23518 W Binder  : 	at dgw.onTransact(PG:21)
11-06 18:00:43.901  9744 23518 W Binder  : 	at android.os.Binder.execTransactInternal(Binder.java:1566)
11-06 18:00:43.901  9744 23518 W Binder  : 	at android.os.Binder.execTransact(Binder.java:1505)
11-06 18:00:43.903  9744 23518 W Binder  : Caught a RuntimeException from the binder stub implementation.
11-06 18:00:43.903  9744 23518 W Binder  : java.lang.UnsupportedOperationException
11-06 18:00:43.903  9744 23518 W Binder  : 	at inq.b(PG:3)
11-06 18:00:43.903  9744 23518 W Binder  : 	at inq.gt(PG:34)
11-06 18:00:43.903  9744 23518 W Binder  : 	at dgw.onTransact(PG:21)
11-06 18:00:43.903  9744 23518 W Binder  : 	at android.os.Binder.execTransactInternal(Binder.java:1566)
11-06 18:00:43.903  9744 23518 W Binder  : 	at android.os.Binder.execTransact(Binder.java:1505)
11-06 18:00:43.903 23735 23735 I ImeTracker: com.a1taxi.boltexponativewind:883776ef: onRequestShow at ORIGIN_CLIENT reason SHOW_SOFT_INPUT fromUser false
11-06 18:00:43.906  9744 23518 W Binder  : Caught a RuntimeException from the binder stub implementation.
11-06 18:00:43.906  9744 23518 W Binder  : java.lang.UnsupportedOperationException
11-06 18:00:43.906  9744 23518 W Binder  : 	at inq.b(PG:3)
11-06 18:00:43.906  9744 23518 W Binder  : 	at inq.gt(PG:34)
11-06 18:00:43.906  9744 23518 W Binder  : 	at dgw.onTransact(PG:21)
11-06 18:00:43.906  9744 23518 W Binder  : 	at android.os.Binder.execTransactInternal(Binder.java:1566)
11-06 18:00:43.906  9744 23518 W Binder  : 	at android.os.Binder.execTransact(Binder.java:1505)
11-06 18:00:43.911 23735 23735 D ViewRootImpl: AppSizeAfterRelayout, size: Point(77, 74), rotation: ROTATION_0
11-06 18:00:43.911 23735 23735 D BufferQueueConsumer: [](id:5cb700000003,api:0,p:-1,c:23735) connect: controlledByApp=false
11-06 18:00:43.911 23735 23735 D BLASTBufferQueue: [VRI[PopupWindow:d1c486d]#3](f:0,a:0) constructor()
11-06 18:00:43.911 23735 23735 D BLASTBufferQueue: [VRI[PopupWindow:d1c486d]#3](f:0,a:0) update width=77 height=74 format=-3 mTransformHint=0
11-06 18:00:43.916 23735 27400 D BLASTBufferQueue: [VRI[PopupWindow:d1c486d]#3](f:0,a:1) acquireNextBufferLocked size=77x74 mFrameNumber=1 applyTransaction=true mTimestamp=111551075583032(auto) mPendingTransactions.size=0 graphicBufferId=101941048770581 transform=0
11-06 18:00:43.918  9744  9744 W TooltipLifecycleManager: TooltipLifecycleManager.dismissTooltips():153 Tooltip with id SUGGESTION_VIEW_EDU_MINI_DIALOG not found in tooltipManager.
11-06 18:00:43.919  9744  9744 I AndroidIME: InputBundleManager.loadActiveInputBundleId():528 loadActiveInputBundleId: und-Latn-x-password, password
11-06 18:00:43.919  9744  9744 I AndroidIME: AbstractIme.onActivate():96 PasswordIme.onActivate() : EditorInfo = EditorInfo{packageName=com.a1taxi.boltexponativewind, inputType=4081, inputTypeString=Password[CapSentences], enableLearning=false, autoCorrection=false, autoComplete=true, imeOptions=4000006, privateImeOptions=null, actionName=DONE, actionLabel=null, initialSelStart=6, initialSelEnd=6, initialCapsMode=0, label=null, fieldId=48, fieldName=null, extras=Bundle[{android.support.text.emoji.emojiCompat_metadataVersion=11, androidx.core.view.inputmethod.EditorInfoCompat.STYLUS_HANDWRITING_ENABLED=false, android.support.text.emoji.emojiCompat_replaceAll=false}], hintText=non-empty, hintLocales=[]}, IncognitoMode = false, DeviceLocked = false
11-06 18:00:43.920  9744  9744 I KeyboardWrapper: KeyboardWrapper.activateKeyboard():581 activateKeyboard(): type=prime, status=INACTIVE, imeDef=mnu{stringId=password, language=und-Latn-x-password, languageTag=und-Latn-x-password, processedConditions={writing_helper_enable_by_word_revert=false, enable_access_points_in_password_number=true, variant=qwerty, true=true, language=en-US, enable_number_row=true, device=phone, enable_number_row_in_password=true, enable_pk_simulator=false}, className=com.google.android.libraries.inputmethod.ime.password.PasswordIme, label=2132019272, keyEventInterpreter=null, inlineComposing=true, autoCapital=true, announceAutoSelectedCandidate=true, statusIcon=0, indicatorIcon=0, indicatorLabel=null, displayAppCompletions=false, extraValues=mnn{}, processors=mpl@77f78d1, unacceptableMetaKeys=4098, languageSpecificSettings=0, asciiCapable=false, alwaysShowSuggestions=false, useAsciiPasswordKeyboard=false, keyboardGroupDef=mou@abc4f36, phenotypeFlagId=0, localizationLanguageTag=null, supportsInlineSuggestion=false}
11-06 18:00:43.920  9744  9744 I KeyboardManager: KeyboardManager.requestKeyboard():248 Creating keyboard prime, imeId=password, cacheKey=theme,!gsf,!pgsans,!pgsf,!use_system_font,BORDER,FLAVOR_DPI=XXHDPI,GOOGLE_ICONS,KEYBOARD_WIDTH_CATEGORY=NORMAL,KEY_BORDER_SHAPE=1,LIGHT_THEME=false,PHYSICAL_DIAGONAL=5.748144,POPUP,SCREEN_SHORTEST_WIDTH=393,SCREEN_SHORTEST_WIDTH_NO_SCALE=393,XXHDPI,bottom4dp,enable_emoji_kitchen_browse_color_v2=true,enable_google_fonts_icons=true,enable_popup_on_keypress=true,keyboard_redesign_google_sans=true,non_linear_scale,noshadow,overlay_builtin_dynamic_color_dark_base.binarypb:gm3-dark-ff131313-ffffffff-4d9204e36e3ccb6a165e3e3dbe763ce0,roundedchip,silkpopup
11-06 18:00:43.921  9744  9744 I KeyboardWrapper: KeyboardWrapper.onKeyboardReady():224 onKeyboardReady(): type=prime(prime), kb=com.google.android.apps.inputmethod.latin.keyboard.LatinPasswordKeyboard@47d00d8
11-06 18:00:43.921  9744  9744 I KeyboardWrapper: KeyboardWrapper.doActivateKeyboard():611 doActivateKeyboard(): prime
11-06 18:00:43.926  9744  9744 I KeyboardViewHelper: KeyboardViewHelper.getView():180 Get view with height ratio:1.000000
11-06 18:00:43.926  9744  9744 I KeyboardHeightUtil: KeyboardHeightUtil.calculateMaxKeyboardBodyHeight():50 leave 267 height for app when ime window height:2171, header height:121 and isFullscreenMode:false, so the max keyboard body height is:1783
