11-06 18:00:37.875  9744  9744 W TooltipLifecycleManager: TooltipLifecycleManager.dismissTooltips():153 Tooltip with id spell_check_add_to_dictionary not found in tooltipManager.
11-06 18:00:37.875  9744  9744 I AndroidIME: AbstractIme.onDeactivate():216 PasswordIme.onDeactivate()
11-06 18:00:37.877  9744  9744 W TooltipLifecycleManager: TooltipLifecycleManager.dismissTooltips():153 Tooltip with id undo_access_point_promotion_banner not found in tooltipManager.
11-06 18:00:37.880  9744 16830 W Binder  : Caught a RuntimeException from the binder stub implementation.
11-06 18:00:37.880  9744 16830 W Binder  : java.lang.UnsupportedOperationException
11-06 18:00:37.880  9744 16830 W Binder  : 	at inq.b(PG:3)
11-06 18:00:37.880  9744 16830 W Binder  : 	at inq.gt(PG:34)
11-06 18:00:37.880  9744 16830 W Binder  : 	at dgw.onTransact(PG:21)
11-06 18:00:37.880  9744 16830 W Binder  : 	at android.os.Binder.execTransactInternal(Binder.java:1566)
11-06 18:00:37.880  9744 16830 W Binder  : 	at android.os.Binder.execTransact(Binder.java:1505)
11-06 18:00:37.883 23735 27504 W texponativewind: Failed to find entry 'classes.dex': Entry not found
11-06 18:00:37.883 23735 23735 D InsetsController: hide(ime(), fromIme=true)
11-06 18:00:37.884 23735 27504 D nativeloader: Configuring clns-9 for other apk /data/app/~~LyR_twMT5I0OvY75vK7e4g==/com.google.android.trichromelibrary_739012233-1735exKzKBMZmVzXMeosnw==/base.apk. target_sdk_version=36, uses_libraries=ALL, library_path=/data/app/~~9A697KhHWUNsMSaukKhOMw==/com.google.android.webview-qIHwhzF5cd-CHM6t65tEug==/lib/arm64:/data/app/~~9A697KhHWUNsMSaukKhOMw==/com.google.android.webview-qIHwhzF5cd-CHM6t65tEug==/base.apk!/lib/arm64-v8a:/data/app/~~LyR_twMT5I0OvY75vK7e4g==/com.google.android.trichromelibrary_739012233-1735exKzKBMZmVzXMeosnw==/base.apk!/lib/arm64-v8a, permitted_path=/data:/mnt/expand
11-06 18:00:37.884 23735 27504 D nativeloader: Extending system_exposed_libraries: libapuwareapusys.mtk.so:libapuwareapusys_v2.mtk.so:libapuwarexrp.mtk.so:libapuwarexrp_v2.mtk.so:libapuwareutils.mtk.so:libapuwareutils_v2.mtk.so:libapuwarehmp.mtk.so:libneuron_graph_delegate.mtk.so:libneuronusdk_adapter.mtk.so:libtflite_mtk.mtk.so:libarmnn_ndk.mtk.so:libcmdl_ndk.mtk.so:libnir_neon_driver_ndk.mtk.so:libmvpu_runtime.mtk.so:libmvpu_runtime_pub.mtk.so:libmvpu_engine_pub.mtk.so:libmvpu_pattern_pub.mtk.so:libmvpuop_mtk_cv.mtk.so:libmvpuop_mtk_nn.mtk.so:libmvpu_runtime_25.mtk.so:libmvpu_runtime_25_pub.mtk.so:libmvpu_engine_25_pub.mtk.so:libmvpu_pattern_25_pub.mtk.so:libmvpuop25_mtk_cv.mtk.so:libmvpuop25_mtk_nn.mtk.so:libmvpu_config.mtk.so:libteeservice_client.trustonic.so:librealm-jni.vivo.so
11-06 18:00:37.886 23735 27504 D ApplicationLoaders: Returning zygote-cached class loader: /system_ext/framework/androidx.window.extensions.jar
11-06 18:00:37.888  9744  9744 I KeyboardModeUtils: KeyboardModeUtils.getKeyboardBottomOffset():435 inch: 0.000000 ydpi: 387.429993 adjustKeyboardBottomByDisplaySize: false currentDensityDpi: 440 defaultDensityDpi: 440 keyboardBottomToScreenPx: 0 keyboardBottomToNavBarPx: -116 navBarHeight: 116
11-06 18:00:37.889  9744  9744 I KeyboardHeightUtil: KeyboardHeightUtil.calculateMaxKeyboardBodyHeight():50 leave 267 height for app when ime window height:2171, header height:121 and isFullscreenMode:false, so the max keyboard body height is:1783
11-06 18:00:37.889  9744  9744 I KeyboardHeightUtil: KeyboardHeightUtil.calculateMaxKeyboardBodyHeight():50 leave 267 height for app when ime window height:2171, header height:121 and isFullscreenMode:false, so the max keyboard body height is:1783
11-06 18:00:37.889  9744  9744 I AndroidIME: KeyboardViewManager.updateKeyboardBodyViewHolderPaddingBottom():472 Set finalPaddingBottom = 5 while holderPaddingBottom = 5; navigationHeight = 116
11-06 18:00:37.894  9744 16830 W Binder  : Caught a RuntimeException from the binder stub implementation.
11-06 18:00:37.894  9744 16830 W Binder  : java.lang.UnsupportedOperationException
11-06 18:00:37.894  9744 16830 W Binder  : 	at inq.b(PG:3)
11-06 18:00:37.894  9744 16830 W Binder  : 	at inq.gt(PG:34)
11-06 18:00:37.894  9744 16830 W Binder  : 	at dgw.onTransact(PG:21)
11-06 18:00:37.894  9744 16830 W Binder  : 	at android.os.Binder.execTransactInternal(Binder.java:1566)
11-06 18:00:37.894  9744 16830 W Binder  : 	at android.os.Binder.execTransact(Binder.java:1505)
11-06 18:00:37.897 23735 27504 D nativeloader: Configuring clns-10 for other apk /data/app/~~9A697KhHWUNsMSaukKhOMw==/com.google.android.webview-qIHwhzF5cd-CHM6t65tEug==/base.apk. target_sdk_version=36, uses_libraries=, library_path=/data/app/~~9A697KhHWUNsMSaukKhOMw==/com.google.android.webview-qIHwhzF5cd-CHM6t65tEug==/lib/arm64:/data/app/~~9A697KhHWUNsMSaukKhOMw==/com.google.android.webview-qIHwhzF5cd-CHM6t65tEug==/base.apk!/lib/arm64-v8a:/data/app/~~LyR_twMT5I0OvY75vK7e4g==/com.google.android.trichromelibrary_739012233-1735exKzKBMZmVzXMeosnw==/base.apk!/lib/arm64-v8a, permitted_path=/data:/mnt/expand
11-06 18:00:37.897  9744 16830 W Binder  : Caught a RuntimeException from the binder stub implementation.
11-06 18:00:37.897  9744 16830 W Binder  : java.lang.UnsupportedOperationException
11-06 18:00:37.897  9744 16830 W Binder  : 	at inq.b(PG:3)
11-06 18:00:37.897  9744 16830 W Binder  : 	at inq.gt(PG:34)
11-06 18:00:37.897  9744 16830 W Binder  : 	at dgw.onTransact(PG:21)
11-06 18:00:37.897  9744 16830 W Binder  : 	at android.os.Binder.execTransactInternal(Binder.java:1566)
11-06 18:00:37.897  9744 16830 W Binder  : 	at android.os.Binder.execTransact(Binder.java:1505)
11-06 18:00:37.904  9744 16830 W Binder  : Caught a RuntimeException from the binder stub implementation.
11-06 18:00:37.904  9744 16830 W Binder  : java.lang.UnsupportedOperationException
11-06 18:00:37.904  9744 16830 W Binder  : 	at inq.b(PG:3)
11-06 18:00:37.904  9744 16830 W Binder  : 	at inq.gt(PG:34)
11-06 18:00:37.904  9744 16830 W Binder  : 	at dgw.onTransact(PG:21)
11-06 18:00:37.904  9744 16830 W Binder  : 	at android.os.Binder.execTransactInternal(Binder.java:1566)
11-06 18:00:37.904  9744 16830 W Binder  : 	at android.os.Binder.execTransact(Binder.java:1505)
11-06 18:00:37.939 23735 27504 I cr_WVCFactoryProvider: version=141.0.7390.122 (739012233) minSdkVersion=29 multiprocess=true packageId=2 splits=<none>
11-06 18:00:37.940 16065 16089 I IPCThreadState: oneway function results for code 1 on binder at 0xb4000077d0035e70 will be dropped but finished with status UNKNOWN_TRANSACTION and reply parcel size 80
11-06 18:00:37.943 23735 27504 D nativeloader: Load /data/app/~~LyR_twMT5I0OvY75vK7e4g==/com.google.android.trichromelibrary_739012233-1735exKzKBMZmVzXMeosnw==/base.apk!/lib/arm64-v8a/libmonochrome_64.so using class loader ns clns-10 (caller=/data/app/~~9A697KhHWUNsMSaukKhOMw==/com.google.android.webview-qIHwhzF5cd-CHM6t65tEug==/base.apk): ok
11-06 18:00:37.946 23735 27504 D nativeloader: Load /system/lib64/libwebviewchromium_plat_support.so using class loader ns clns-10 (caller=/data/app/~~9A697KhHWUNsMSaukKhOMw==/com.google.android.webview-qIHwhzF5cd-CHM6t65tEug==/base.apk): ok
11-06 18:00:37.973 23735 27504 I cr_LibraryLoader: Successfully loaded native library
11-06 18:00:37.977 23735 27504 I cr_CachingUmaRecorder: Flushed 15 samples from 15 histograms, 0 samples were dropped.
11-06 18:00:38.090 23735 23735 W WindowOnBackDispatcher: OnBackInvokedCallback is not enabled for the application.
11-06 18:00:38.090 23735 23735 W WindowOnBackDispatcher: Set 'android:enableOnBackInvokedCallback="true"' in the application manifest.
11-06 18:00:38.160  9744  9744 I GoogleInputMethodService: GoogleInputMethodService.onStartInput():1347 onStartInput(EditorInfo{EditorInfo{packageName=com.a1taxi.boltexponativewind, inputType=4081, inputTypeString=Password[CapSentences], enableLearning=false, autoCorrection=false, autoComplete=true, imeOptions=4000006, privateImeOptions=null, actionName=DONE, actionLabel=null, initialSelStart=6, initialSelEnd=6, initialCapsMode=0, label=null, fieldId=48, fieldName=null, extras=Bundle[mParcelledData.dataSize=404], hintText=non-empty, hintLocales=[]}}, true)
11-06 18:00:38.161  9744  9744 W SessionManager: SessionManager.beginSession():53 Try to begin an already begun session [INPUT_SESSION], end it first
11-06 18:00:38.162  9744  9744 I Module  : DeviceLockedStatusModuleProvider$Module.updateDeviceLockedStatus():103 repeatCheckTimes = 1, locked = false
11-06 18:00:38.174 23735 23735 D ViewRootImpl: AppSizeAfterRelayout, size: Point(1202, 713), rotation: ROTATION_0
11-06 18:00:38.175 23735 23735 D BufferQueueConsumer: [](id:5cb700000001,api:0,p:-1,c:23735) connect: controlledByApp=false
11-06 18:00:38.175 23735 23735 D BLASTBufferQueue: [VRI[MainActivity]#1](f:0,a:0) constructor()
11-06 18:00:38.175 23735 23735 D BLASTBufferQueue: [VRI[MainActivity]#1](f:0,a:0) update width=1202 height=713 format=-3 mTransformHint=0
11-06 18:00:38.185 23735 27400 D BLASTBufferQueue: [VRI[MainActivity]#1](f:0,a:1) acquireNextBufferLocked size=1202x713 mFrameNumber=1 applyTransaction=true mTimestamp=111545344510416(auto) mPendingTransactions.size=0 graphicBufferId=101941048770567 transform=0
11-06 18:00:38.188 23735 23735 I ImeTracker: com.a1taxi.boltexponativewind:310cd1a7: onRequestHide at ORIGIN_CLIENT reason HIDE_SOFT_INPUT_ON_ANIMATION_STATE_CHANGED fromUser false
11-06 18:00:38.189 23735 23735 I ImeTracker: com.a1taxi.boltexponativewind:31996aa8: onHidden
11-06 18:00:38.701  9744  9744 W TooltipLifecycleManager: TooltipLifecycleManager.dismissTooltips():153 Tooltip with id undo_access_point_promotion_banner not found in tooltipManager.
11-06 18:00:38.732  9744  9744 D ViewRootImpl: AppSizeAfterRelayout, size: Point(1080, 2287), rotation: ROTATION_0
11-06 18:00:38.733  9744  9744 D BLASTBufferQueue: [VRI[InputMethod]#659](f:0,a:4) destructor()
11-06 18:00:38.733  9744  9744 D BufferQueueConsumer: [VRI[InputMethod]#659(BLAST Consumer)659](id:261000000293,api:0,p:-1,c:9744) disconnect
11-06 18:00:38.878  5354  8039 I dwbx    : (REDACTED) appOpsListener %s %s
11-06 18:00:38.879  5354  8039 I dwbx    : (REDACTED) Ignoring irrelevant audio permission changes for package %s
11-06 18:00:39.152 23735 23735 W WindowOnBackDispatcher: sendCancelIfRunning: isInProgress=false callback=android.view.ViewRootImpl$$ExternalSyntheticLambda11@669634
11-06 18:00:39.158 23735 27400 D HWUI    : endAllActiveAnimators on 0xb4000077300bf1b0 (RippleDrawable) with handle 0xb4000077d00c5cf0
11-06 18:00:39.170 23735 27516 D BLASTBufferQueue: [VRI[MainActivity]#1](f:0,a:4) destructor()
11-06 18:00:39.170 23735 27516 D BufferQueueConsumer: [VRI[MainActivity]#1(BLAST Consumer)1](id:5cb700000001,api:0,p:-1,c:23735) disconnect
11-06 18:00:39.172 23735 23735 W WindowOnBackDispatcher: OnBackInvokedCallback is not enabled for the application.
11-06 18:00:39.172 23735 23735 W WindowOnBackDispatcher: Set 'android:enableOnBackInvokedCallback="true"' in the application manifest.
11-06 18:00:39.199 23735 27384 W texponativewind: Cleared Reference was only reachable from finalizer (only reported once)
11-06 18:00:39.203 23735 23735 V ImeFocusController: onWindowFocus: com.android.internal.policy.DecorView{e71639c V.E...... R....... 0,0-1080,2392 aid=0}[MainActivity] softInputMode=STATE_UNSPECIFIED|ADJUST_RESIZE
11-06 18:00:39.209  9744  9744 I GoogleInputMethodService: GoogleInputMethodService.onFinishInput():2086 
11-06 18:00:39.211  9744  9744 I Module  : DeviceLockedStatusModuleProvider$Module.updateDeviceLockedStatus():103 repeatCheckTimes = 0, locked = false
11-06 18:00:39.212  9744  9744 I GoogleInputMethodService: GoogleInputMethodService.onStartInput():1347 onStartInput(EditorInfo{EditorInfo{packageName=com.a1taxi.boltexponativewind, inputType=0, inputTypeString=NULL, enableLearning=false, autoCorrection=false, autoComplete=false, imeOptions=0, privateImeOptions=null, actionName=UNSPECIFIED, actionLabel=null, initialSelStart=-1, initialSelEnd=-1, initialCapsMode=0, label=null, fieldId=0, fieldName=null, extras=null, hintText=null, hintLocales=[]}}, false)
11-06 18:00:39.213  9744  9744 I HardKeyTracker: HardKeyTracker.registerKeySequence():170 Register key sequence njr{labelResId=0, callback=gfq@e405f82, lastModifier=0, keyCodes=[57, 57], actions=[1, 0]}
11-06 18:00:39.214  9744  9744 I HardKeyTracker: HardKeyTracker.registerKeySequence():170 Register key sequence njr{labelResId=0, callback=gfq@f0e7693, lastModifier=0, keyCodes=[58, 58], actions=[1, 0]}
11-06 18:00:39.215  9744  9744 I Module  : DeviceLockedStatusModuleProvider$Module.updateDeviceLockedStatus():103 repeatCheckTimes = 1, locked = false
11-06 18:00:39.222 23735 27386 W System  : A resource failed to call release. 
11-06 18:00:39.222 23735 27386 W texponativewind: ApkAssets: Deleting an ApkAssets object '<empty> and /data/app/~~9A697KhHWUNsMSaukKhOMw==/com.google.android.webview-qIHwhzF5cd-CHM6t65tEug==/base.apk' with 1 weak references
11-06 18:00:39.687 23735 23735 I ImeTracker: com.a1taxi.boltexponativewind:9424ddf5: onRequestShow at ORIGIN_CLIENT reason SHOW_SOFT_INPUT fromUser true
11-06 18:00:39.688  9744  9744 I GoogleInputMethodService: GoogleInputMethodService.onFinishInput():2086 
11-06 18:00:39.689  9744  9744 I Module  : DeviceLockedStatusModuleProvider$Module.updateDeviceLockedStatus():103 repeatCheckTimes = 0, locked = false
11-06 18:00:39.689  9744  9744 I GoogleInputMethodService: GoogleInputMethodService.onStartInput():1347 onStartInput(EditorInfo{EditorInfo{packageName=com.a1taxi.boltexponativewind, inputType=1, inputTypeString=Normal[], enableLearning=true, autoCorrection=true, autoComplete=true, imeOptions=8000006, privateImeOptions=null, actionName=DONE, actionLabel=null, initialSelStart=6, initialSelEnd=6, initialCapsMode=0, label=null, fieldId=40, fieldName=null, extras=Bundle[mParcelledData.dataSize=404], hintText=non-empty, hintLocales=[]}}, false)
11-06 18:00:39.690  9744  9744 I Module  : DeviceLockedStatusModuleProvider$Module.updateDeviceLockedStatus():103 repeatCheckTimes = 1, locked = false
11-06 18:00:39.693  9744  9744 I StylusModule: StylusModule.onUpdateToolType():799 Update tool type = 1
11-06 18:00:39.693  5354  8039 I dwbx    : (REDACTED) appOpsListener %s %s
11-06 18:00:39.693  5354  8039 I dwbx    : (REDACTED) Ignoring irrelevant audio permission changes for package %s
11-06 18:00:39.695  9744  9744 I GoogleInputMethodService: GoogleInputMethodService.onStartInputView():1440 onStartInputView(EditorInfo{EditorInfo{packageName=com.a1taxi.boltexponativewind, inputType=1, inputTypeString=Normal[], enableLearning=true, autoCorrection=true, autoComplete=true, imeOptions=8000006, privateImeOptions=null, actionName=DONE, actionLabel=null, initialSelStart=6, initialSelEnd=6, initialCapsMode=0, label=null, fieldId=40, fieldName=null, extras=Bundle[{android.support.text.emoji.emojiCompat_metadataVersion=11, androidx.core.view.inputmethod.EditorInfoCompat.STYLUS_HANDWRITING_ENABLED=true, android.support.text.emoji.emojiCompat_replaceAll=false}], hintText=non-empty, hintLocales=[]}}, false)
11-06 18:00:39.695  9744  9744 I KeyboardHeightUtil: KeyboardHeightUtil.getOemKeyboardHeightRatio():108 systemKeyboardHeightRatio:1.000000.
11-06 18:00:39.695  9744  9744 W TooltipLifecycleManager: TooltipLifecycleManager.dismissTooltips():153 Tooltip with id SUGGESTION_VIEW_EDU_MINI_DIALOG not found in tooltipManager.
11-06 18:00:39.696  9744  9744 I AndroidIME: InputBundleManager.loadActiveInputBundleId():528 loadActiveInputBundleId: en-US, ime_english_united_states
11-06 18:00:39.696  9744  9744 I AndroidIME: AbstractIme.onActivate():96 LatinIme.onActivate() : EditorInfo = EditorInfo{packageName=com.a1taxi.boltexponativewind, inputType=1, inputTypeString=Normal[], enableLearning=true, autoCorrection=true, autoComplete=true, imeOptions=8000006, privateImeOptions=null, actionName=DONE, actionLabel=null, initialSelStart=6, initialSelEnd=6, initialCapsMode=0, label=null, fieldId=40, fieldName=null, extras=Bundle[{android.support.text.emoji.emojiCompat_metadataVersion=11, androidx.core.view.inputmethod.EditorInfoCompat.STYLUS_HANDWRITING_ENABLED=true, android.support.text.emoji.emojiCompat_replaceAll=false}], hintText=non-empty, hintLocales=[]}, IncognitoMode = false, DeviceLocked = false
11-06 18:00:39.697  9744  9744 I InputBundle: InputBundle.consumeEvent():1033 Skip consuming an event as keyboard status is INACTIVE
11-06 18:00:39.697  9744  9744 I Delight5Facilitator: Delight5Facilitator.initializeForIme():741 initializeForIme() : Locale = [en_US], layout = qwerty
11-06 18:00:39.698  9744  9744 I LatinIme: LatinIme.updateEnableInlineSuggestionsOnDecoderSideFlags():1246 inline flag updated to:false
11-06 18:00:39.699  9744  9744 I LatinIme: LatinIme.updateEnableInlineSuggestionsOnDecoderSideFlags():1246 inline flag updated to:false
11-06 18:00:39.702  9744  9787 W Binder  : Caught a RuntimeException from the binder stub implementation.
11-06 18:00:39.702  9744  9787 W Binder  : java.lang.UnsupportedOperationException
11-06 18:00:39.702  9744  9787 W Binder  : 	at inq.b(PG:3)
11-06 18:00:39.702  9744  9787 W Binder  : 	at inq.gt(PG:34)
11-06 18:00:39.702  9744  9787 W Binder  : 	at dgw.onTransact(PG:21)
11-06 18:00:39.702  9744  9787 W Binder  : 	at android.os.Binder.execTransactInternal(Binder.java:1566)
11-06 18:00:39.702  9744  9787 W Binder  : 	at android.os.Binder.execTransact(Binder.java:1505)
11-06 18:00:39.702  9744  9744 I InputBundle: InputBundle.consumeEvent():1033 Skip consuming an event as keyboard status is INACTIVE
11-06 18:00:39.703  9744  9744 I LatinIme: LatinIme.resetInputContext():2250 resetInputContext(): reason=1, externalEditsInfo=ExternalEditsInfo{action=0, offset=-1, text=null, originalText=null, edits=null}
11-06 18:00:39.703  9744  9744 I InputBundle: InputBundle.consumeEvent():1033 Skip consuming an event as keyboard status is INACTIVE
11-06 18:00:39.703  9744 26859 W Binder  : Caught a RuntimeException from the binder stub implementation.
11-06 18:00:39.703  9744 26859 W Binder  : java.lang.UnsupportedOperationException
11-06 18:00:39.703  9744 26859 W Binder  : 	at inq.b(PG:3)
11-06 18:00:39.703  9744 26859 W Binder  : 	at inq.gt(PG:34)
11-06 18:00:39.703  9744 26859 W Binder  : 	at dgw.onTransact(PG:21)
11-06 18:00:39.703  9744 26859 W Binder  : 	at android.os.Binder.execTransactInternal(Binder.java:1566)
11-06 18:00:39.703  9744 26859 W Binder  : 	at android.os.Binder.execTransact(Binder.java:1505)
11-06 18:00:39.704  9744  9744 I KeyboardWrapper: KeyboardWrapper.activateKeyboard():581 activateKeyboard(): type=prime, status=INACTIVE, imeDef=mnu{stringId=ime_english_united_states, language=en-US, languageTag=en-US, processedConditions={writing_helper_enable_by_word_revert=false, true=true, enable_number_row=true, device=phone, enable_pk_simulator=false}, className=com.google.android.apps.inputmethod.libs.latin5.LatinIme, label=0, keyEventInterpreter=null, inlineComposing=true, autoCapital=true, announceAutoSelectedCandidate=true, statusIcon=0, indicatorIcon=0, indicatorLabel=US, displayAppCompletions=true, extraValues=mnn{#0x7f0b02e2=TypedValue{t=0x3/d=0x0 "com.google.android.apps.inputmethod.libs.latin5.LatinIme"}}, processors=mpl@77f78d1, unacceptableMetaKeys=4098, languageSpecificSettings=0, asciiCapable=true, alwaysShowSuggestions=false, useAsciiPasswordKeyboard=false, keyboardGroupDef=mou@3b6d5db, phenotypeFlagId=0, localizationLanguageTag=null, supportsInlineSuggestion=true}
11-06 18:00:39.704  9744  9744 I KeyboardManager: KeyboardManager.requestKeyboard():248 Creating keyboard prime, imeId=ime_english_united_states, cacheKey=theme,!gsf,!pgsans,!pgsf,!use_system_font,BORDER,FLAVOR_DPI=XXHDPI,GOOGLE_ICONS,KEYBOARD_WIDTH_CATEGORY=NORMAL,KEY_BORDER_SHAPE=1,LIGHT_THEME=false,PHYSICAL_DIAGONAL=5.748144,POPUP,SCREEN_SHORTEST_WIDTH=393,SCREEN_SHORTEST_WIDTH_NO_SCALE=393,XXHDPI,bottom4dp,enable_emoji_kitchen_browse_color_v2=true,enable_google_fonts_icons=true,enable_popup_on_keypress=true,keyboard_redesign_google_sans=true,non_linear_scale,noshadow,overlay_builtin_dynamic_color_dark_base.binarypb:gm3-dark-ff131313-ffffffff-4d9204e36e3ccb6a165e3e3dbe763ce0,roundedchip,silkpopup
11-06 18:00:39.705  9744  9744 I KeyboardWrapper: KeyboardWrapper.onKeyboardReady():224 onKeyboardReady(): type=prime(prime), kb=com.google.android.apps.inputmethod.latin.keyboard.LatinPrimeKeyboard@3fcde75
11-06 18:00:39.705  9744  9744 I KeyboardWrapper: KeyboardWrapper.doActivateKeyboard():611 doActivateKeyboard(): prime
11-06 18:00:39.708  9744 26859 W Binder  : Caught a RuntimeException from the binder stub implementation.
11-06 18:00:39.708  9744 26859 W Binder  : java.lang.UnsupportedOperationException
11-06 18:00:39.708  9744 26859 W Binder  : 	at inq.b(PG:3)
11-06 18:00:39.708  9744 26859 W Binder  : 	at inq.gt(PG:34)
11-06 18:00:39.708  9744 26859 W Binder  : 	at dgw.onTransact(PG:21)
11-06 18:00:39.708  9744 26859 W Binder  : 	at android.os.Binder.execTransactInternal(Binder.java:1566)
11-06 18:00:39.708  9744 26859 W Binder  : 	at android.os.Binder.execTransact(Binder.java:1505)
11-06 18:00:39.709  9744  9744 I KeyboardViewHelper: KeyboardViewHelper.getView():180 Get view with height ratio:1.000000
11-06 18:00:39.710  9744 26859 W Binder  : Caught a RuntimeException from the binder stub implementation.
11-06 18:00:39.710  9744 26859 W Binder  : java.lang.UnsupportedOperationException
11-06 18:00:39.710  9744 26859 W Binder  : 	at inq.b(PG:3)
11-06 18:00:39.710  9744 26859 W Binder  : 	at inq.gt(PG:34)
11-06 18:00:39.710  9744 26859 W Binder  : 	at dgw.onTransact(PG:21)
11-06 18:00:39.710  9744 26859 W Binder  : 	at android.os.Binder.execTransactInternal(Binder.java:1566)
11-06 18:00:39.710  9744 26859 W Binder  : 	at android.os.Binder.execTransact(Binder.java:1505)
11-06 18:00:39.710  9744  9744 I KeyboardHeightUtil: KeyboardHeightUtil.calculateMaxKeyboardBodyHeight():50 leave 267 height for app when ime window height:2171, header height:121 and isFullscreenMode:false, so the max keyboard body height is:1783
11-06 18:00:39.711  9744  9744 I GlobeKeyExtension: GlobeKeyExtension.getKeyboardInitialStates():175 
11-06 18:00:39.711  9744 26859 W Binder  : Caught a RuntimeException from the binder stub implementation.
11-06 18:00:39.711  9744 26859 W Binder  : java.lang.UnsupportedOperationException
11-06 18:00:39.711  9744 26859 W Binder  : 	at inq.b(PG:3)
11-06 18:00:39.711  9744 26859 W Binder  : 	at inq.gt(PG:34)
11-06 18:00:39.711  9744 26859 W Binder  : 	at dgw.onTransact(PG:21)
11-06 18:00:39.711  9744 26859 W Binder  : 	at android.os.Binder.execTransactInternal(Binder.java:1566)
11-06 18:00:39.711  9744 26859 W Binder  : 	at android.os.Binder.execTransact(Binder.java:1505)
11-06 18:00:39.711  9744  9744 W Keyboard: Keyboard.getKeyboardViewHelper():602 null helper is returned: keyboardDef=moo{processedConditions={show_comma_key=true, enable_more_candidates_view_for_multilingual=false, layout_9key_split=false, enable_secondary_symbols=false, pref_enable_flick_symbols=false, language=en-US, deprecate_long_press_space_for_ime_picker=false, expressions=normal, android_software_xr_api_spatial=false, enable_flick_symbols=true, variant=qwerty, show_period_key=true, enable_number_row=true, device=phone, keyboard_mode=normal, show_secondary_digits=false, enable_preemptive_decode=true, enable_pk_simulator=false}, globalConditions={global_theme_key=theme,!gsf,!pgsans,!pgsf,!use_system_font,BORDER,FLAVOR_DPI=XXHDPI,GOOGLE_ICONS,KEYBOARD_WIDTH_CATEGORY=NORMAL,KEY_BORDER_SHAPE=1,LIGHT_THEME=false,PHYSICAL_DIAGONAL=5.748144,POPUP,SCREEN_SHORTEST_WIDTH=393,SCREEN_SHORTEST_WIDTH_NO_SCALE=393,XXHDPI,bottom4dp,enable_emoji_kitchen_browse_color_v2=true,enable_google_fonts_icons=true,enable_popup_on_keypress=true,keyboard_redesign_google_sans=true,non_linear_scale,noshadow,overlay_builtin_dynamic_color_dark_base.binarypb:gm3-dark-ff131313-ffffffff-4d9204e36e3ccb6a165e3e3dbe763ce0,roundedchip,silkpopup, global_locale=en_US, global_density_dpi=440, global_orientation=1}, className=.latin.keyboard.LatinPrimeKeyboard, resourceIds=[#0x7f1705fc, #0x7f17088e], initialStates=0, keyboardViewDefs=[mpc{direction=null, id=#0x7f0b0226, isScalable=true, layoutId=#0x7f0e029d, type=BODY, touchable=true, defaultShow=true}, mpc{direction=null, id=#0x7f0b0226, isScalable=false, layoutId=#0x7f0e01f9, type=FLOATING_CANDIDATES, touchable=false, defaultShow=false}, mpc{direction=LOCALE, id=#0x7f0b0226, isScalable=false, layoutId=#0x7f0e0502, type=HEADER, touchable=true, defaultShow=true}], persistentStates=0, persistentStatesPrefKey=null, popupBubbleLayoutId=#0x7f0e05f3, recentKeyLayoutId=0, recentKeyPopupLayoutId=0, recentKeyType=null, rememberRecentKey=NONE, sessionStates=17592186044419}, type=WIDGET, helpersCreated={HEADER=mau@d3df654, BODY=mau@d67a9fd, FLOATING_CANDIDATES=mau@19ca6f2}, context.getResources().getConfiguration(): {1.0 405mcc869mnc [en_US] ldltr sw393dp w393dp h790dp 440dpi nrml long port night finger -keyb/v/h -nav/h winConfig={ mBounds=Rect(0, 0 - 1080, 2392) mAppBounds=Rect(0, 103 - 1080, 2276) mMaxBounds=Rect(0, 0 - 1080, 2392) mDisplayRotation=ROTATION_0 mWindowingMode=fullscreen mActivityType=undefined mAlwaysOnTop=undefined mRotation=ROTATION_0 isEmbedding:false} s.669 fontWeightAdjustment=0 themeId=2 themeParameter=0 nightModeLevel = -1 typefaceChanged=0.0 ?spacesystem eaMode=1}
11-06 18:00:39.712  9744  9744 I KeyboardHeightUtil: KeyboardHeightUtil.calculateMaxKeyboardBodyHeight():50 leave 267 height for app when ime window height:2171, header height:121 and isFullscreenMode:false, so the max keyboard body height is:1783
11-06 18:00:39.713  9744  9744 I AndroidIME: InputBundleManager.startInput():358 startInput() with moy[keyboardType=prime, payload=null]
11-06 18:00:39.714  9744  9744 I GlobeKeyExtension: GlobeKeyExtension.onActivate():120 
11-06 18:00:39.714 23735 23735 I ImeTracker: com.a1taxi.boltexponativewind:2fddaa8f: onRequestShow at ORIGIN_CLIENT reason SHOW_SOFT_INPUT fromUser false
11-06 18:00:39.715  9744  9744 I LanguagePromoExtension: LanguagePromoExtension.checkDisplayPreconditions():174 Not show language promo: exceeds the max display times.
11-06 18:00:39.715  9744  9744 I HardKeyTracker: HardKeyTracker.unregisterKeySequence():221 Unregister key sequence njr{labelResId=2132020517, callback=cif@e7e870e, lastModifier=2, keyCodes=[56], actions=[0]}
11-06 18:00:39.716  9744  9744 I HardKeyTracker: HardKeyTracker.unregisterKeySequence():221 Unregister key sequence njr{labelResId=2132020517, callback=cif@bd9f52f, lastModifier=0, keyCodes=[317], actions=[0]}
11-06 18:00:39.716  9744  9744 I HardKeyTracker: HardKeyTracker.registerKeySequence():170 Register key sequence njr{labelResId=2132020517, callback=cif@a8a9d30, lastModifier=2, keyCodes=[56], actions=[0]}
11-06 18:00:39.716  9744  9744 I HardKeyTracker: HardKeyTracker.registerKeySequence():170 Register key sequence njr{labelResId=2132020517, callback=cif@1a56f2e, lastModifier=0, keyCodes=[317], actions=[0]}
11-06 18:00:39.716  9744  9744 I VoiceInputManagerWrapper: VoiceInputManagerWrapper.cancelShutdown():109 cancelShutdown()
11-06 18:00:39.716  9744  9744 I VoiceInputManagerWrapper: VoiceInputManagerWrapper.syncLanguagePacks():121 syncLanguagePacks()
11-06 18:00:39.716  9744  9744 I VoiceInputManager: VoiceInputManager.onKeyboardActivated():1206 onKeyboardActivated() [UD]
11-06 18:00:39.717  9744 25841 I SpeechFactory: SpeechRecognitionFactory.maybeScheduleAutoPackDownloadForFallback():217 maybeScheduleAutoPackDownloadForFallback()
11-06 18:00:39.717  9744  9744 I PkModeUpdater: PkModeUpdater.onActivate():74 onActivate false true
11-06 18:00:39.717  9744 25841 I FallbackOnDeviceRecognitionProvider: FallbackOnDeviceRecognitionProvider.maybeScheduleAutoPackDownload():205 maybeScheduleAutoPackDownload() for language tag en-US
11-06 18:00:39.717  9744  9744 I AccessoryInputModeManager: AccessoryInputModeManager.onModeStarted():318 Accessory input mode started: null
11-06 18:00:39.717  9744  9744 W SupplementaryKeyboardsWrapper: SupplementaryKeyboardsWrapper.deactivateKeyboard():161 keyboard accessory_candidates_consumer is not activated before!
11-06 18:00:39.718  9744  9744 I KeyboardModeUtils: KeyboardModeUtils.getKeyboardBottomOffset():435 inch: 0.000000 ydpi: 387.429993 adjustKeyboardBottomByDisplaySize: false currentDensityDpi: 440 defaultDensityDpi: 440 keyboardBottomToScreenPx: 0 keyboardBottomToNavBarPx: -116 navBarHeight: 116
11-06 18:00:39.718  9744  9744 I KeyboardHeightUtil: KeyboardHeightUtil.calculateMaxKeyboardBodyHeight():50 leave 267 height for app when ime window height:2171, header height:121 and isFullscreenMode:false, so the max keyboard body height is:1783
11-06 18:00:39.718  9744  9744 I KeyboardHeightUtil: KeyboardHeightUtil.calculateMaxKeyboardBodyHeight():50 leave 267 height for app when ime window height:2171, header height:121 and isFullscreenMode:false, so the max keyboard body height is:1783
11-06 18:00:39.718  9744  9744 I AndroidIME: KeyboardViewManager.updateKeyboardBodyViewHolderPaddingBottom():472 Set finalPaddingBottom = 5 while holderPaddingBottom = 5; navigationHeight = 116
11-06 18:00:39.718  9744  9744 I KeyboardHeightUtil: KeyboardHeightUtil.calculateMaxKeyboardBodyHeight():50 leave 267 height for app when ime window height:2171, header height:121 and isFullscreenMode:false, so the max keyboard body height is:1783
11-06 18:00:39.718  9744  9744 I KeyboardHeightUtil: KeyboardHeightUtil.calculateMaxKeyboardBodyHeight():50 leave 267 height for app when ime window height:2171, header height:121 and isFullscreenMode:false, so the max keyboard body height is:1783
11-06 18:00:39.718  9744  9744 W NormalModeController: NormalModeController.adjustKeyboardBodyHeightRatio():214 Invalid height ratio from decoder -1.000000!
11-06 18:00:39.718  9744  9744 W ExtensionWrapper: ExtensionWrapper.setExtensionViewVisibility():811 interface mdz is not activate
11-06 18:00:39.719  9744  9744 I Module  : DeviceLockedStatusModuleProvider$Module.updateDeviceLockedStatus():103 repeatCheckTimes = 1, locked = false
11-06 18:00:39.720  9744  9744 I HardKeyTracker: HardKeyTracker.unregisterKeySequence():221 Unregister key sequence njr{labelResId=2132020517, callback=cif@51e3b28, lastModifier=2, keyCodes=[56], actions=[0]}
11-06 18:00:39.720  9744  9744 I HardKeyTracker: HardKeyTracker.unregisterKeySequence():221 Unregister key sequence njr{labelResId=2132020517, callback=cif@cd59041, lastModifier=0, keyCodes=[317], actions=[0]}
11-06 18:00:39.720  9744  9744 I HardKeyTracker: HardKeyTracker.registerKeySequence():170 Register key sequence njr{labelResId=2132020517, callback=cif@8178b65, lastModifier=2, keyCodes=[56], actions=[0]}
11-06 18:00:39.720  9744  9744 I HardKeyTracker: HardKeyTracker.registerKeySequence():170 Register key sequence njr{labelResId=2132020517, callback=cif@39d503a, lastModifier=0, keyCodes=[317], actions=[0]}
11-06 18:00:39.721  9744  9744 I HardKeyTracker: HardKeyTracker.unregisterKeySequence():221 Unregister key sequence njr{labelResId=2132020521, callback=cif@c2869e6, lastModifier=2, keyCodes=[48], actions=[0]}
11-06 18:00:39.721  9744  9744 I HardKeyTracker: HardKeyTracker.registerKeySequence():170 Register key sequence njr{labelResId=2132020521, callback=cif@f4904eb, lastModifier=2, keyCodes=[48], actions=[0]}
11-06 18:00:39.721  9744  9744 I HardKeyTracker: HardKeyTracker.unregisterKeySequence():221 Unregister key sequence njr{labelResId=2132020521, callback=cif@b5d5b27, lastModifier=2, keyCodes=[48], actions=[0]}
11-06 18:00:39.721  9744  9744 I HardKeyTracker: HardKeyTracker.registerKeySequence():170 Register key sequence njr{labelResId=2132020521, callback=cif@87a78e1, lastModifier=2, keyCodes=[48], actions=[0]}
11-06 18:00:39.721  9744 26859 W Binder  : Caught a RuntimeException from the binder stub implementation.
11-06 18:00:39.721  9744 26859 W Binder  : java.lang.UnsupportedOperationException
11-06 18:00:39.721  9744 26859 W Binder  : 	at inq.b(PG:3)
11-06 18:00:39.721  9744 26859 W Binder  : 	at inq.gt(PG:34)
11-06 18:00:39.721  9744 26859 W Binder  : 	at dgw.onTransact(PG:21)
11-06 18:00:39.721  9744 26859 W Binder  : 	at android.os.Binder.execTransactInternal(Binder.java:1566)
11-06 18:00:39.721  9744 26859 W Binder  : 	at android.os.Binder.execTransact(Binder.java:1505)
11-06 18:00:39.721  9744  9744 I VoiceImeExtension: VoiceImeExtension.shouldStartVoiceInputAutomaticallyInCurrentInputBox():378 No private IME option set to start voice input.
11-06 18:00:39.721  9744  9744 I HardKeyTracker: HardKeyTracker.unregisterKeySequence():221 Unregister key sequence njr{labelResId=2132020522, callback=cif@fafe1d4, lastModifier=2, keyCodes=[32], actions=[0]}
11-06 18:00:39.722  9744  9744 I HardKeyTracker: HardKeyTracker.registerKeySequence():170 Register key sequence njr{labelResId=2132020522, callback=cif@c003606, lastModifier=2, keyCodes=[32], actions=[0]}
11-06 18:00:39.722 23735 23735 D ViewRootImpl: AppSizeAfterRelayout, size: Point(77, 74), rotation: ROTATION_0
11-06 18:00:39.722 23735 23735 D BufferQueueConsumer: [](id:5cb700000002,api:0,p:-1,c:23735) connect: controlledByApp=false
11-06 18:00:39.723 23735 23735 D BLASTBufferQueue: [VRI[PopupWindow:21c9206]#2](f:0,a:0) constructor()
11-06 18:00:39.723 23735 23735 D BLASTBufferQueue: [VRI[PopupWindow:21c9206]#2](f:0,a:0) update width=77 height=74 format=-3 mTransformHint=0
11-06 18:00:39.723  9744  9744 I HardKeyTracker: HardKeyTracker.unregisterKeySequence():221 Unregister key sequence njr{labelResId=2132020522, callback=cif@e8c9135, lastModifier=2, keyCodes=[32], actions=[0]}
11-06 18:00:39.724  9744  9744 I HardKeyTracker: HardKeyTracker.registerKeySequence():170 Register key sequence njr{labelResId=2132020522, callback=cif@4af2663, lastModifier=2, keyCodes=[32], actions=[0]}
11-06 18:00:39.726  9744 26859 W Binder  : Caught a RuntimeException from the binder stub implementation.
11-06 18:00:39.726  9744 26859 W Binder  : java.lang.UnsupportedOperationException
11-06 18:00:39.726  9744 26859 W Binder  : 	at inq.b(PG:3)
11-06 18:00:39.726  9744 26859 W Binder  : 	at inq.gt(PG:34)
11-06 18:00:39.726  9744 26859 W Binder  : 	at dgw.onTransact(PG:21)
11-06 18:00:39.726  9744 26859 W Binder  : 	at android.os.Binder.execTransactInternal(Binder.java:1566)
11-06 18:00:39.726  9744 26859 W Binder  : 	at android.os.Binder.execTransact(Binder.java:1505)
11-06 18:00:39.727 23735 27400 D BLASTBufferQueue: [VRI[PopupWindow:21c9206]#2](f:0,a:1) acquireNextBufferLocked size=77x74 mFrameNumber=1 applyTransaction=true mTimestamp=111546886720570(auto) mPendingTransactions.size=0 graphicBufferId=101941048770574 transform=0
11-06 18:00:39.736  9744  9744 D ViewRootImpl: AppSizeAfterRelayout, size: Point(1080, 2287), rotation: ROTATION_0
11-06 18:00:39.737  9744  9744 D BufferQueueConsumer: [](id:261000000294,api:0,p:-1,c:9744) connect: controlledByApp=false
11-06 18:00:39.737  9744  9744 D BLASTBufferQueue: [VRI[InputMethod]#660](f:0,a:0) constructor()
11-06 18:00:39.737  9744  9744 D BLASTBufferQueue: [VRI[InputMethod]#660](f:0,a:0) update width=1080 height=2287 format=-2 mTransformHint=0
11-06 18:00:39.738  9744  9744 I KeyboardModeUtils: KeyboardModeUtils.getKeyboardBottomOffset():435 inch: 0.000000 ydpi: 387.429993 adjustKeyboardBottomByDisplaySize: false currentDensityDpi: 440 defaultDensityDpi: 440 keyboardBottomToScreenPx: 0 keyboardBottomToNavBarPx: -116 navBarHeight: 116
11-06 18:00:39.738  9744  9744 I KeyboardHeightUtil: KeyboardHeightUtil.calculateMaxKeyboardBodyHeight():50 leave 267 height for app when ime window height:2171, header height:121 and isFullscreenMode:false, so the max keyboard body height is:1783
11-06 18:00:39.738  9744  9744 I KeyboardHeightUtil: KeyboardHeightUtil.calculateMaxKeyboardBodyHeight():50 leave 267 height for app when ime window height:2171, header height:121 and isFullscreenMode:false, so the max keyboard body height is:1783
11-06 18:00:39.738  9744  9744 I AndroidIME: KeyboardViewManager.updateKeyboardBodyViewHolderPaddingBottom():472 Set finalPaddingBottom = 5 while holderPaddingBottom = 5; navigationHeight = 116
11-06 18:00:39.738  9744  9744 I WindowMetricsNotification: WindowMetricsNotification.notifyWithWindow():166 
11-06 18:00:39.738  9744  9744 I WindowMetricsNotification: WindowMetricsNotification.notify():159 pjl[bounds=Rect(0, 105 - 1080, 2392), insets=Rect(0, 0 - 0, 116), densityDpi=440, smallestScreenWidthDp=393, displayWidth=1080, displayHeight=2392, xdpi=387.43, ydpi=387.43, isTrustable=true, displayId=0]; DisplayMetrics{density=2.75, width=1080, height=2392, scaledDensity=2.75, xdpi=387.43, ydpi=387.43}
11-06 18:00:39.748  9744 15127 D BLASTBufferQueue: [VRI[InputMethod]#660](f:0,a:1) acquireNextBufferLocked size=1080x2287 mFrameNumber=1 applyTransaction=true mTimestamp=111546907151570(auto) mPendingTransactions.size=0 graphicBufferId=41850161334238 transform=0
11-06 18:00:39.749  9744  9744 I GoogleInputMethodService: GoogleInputMethodService$1.onKeyboardViewShown():326 onKeyboardViewShown: keyboardType=prime, keyboardViewType=HEADER keyboardView=com.google.android.libraries.inputmethod.widgets.SoftKeyboardView{5b960c V.E...... ........ 0,0-1080,121}
11-06 18:00:39.750  9744  9744 I KeyboardHeightUtil: KeyboardHeightUtil.calculateMaxKeyboardBodyHeight():50 leave 267 height for app when ime window height:2171, header height:121 and isFullscreenMode:false, so the max keyboard body height is:1783
11-06 18:00:39.750  9744  9744 I GoogleInputMethodService: GoogleInputMethodService$1.onKeyboardViewShown():326 onKeyboardViewShown: keyboardType=prime, keyboardViewType=BODY keyboardView=com.google.android.libraries.inputmethod.widgets.SoftKeyboardView{99f8b64 V.E...... ........ 0,0-1080,693}
11-06 18:00:39.750  9744  9744 I KeyboardHeightUtil: KeyboardHeightUtil.calculateMaxKeyboardBodyHeight():50 leave 267 height for app when ime window height:2171, header height:121 and isFullscreenMode:false, so the max keyboard body height is:1783
11-06 18:00:39.750  9744  9744 I GlobeKeyExtension: GlobeKeyExtension$1.onKeyboardViewShown():72 maybeDisableLanguageSwitchKeyPref when the keyboard is shown
11-06 18:00:39.751  9744  9744 I GlobeKeyExtension: GlobeKeyExtension.maybeDisableLanguageSwitchKeyPref():200 maybeDisableLanguageSwitchKeyPref hasGlobeKeyBeenDisabled: false, shouldDisableLanguageSwitchKey: false
11-06 18:00:39.751  9744  9744 I NewLanguagePromptExtension: NewLanguagePromptExtension$1.onKeyboardViewShown():98 Not show new language banner: no change in enabled input method entries
11-06 18:00:39.751  9744  9744 I DynamicLayoutHandler: DynamicLayoutHandler.loadDynamicKeys():83 This isn't a dynamic layout.
11-06 18:00:39.751  9744  9744 I StylusModule: StylusModule.onUpdateToolType():799 Update tool type = 1
11-06 18:00:39.752  9744  9957 I Delight5Decoder: Delight5DecoderWrapper.setKeyboardLayout():536 setKeyboardLayout()
11-06 18:00:39.753  9744  9744 I DynamicLayoutHandler: DynamicLayoutHandler.loadDynamicKeys():83 This isn't a dynamic layout.
11-06 18:00:39.754  9744  9744 I KeyboardModeUtils: KeyboardModeUtils.getKeyboardBottomOffset():435 inch: 0.000000 ydpi: 387.429993 adjustKeyboardBottomByDisplaySize: false currentDensityDpi: 440 defaultDensityDpi: 440 keyboardBottomToScreenPx: 0 keyboardBottomToNavBarPx: -116 navBarHeight: 116
11-06 18:00:39.754  9744  9744 I KeyboardHeightUtil: KeyboardHeightUtil.calculateMaxKeyboardBodyHeight():50 leave 267 height for app when ime window height:2171, header height:121 and isFullscreenMode:false, so the max keyboard body height is:1783
11-06 18:00:39.754  9744  9744 I KeyboardHeightUtil: KeyboardHeightUtil.calculateMaxKeyboardBodyHeight():50 leave 267 height for app when ime window height:2171, header height:121 and isFullscreenMode:false, so the max keyboard body height is:1783
11-06 18:00:39.754  9744  9744 I AndroidIME: KeyboardViewManager.updateKeyboardBodyViewHolderPaddingBottom():472 Set finalPaddingBottom = 5 while holderPaddingBottom = 5; navigationHeight = 116
11-06 18:00:39.754  9744  9957 I Delight5Decoder: Delight5DecoderWrapper.setKeyboardLayout():536 setKeyboardLayout()
11-06 18:00:39.759 23735 23735 D InsetsController: show(ime(), fromIme=true)
11-06 18:00:39.760  9744 26859 W Binder  : Caught a RuntimeException from the binder stub implementation.
11-06 18:00:39.760  9744 26859 W Binder  : java.lang.UnsupportedOperationException
11-06 18:00:39.760  9744 26859 W Binder  : 	at inq.b(PG:3)
11-06 18:00:39.760  9744 26859 W Binder  : 	at inq.gt(PG:34)
11-06 18:00:39.760  9744 26859 W Binder  : 	at dgw.onTransact(PG:21)
11-06 18:00:39.760  9744 26859 W Binder  : 	at android.os.Binder.execTransactInternal(Binder.java:1566)
11-06 18:00:39.760  9744 26859 W Binder  : 	at android.os.Binder.execTransact(Binder.java:1505)
11-06 18:00:39.762  9744 26859 W Binder  : Caught a RuntimeException from the binder stub implementation.
11-06 18:00:39.762  9744 26859 W Binder  : java.lang.UnsupportedOperationException
11-06 18:00:39.762  9744 26859 W Binder  : 	at inq.b(PG:3)
11-06 18:00:39.762  9744 26859 W Binder  : 	at inq.gt(PG:34)
11-06 18:00:39.762  9744 26859 W Binder  : 	at dgw.onTransact(PG:21)
11-06 18:00:39.762  9744 26859 W Binder  : 	at android.os.Binder.execTransactInternal(Binder.java:1566)
11-06 18:00:39.762  9744 26859 W Binder  : 	at android.os.Binder.execTransact(Binder.java:1505)
11-06 18:00:39.905  9744  9744 W TooltipLifecycleManager: TooltipLifecycleManager.dismissTooltips():153 Tooltip with id spell_check_add_to_dictionary not found in tooltipManager.
11-06 18:00:39.973 23735 23735 I ImeTracker: com.a1taxi.boltexponativewind:2fddaa8f: onShown
11-06 18:00:40.678  9744  9744 W TooltipLifecycleManager: TooltipLifecycleManager.dismissTooltips():153 Tooltip with id SUGGESTION_VIEW_EDU_MINI_DIALOG not found in tooltipManager.
11-06 18:00:40.707 23735 23735 W WindowOnBackDispatcher: sendCancelIfRunning: isInProgress=false callback=android.view.ViewRootImpl$$ExternalSyntheticLambda11@9d22f19
11-06 18:00:40.710 23735 23735 D BLASTBufferQueue: [VRI[PopupWindow:21c9206]#2](f:0,a:1) destructor()
11-06 18:00:40.710 23735 23735 D BufferQueueConsumer: [VRI[PopupWindow:21c9206]#2(BLAST Consumer)2](id:5cb700000002,api:0,p:-1,c:23735) disconnect
11-06 18:00:40.732  9744  9744 W TooltipLifecycleManager: TooltipLifecycleManager.dismissTooltips():153 Tooltip with id SUGGESTION_VIEW_EDU_MINI_DIALOG not found in tooltipManager.
11-06 18:00:40.787  9744  9744 W TooltipLifecycleManager: TooltipLifecycleManager.dismissTooltips():153 Tooltip with id SUGGESTION_VIEW_EDU_MINI_DIALOG not found in tooltipManager.
11-06 18:00:40.842  9744  9744 W TooltipLifecycleManager: TooltipLifecycleManager.dismissTooltips():153 Tooltip with id SUGGESTION_VIEW_EDU_MINI_DIALOG not found in tooltipManager.
11-06 18:00:40.895  9744  9744 W TooltipLifecycleManager: TooltipLifecycleManager.dismissTooltips():153 Tooltip with id SUGGESTION_VIEW_EDU_MINI_DIALOG not found in tooltipManager.
11-06 18:00:40.969  3835  3835 V InlinePresentationRendererServiceImpl: onRenderSuggestion: width=-2, height=-2
11-06 18:00:40.991  9744  9744 W TooltipLifecycleManager: TooltipLifecycleManager.dismissTooltips():153 Tooltip with id SUGGESTION_VIEW_EDU_MINI_DIALOG not found in tooltipManager.
11-06 18:00:40.992  9744  9744 I GoogleInputMethodService: GoogleInputMethodService.onStartInput():1347 onStartInput(EditorInfo{EditorInfo{packageName=com.a1taxi.boltexponativewind, inputType=1, inputTypeString=Normal[], enableLearning=true, autoCorrection=true, autoComplete=true, imeOptions=8000006, privateImeOptions=null, actionName=DONE, actionLabel=null, initialSelStart=0, initialSelEnd=0, initialCapsMode=3000, label=null, fieldId=40, fieldName=null, extras=Bundle[mParcelledData.dataSize=404], hintText=non-empty, hintLocales=[]}}, true)
11-06 18:00:40.992  9744  9744 W SessionManager: SessionManager.beginSession():53 Try to begin an already begun session [INPUT_SESSION], end it first
11-06 18:00:40.993  9744  9744 W SessionManager: SessionManager.endSession():96 Child session [INPUT_VIEW_SESSION] is not ended while ending session [{INPUT_VIEW_SESSION=1762432239695, TRAINING_CACHE_SESSION=1762432239697, INPUT_SESSION=1762432239690, IME_SESSION=1762432239696}], ending it now.
11-06 18:00:40.993  9744  9744 W SessionManager: SessionManager.endSession():96 Child session [IME_SESSION] is not ended while ending session [{INPUT_VIEW_SESSION=1762432239695, TRAINING_CACHE_SESSION=1762432239697, INPUT_SESSION=1762432239690, IME_SESSION=1762432239696}], ending it now.
11-06 18:00:40.995  9744  9744 I Module  : DeviceLockedStatusModuleProvider$Module.updateDeviceLockedStatus():103 repeatCheckTimes = 1, locked = false
11-06 18:00:40.996  9744  9744 I GoogleInputMethodService: GoogleInputMethodService.onStartInputView():1440 onStartInputView(EditorInfo{EditorInfo{packageName=com.a1taxi.boltexponativewind, inputType=1, inputTypeString=Normal[], enableLearning=true, autoCorrection=true, autoComplete=true, imeOptions=8000006, privateImeOptions=null, actionName=DONE, actionLabel=null, initialSelStart=0, initialSelEnd=0, initialCapsMode=3000, label=null, fieldId=40, fieldName=null, extras=Bundle[{android.support.text.emoji.emojiCompat_metadataVersion=11, androidx.core.view.inputmethod.EditorInfoCompat.STYLUS_HANDWRITING_ENABLED=true, android.support.text.emoji.emojiCompat_replaceAll=false}], hintText=non-empty, hintLocales=[]}}, true)
11-06 18:00:40.998  9744  9744 I InputBundle: InputBundle.consumeEvent():1033 Skip consuming an event as keyboard status is INACTIVE
11-06 18:00:41.001  9744  9744 I AndroidIME: AbstractIme.onDeactivate():216 LatinIme.onDeactivate()
11-06 18:00:41.002  9744  9744 W SessionManager: SessionManager.endSession():88 Try to end a not begun session [IME_SESSION].
11-06 18:00:41.002  9744  9744 I KeyboardHeightUtil: KeyboardHeightUtil.getOemKeyboardHeightRatio():108 systemKeyboardHeightRatio:1.000000.
11-06 18:00:41.006  9744  9744 I AndroidIME: InputBundleManager.loadActiveInputBundleId():528 loadActiveInputBundleId: en-US, ime_english_united_states
11-06 18:00:41.006  9744  9744 I AndroidIME: AbstractIme.onActivate():96 LatinIme.onActivate() : EditorInfo = EditorInfo{packageName=com.a1taxi.boltexponativewind, inputType=1, inputTypeString=Normal[], enableLearning=true, autoCorrection=true, autoComplete=true, imeOptions=8000006, privateImeOptions=null, actionName=DONE, actionLabel=null, initialSelStart=0, initialSelEnd=0, initialCapsMode=3000, label=null, fieldId=40, fieldName=null, extras=Bundle[{android.support.text.emoji.emojiCompat_metadataVersion=11, androidx.core.view.inputmethod.EditorInfoCompat.STYLUS_HANDWRITING_ENABLED=true, android.support.text.emoji.emojiCompat_replaceAll=false}], hintText=non-empty, hintLocales=[]}, IncognitoMode = false, DeviceLocked = false
11-06 18:00:41.007  9744  9744 I Delight5Facilitator: Delight5Facilitator.initializeForIme():741 initializeForIme() : Locale = [en_US], layout = qwerty
11-06 18:00:41.008  9744  9744 I LatinIme: LatinIme.updateEnableInlineSuggestionsOnDecoderSideFlags():1246 inline flag updated to:false
11-06 18:00:41.009  9744  9744 I LatinIme: LatinIme.updateEnableInlineSuggestionsOnDecoderSideFlags():1246 inline flag updated to:false
11-06 18:00:41.011  9744  9744 I LatinIme: LatinIme.resetInputContext():2250 resetInputContext(): reason=1, externalEditsInfo=ExternalEditsInfo{action=0, offset=-1, text=null, originalText=null, edits=null}
11-06 18:00:41.011  9744 26859 W Binder  : Caught a RuntimeException from the binder stub implementation.
11-06 18:00:41.011  9744 26859 W Binder  : java.lang.UnsupportedOperationException
11-06 18:00:41.011  9744 26859 W Binder  : 	at inq.b(PG:3)
11-06 18:00:41.011  9744 26859 W Binder  : 	at inq.gt(PG:34)
11-06 18:00:41.011  9744 26859 W Binder  : 	at dgw.onTransact(PG:21)
11-06 18:00:41.011  9744 26859 W Binder  : 	at android.os.Binder.execTransactInternal(Binder.java:1566)
11-06 18:00:41.011  9744 26859 W Binder  : 	at android.os.Binder.execTransact(Binder.java:1505)
11-06 18:00:41.011  9744  9744 I InputBundle: InputBundle.consumeEvent():1033 Skip consuming an event as keyboard status is INACTIVE
11-06 18:00:41.012  9744  9851 I OnDeviceWmrCalculator: OnDeviceWmrCalculator.calculateWmr():94 WMR: -1.0000 (0 / 0)
11-06 18:00:41.013  9744  9744 I KeyboardWrapper: KeyboardWrapper.activateKeyboard():581 activateKeyboard(): type=prime, status=INACTIVE, imeDef=mnu{stringId=ime_english_united_states, language=en-US, languageTag=en-US, processedConditions={writing_helper_enable_by_word_revert=false, true=true, enable_number_row=true, device=phone, enable_pk_simulator=false}, className=com.google.android.apps.inputmethod.libs.latin5.LatinIme, label=0, keyEventInterpreter=null, inlineComposing=true, autoCapital=true, announceAutoSelectedCandidate=true, statusIcon=0, indicatorIcon=0, indicatorLabel=US, displayAppCompletions=true, extraValues=mnn{#0x7f0b02e2=TypedValue{t=0x3/d=0x0 "com.google.android.apps.inputmethod.libs.latin5.LatinIme"}}, processors=mpl@77f78d1, unacceptableMetaKeys=4098, languageSpecificSettings=0, asciiCapable=true, alwaysShowSuggestions=false, useAsciiPasswordKeyboard=false, keyboardGroupDef=mou@3b6d5db, phenotypeFlagId=0, localizationLanguageTag=null, supportsInlineSuggestion=true}
11-06 18:00:41.013  9744  9744 I KeyboardManager: KeyboardManager.requestKeyboard():248 Creating keyboard prime, imeId=ime_english_united_states, cacheKey=theme,!gsf,!pgsans,!pgsf,!use_system_font,BORDER,FLAVOR_DPI=XXHDPI,GOOGLE_ICONS,KEYBOARD_WIDTH_CATEGORY=NORMAL,KEY_BORDER_SHAPE=1,LIGHT_THEME=false,PHYSICAL_DIAGONAL=5.748144,POPUP,SCREEN_SHORTEST_WIDTH=393,SCREEN_SHORTEST_WIDTH_NO_SCALE=393,XXHDPI,bottom4dp,enable_emoji_kitchen_browse_color_v2=true,enable_google_fonts_icons=true,enable_popup_on_keypress=true,keyboard_redesign_google_sans=true,non_linear_scale,noshadow,overlay_builtin_dynamic_color_dark_base.binarypb:gm3-dark-ff131313-ffffffff-4d9204e36e3ccb6a165e3e3dbe763ce0,roundedchip,silkpopup
